This is pdfTeX, Version 3.141592653-2.6-1.40.29 (TeX Live 2026) (preloaded format=pdflatex 2026.4.15)  14 JUN 2026 21:08
entering extended mode
 restricted \write18 enabled.
 %&-line parsing enabled.
**OS161_LABS.tex
(./OS161_LABS.tex
LaTeX2e <2025-11-01>
L3 programming layer <2026-01-19>
(/usr/local/texlive/2026/texmf-dist/tex/latex/base/book.cls
Document Class: book 2025/01/22 v1.4n Standard LaTeX document class
(/usr/local/texlive/2026/texmf-dist/tex/latex/base/bk11.clo
File: bk11.clo 2025/01/22 v1.4n Standard LaTeX file (size option)
)
\c@part=\count275
\c@chapter=\count276
\c@section=\count277
\c@subsection=\count278
\c@subsubsection=\count279
\c@paragraph=\count280
\c@subparagraph=\count281
\c@figure=\count282
\c@table=\count283
\abovecaptionskip=\skip49
\belowcaptionskip=\skip50
\bibindent=\dimen148
)
(/usr/local/texlive/2026/texmf-dist/tex/latex/base/inputenc.sty
Package: inputenc 2024/02/08 v1.3d Input encoding file
\inpenc@prehook=\toks17
\inpenc@posthook=\toks18
)
(/usr/local/texlive/2026/texmf-dist/tex/latex/base/fontenc.sty
Package: fontenc 2025/07/18 v2.1d Standard LaTeX package
)
(/usr/local/texlive/2026/texmf-dist/tex/latex/lm/lmodern.sty
Package: lmodern 2015/05/01 v1.6.1 Latin Modern Fonts
LaTeX Font Info:    Overwriting symbol font `operators' in version `normal'
(Font)                  OT1/cmr/m/n --> OT1/lmr/m/n on input line 22.
LaTeX Font Info:    Overwriting symbol font `letters' in version `normal'
(Font)                  OML/cmm/m/it --> OML/lmm/m/it on input line 23.
LaTeX Font Info:    Overwriting symbol font `symbols' in version `normal'
(Font)                  OMS/cmsy/m/n --> OMS/lmsy/m/n on input line 24.
LaTeX Font Info:    Overwriting symbol font `largesymbols' in version `normal'
(Font)                  OMX/cmex/m/n --> OMX/lmex/m/n on input line 25.
LaTeX Font Info:    Overwriting symbol font `operators' in version `bold'
(Font)                  OT1/cmr/bx/n --> OT1/lmr/bx/n on input line 26.
LaTeX Font Info:    Overwriting symbol font `letters' in version `bold'
(Font)                  OML/cmm/b/it --> OML/lmm/b/it on input line 27.
LaTeX Font Info:    Overwriting symbol font `symbols' in version `bold'
(Font)                  OMS/cmsy/b/n --> OMS/lmsy/b/n on input line 28.
LaTeX Font Info:    Overwriting symbol font `largesymbols' in version `bold'
(Font)                  OMX/cmex/m/n --> OMX/lmex/m/n on input line 29.
LaTeX Font Info:    Overwriting math alphabet `\mathbf' in version `normal'
(Font)                  OT1/cmr/bx/n --> OT1/lmr/bx/n on input line 31.
LaTeX Font Info:    Overwriting math alphabet `\mathsf' in version `normal'
(Font)                  OT1/cmss/m/n --> OT1/lmss/m/n on input line 32.
LaTeX Font Info:    Overwriting math alphabet `\mathit' in version `normal'
(Font)                  OT1/cmr/m/it --> OT1/lmr/m/it on input line 33.
LaTeX Font Info:    Overwriting math alphabet `\mathtt' in version `normal'
(Font)                  OT1/cmtt/m/n --> OT1/lmtt/m/n on input line 34.
LaTeX Font Info:    Overwriting math alphabet `\mathbf' in version `bold'
(Font)                  OT1/cmr/bx/n --> OT1/lmr/bx/n on input line 35.
LaTeX Font Info:    Overwriting math alphabet `\mathsf' in version `bold'
(Font)                  OT1/cmss/bx/n --> OT1/lmss/bx/n on input line 36.
LaTeX Font Info:    Overwriting math alphabet `\mathit' in version `bold'
(Font)                  OT1/cmr/bx/it --> OT1/lmr/bx/it on input line 37.
LaTeX Font Info:    Overwriting math alphabet `\mathtt' in version `bold'
(Font)                  OT1/cmtt/m/n --> OT1/lmtt/m/n on input line 38.
)
(/usr/local/texlive/2026/texmf-dist/tex/latex/amsmath/amsmath.sty
Package: amsmath 2025/07/09 v2.17z AMS math features
\@mathmargin=\skip51

For additional information on amsmath, use the `?' option.
(/usr/local/texlive/2026/texmf-dist/tex/latex/amsmath/amstext.sty
Package: amstext 2024/11/17 v2.01 AMS text

(/usr/local/texlive/2026/texmf-dist/tex/latex/amsmath/amsgen.sty
File: amsgen.sty 1999/11/30 v2.0 generic functions
\@emptytoks=\toks19
\ex@=\dimen149
))
(/usr/local/texlive/2026/texmf-dist/tex/latex/amsmath/amsbsy.sty
Package: amsbsy 1999/11/29 v1.2d Bold Symbols
\pmbraise@=\dimen150
)
(/usr/local/texlive/2026/texmf-dist/tex/latex/amsmath/amsopn.sty
Package: amsopn 2022/04/08 v2.04 operator names
)
\inf@bad=\count284
LaTeX Info: Redefining \frac on input line 233.
\uproot@=\count285
\leftroot@=\count286
LaTeX Info: Redefining \overline on input line 398.
LaTeX Info: Redefining \colon on input line 409.
\classnum@=\count287
\DOTSCASE@=\count288
LaTeX Info: Redefining \ldots on input line 495.
LaTeX Info: Redefining \dots on input line 498.
LaTeX Info: Redefining \cdots on input line 619.
\Mathstrutbox@=\box53
\strutbox@=\box54
LaTeX Info: Redefining \big on input line 721.
LaTeX Info: Redefining \Big on input line 722.
LaTeX Info: Redefining \bigg on input line 723.
LaTeX Info: Redefining \Bigg on input line 724.
\big@size=\dimen151
LaTeX Font Info:    Redeclaring font encoding OML on input line 742.
LaTeX Font Info:    Redeclaring font encoding OMS on input line 743.
\macc@depth=\count289
LaTeX Info: Redefining \bmod on input line 904.
LaTeX Info: Redefining \pmod on input line 909.
LaTeX Info: Redefining \smash on input line 939.
LaTeX Info: Redefining \relbar on input line 969.
LaTeX Info: Redefining \Relbar on input line 970.
\c@MaxMatrixCols=\count290
\dotsspace@=\muskip17
\c@parentequation=\count291
\dspbrk@lvl=\count292
\tag@help=\toks20
\row@=\count293
\column@=\count294
\maxfields@=\count295
\andhelp@=\toks21
\eqnshift@=\dimen152
\alignsep@=\dimen153
\tagshift@=\dimen154
\tagwidth@=\dimen155
\totwidth@=\dimen156
\lineht@=\dimen157
\@envbody=\toks22
\multlinegap=\skip52
\multlinetaggap=\skip53
\mathdisplay@stack=\toks23
LaTeX Info: Redefining \[ on input line 2950.
LaTeX Info: Redefining \] on input line 2951.
)
(/usr/local/texlive/2026/texmf-dist/tex/latex/amsfonts/amssymb.sty
Package: amssymb 2013/01/14 v3.01 AMS font symbols

(/usr/local/texlive/2026/texmf-dist/tex/latex/amsfonts/amsfonts.sty
Package: amsfonts 2013/01/14 v3.01 Basic AMSFonts support
\symAMSa=\mathgroup4
\symAMSb=\mathgroup5
LaTeX Font Info:    Redeclaring math symbol \hbar on input line 98.
LaTeX Font Info:    Overwriting math alphabet `\mathfrak' in version `bold'
(Font)                  U/euf/m/n --> U/euf/b/n on input line 106.
))
(/usr/local/texlive/2026/texmf-dist/tex/latex/geometry/geometry.sty
Package: geometry 2026/03/07 v6.0 Page Geometry

(/usr/local/texlive/2026/texmf-dist/tex/latex/graphics/keyval.sty
Package: keyval 2022/05/29 v1.15 key=value parser (DPC)
\KV@toks@=\toks24
)
(/usr/local/texlive/2026/texmf-dist/tex/generic/iftex/ifvtex.sty
Package: ifvtex 2019/10/25 v1.7 ifvtex legacy package. Use iftex instead.

(/usr/local/texlive/2026/texmf-dist/tex/generic/iftex/iftex.sty
Package: iftex 2024/12/12 v1.0g TeX engine tests
))
\Gm@cnth=\count296
\Gm@cntv=\count297
\c@Gm@tempcnt=\count298
\Gm@bindingoffset=\dimen158
\Gm@wd@mp=\dimen159
\Gm@odd@mp=\dimen160
\Gm@even@mp=\dimen161
\Gm@layoutwidth=\dimen162
\Gm@layoutheight=\dimen163
\Gm@layouthoffset=\dimen164
\Gm@layoutvoffset=\dimen165
\Gm@dimlist=\toks25
)
(/usr/local/texlive/2026/texmf-dist/tex/latex/hyperref/hyperref.sty
Package: hyperref 2026-01-29 v7.01p Hypertext links for LaTeX

(/usr/local/texlive/2026/texmf-dist/tex/latex/kvsetkeys/kvsetkeys.sty
Package: kvsetkeys 2022-10-05 v1.19 Key value parser (HO)
)
(/usr/local/texlive/2026/texmf-dist/tex/generic/kvdefinekeys/kvdefinekeys.sty
Package: kvdefinekeys 2019-12-19 v1.6 Define keys (HO)
)
(/usr/local/texlive/2026/texmf-dist/tex/generic/pdfescape/pdfescape.sty
Package: pdfescape 2019/12/09 v1.15 Implements pdfTeX's escape features (HO)

(/usr/local/texlive/2026/texmf-dist/tex/generic/ltxcmds/ltxcmds.sty
Package: ltxcmds 2023-12-04 v1.26 LaTeX kernel commands for general use (HO)
)
(/usr/local/texlive/2026/texmf-dist/tex/generic/pdftexcmds/pdftexcmds.sty
Package: pdftexcmds 2020-06-27 v0.33 Utility functions of pdfTeX for LuaTeX (HO
)

(/usr/local/texlive/2026/texmf-dist/tex/generic/infwarerr/infwarerr.sty
Package: infwarerr 2019/12/03 v1.5 Providing info/warning/error messages (HO)
)
Package pdftexcmds Info: \pdf@primitive is available.
Package pdftexcmds Info: \pdf@ifprimitive is available.
Package pdftexcmds Info: \pdfdraftmode found.
))
(/usr/local/texlive/2026/texmf-dist/tex/latex/hycolor/hycolor.sty
Package: hycolor 2020-01-27 v1.10 Color options for hyperref/bookmark (HO)
)
(/usr/local/texlive/2026/texmf-dist/tex/latex/hyperref/nameref.sty
Package: nameref 2026-01-29 v2.58 Cross-referencing by name of section

(/usr/local/texlive/2026/texmf-dist/tex/latex/refcount/refcount.sty
Package: refcount 2019/12/15 v3.6 Data extraction from label references (HO)
)
(/usr/local/texlive/2026/texmf-dist/tex/generic/gettitlestring/gettitlestring.s
ty
Package: gettitlestring 2019/12/15 v1.6 Cleanup title references (HO)
 (/usr/local/texlive/2026/texmf-dist/tex/latex/kvoptions/kvoptions.sty
Package: kvoptions 2022-06-15 v3.15 Key value format for package options (HO)
))
\c@section@level=\count299
)
(/usr/local/texlive/2026/texmf-dist/tex/latex/etoolbox/etoolbox.sty
Package: etoolbox 2025/10/02 v2.5m e-TeX tools for LaTeX (JAW)
\etb@tempcnta=\count300
)
(/usr/local/texlive/2026/texmf-dist/tex/generic/stringenc/stringenc.sty
Package: stringenc 2019/11/29 v1.12 Convert strings between diff. encodings (HO
)
)
\@linkdim=\dimen166
\Hy@linkcounter=\count301
\Hy@pagecounter=\count302

(/usr/local/texlive/2026/texmf-dist/tex/latex/hyperref/pd1enc.def
File: pd1enc.def 2026-01-29 v7.01p Hyperref: PDFDocEncoding definition (HO)
Now handling font encoding PD1 ...
... no UTF-8 mapping file for font encoding PD1
)
(/usr/local/texlive/2026/texmf-dist/tex/generic/intcalc/intcalc.sty
Package: intcalc 2019/12/15 v1.3 Expandable calculations with integers (HO)
)
\Hy@SavedSpaceFactor=\count303

(/usr/local/texlive/2026/texmf-dist/tex/latex/hyperref/puenc.def
File: puenc.def 2026-01-29 v7.01p Hyperref: PDF Unicode definition (HO)
Now handling font encoding PU ...
... no UTF-8 mapping file for font encoding PU
)
Package hyperref Info: Hyper figures OFF on input line 4201.
Package hyperref Info: Link nesting OFF on input line 4206.
Package hyperref Info: Hyper index ON on input line 4209.
Package hyperref Info: Plain pages OFF on input line 4216.
Package hyperref Info: Backreferencing OFF on input line 4221.
Package hyperref Info: Implicit mode ON; LaTeX internals redefined.
Package hyperref Info: Bookmarks ON on input line 4468.
\c@Hy@tempcnt=\count304

(/usr/local/texlive/2026/texmf-dist/tex/latex/url/url.sty
\Urlmuskip=\muskip18
Package: url 2013/09/16  ver 3.4  Verb mode for urls, etc.
)
LaTeX Info: Redefining \url on input line 4807.
\XeTeXLinkMargin=\dimen167

(/usr/local/texlive/2026/texmf-dist/tex/generic/bitset/bitset.sty
Package: bitset 2019/12/09 v1.3 Handle bit-vector datatype (HO)

(/usr/local/texlive/2026/texmf-dist/tex/generic/bigintcalc/bigintcalc.sty
Package: bigintcalc 2019/12/15 v1.5 Expandable calculations on big integers (HO
)
))
\Fld@menulength=\count305
\Field@Width=\dimen168
\Fld@charsize=\dimen169
Package hyperref Info: Hyper figures OFF on input line 6084.
Package hyperref Info: Link nesting OFF on input line 6089.
Package hyperref Info: Hyper index ON on input line 6092.
Package hyperref Info: backreferencing OFF on input line 6099.
Package hyperref Info: Link coloring OFF on input line 6104.
Package hyperref Info: Link coloring with OCG OFF on input line 6109.
Package hyperref Info: PDF/A mode OFF on input line 6114.
\Hy@abspage=\count306
\c@Item=\count307
\c@Hfootnote=\count308
)
Package hyperref Info: Driver (autodetected): hpdftex.

(/usr/local/texlive/2026/texmf-dist/tex/latex/hyperref/hpdftex.def
File: hpdftex.def 2026-01-29 v7.01p Hyperref driver for pdfTeX
\Fld@listcount=\count309
\c@bookmark@seq@number=\count310

(/usr/local/texlive/2026/texmf-dist/tex/latex/rerunfilecheck/rerunfilecheck.sty
Package: rerunfilecheck 2025-06-21 v1.11 Rerun checks for auxiliary files (HO)

(/usr/local/texlive/2026/texmf-dist/tex/generic/uniquecounter/uniquecounter.sty
Package: uniquecounter 2019/12/15 v1.4 Provide unlimited unique counter (HO)
)
Package uniquecounter Info: New unique counter `rerunfilecheck' on input line 2
84.
)
\Hy@SectionHShift=\skip54
) (/usr/local/texlive/2026/texmf-dist/tex/latex/graphics/graphicx.sty
Package: graphicx 2024/12/31 v1.2e Enhanced LaTeX Graphics (DPC,SPQR)

(/usr/local/texlive/2026/texmf-dist/tex/latex/graphics/graphics.sty
Package: graphics 2024/08/06 v1.4g Standard LaTeX Graphics (DPC,SPQR)

(/usr/local/texlive/2026/texmf-dist/tex/latex/graphics/trig.sty
Package: trig 2023/12/02 v1.11 sin cos tan (DPC)
)
(/usr/local/texlive/2026/texmf-dist/tex/latex/graphics-cfg/graphics.cfg
File: graphics.cfg 2016/06/04 v1.11 sample graphics configuration
)
Package graphics Info: Driver file: pdftex.def on input line 106.

(/usr/local/texlive/2026/texmf-dist/tex/latex/graphics-def/pdftex.def
File: pdftex.def 2025/09/29 v1.2d Graphics/color driver for pdftex
))
\Gin@req@height=\dimen170
\Gin@req@width=\dimen171
)
(/usr/local/texlive/2026/texmf-dist/tex/latex/listings/listings.sty
\lst@mode=\count311
\lst@gtempboxa=\box55
\lst@token=\toks26
\lst@length=\count312
\lst@currlwidth=\dimen172
\lst@column=\count313
\lst@pos=\count314
\lst@lostspace=\dimen173
\lst@width=\dimen174
\lst@newlines=\count315
\lst@lineno=\count316
\lst@maxwidth=\dimen175

(/usr/local/texlive/2026/texmf-dist/tex/latex/listings/lstpatch.sty
File: lstpatch.sty 2025/11/14 1.11b (Carsten Heinz)
)
(/usr/local/texlive/2026/texmf-dist/tex/latex/listings/lstmisc.sty
File: lstmisc.sty 2025/11/14 1.11b (Carsten Heinz)
\c@lstnumber=\count317
\lst@skipnumbers=\count318
\lst@framebox=\box56
)
(/usr/local/texlive/2026/texmf-dist/tex/latex/listings/listings.cfg
File: listings.cfg 2025/11/14 1.11b listings configuration
))
Package: listings 2025/11/14 1.11b (Carsten Heinz)

==> First Aid for listings.sty no longer applied!
    Expected:
        2024/09/23 1.10c (Carsten Heinz)
    but found:
        2025/11/14 1.11b (Carsten Heinz)
    so I'm assuming it got fixed.
(/usr/local/texlive/2026/texmf-dist/tex/latex/xcolor/xcolor.sty
Package: xcolor 2024/09/29 v3.02 LaTeX color extensions (UK)

(/usr/local/texlive/2026/texmf-dist/tex/latex/graphics-cfg/color.cfg
File: color.cfg 2016/01/02 v1.6 sample color configuration
)
Package xcolor Info: Driver file: pdftex.def on input line 274.

(/usr/local/texlive/2026/texmf-dist/tex/latex/graphics/mathcolor.ltx)
Package xcolor Info: Model `cmy' substituted by `cmy0' on input line 1349.
Package xcolor Info: Model `hsb' substituted by `rgb' on input line 1353.
Package xcolor Info: Model `RGB' extended on input line 1365.
Package xcolor Info: Model `HTML' substituted by `rgb' on input line 1367.
Package xcolor Info: Model `Hsb' substituted by `hsb' on input line 1368.
Package xcolor Info: Model `tHsb' substituted by `hsb' on input line 1369.
Package xcolor Info: Model `HSB' substituted by `hsb' on input line 1370.
Package xcolor Info: Model `Gray' substituted by `gray' on input line 1371.
Package xcolor Info: Model `wave' substituted by `hsb' on input line 1372.
)
(/usr/local/texlive/2026/texmf-dist/tex/latex/tcolorbox/tcolorbox.sty
Package: tcolorbox 2025/11/28 version 6.9.0 text color boxes

(/usr/local/texlive/2026/texmf-dist/tex/latex/pgf/frontendlayer/tikz.sty
(/usr/local/texlive/2026/texmf-dist/tex/latex/pgf/basiclayer/pgf.sty
(/usr/local/texlive/2026/texmf-dist/tex/latex/pgf/utilities/pgfrcs.sty
(/usr/local/texlive/2026/texmf-dist/tex/generic/pgf/utilities/pgfutil-common.te
x
\pgfutil@everybye=\toks27
\pgfutil@tempdima=\dimen176
\pgfutil@tempdimb=\dimen177
)
(/usr/local/texlive/2026/texmf-dist/tex/generic/pgf/utilities/pgfutil-latex.def
\pgfutil@abb=\box57
) (/usr/local/texlive/2026/texmf-dist/tex/generic/pgf/utilities/pgfrcs.code.tex
(/usr/local/texlive/2026/texmf-dist/tex/generic/pgf/pgf.revision.tex)
Package: pgfrcs 2025-08-29 v3.1.11a (3.1.11a)
))
Package: pgf 2025-08-29 v3.1.11a (3.1.11a)

(/usr/local/texlive/2026/texmf-dist/tex/latex/pgf/basiclayer/pgfcore.sty
(/usr/local/texlive/2026/texmf-dist/tex/latex/pgf/systemlayer/pgfsys.sty
(/usr/local/texlive/2026/texmf-dist/tex/generic/pgf/systemlayer/pgfsys.code.tex
Package: pgfsys 2025-08-29 v3.1.11a (3.1.11a)
(/usr/local/texlive/2026/texmf-dist/tex/generic/pgf/utilities/pgfkeys.code.tex
\pgfkeys@pathtoks=\toks28
\pgfkeys@temptoks=\toks29

(/usr/local/texlive/2026/texmf-dist/tex/generic/pgf/utilities/pgfkeyslibraryfil
tered.code.tex
\pgfkeys@tmptoks=\toks30
))
\pgf@x=\dimen178
\pgf@y=\dimen179
\pgf@xa=\dimen180
\pgf@ya=\dimen181
\pgf@xb=\dimen182
\pgf@yb=\dimen183
\pgf@xc=\dimen184
\pgf@yc=\dimen185
\pgf@xd=\dimen186
\pgf@yd=\dimen187
\w@pgf@writea=\write3
\r@pgf@reada=\read2
\c@pgf@counta=\count319
\c@pgf@countb=\count320
\c@pgf@countc=\count321
\c@pgf@countd=\count322
\t@pgf@toka=\toks31
\t@pgf@tokb=\toks32
\t@pgf@tokc=\toks33
\pgf@sys@id@count=\count323

(/usr/local/texlive/2026/texmf-dist/tex/generic/pgf/systemlayer/pgf.cfg
File: pgf.cfg 2025-08-29 v3.1.11a (3.1.11a)
)
Driver file for pgf: pgfsys-pdftex.def

(/usr/local/texlive/2026/texmf-dist/tex/generic/pgf/systemlayer/pgfsys-pdftex.d
ef
File: pgfsys-pdftex.def 2025-08-29 v3.1.11a (3.1.11a)

(/usr/local/texlive/2026/texmf-dist/tex/generic/pgf/systemlayer/pgfsys-common-p
df.def
File: pgfsys-common-pdf.def 2025-08-29 v3.1.11a (3.1.11a)
)))
(/usr/local/texlive/2026/texmf-dist/tex/generic/pgf/systemlayer/pgfsyssoftpath.
code.tex
File: pgfsyssoftpath.code.tex 2025-08-29 v3.1.11a (3.1.11a)
\pgfsyssoftpath@smallbuffer@items=\count324
\pgfsyssoftpath@bigbuffer@items=\count325
)
(/usr/local/texlive/2026/texmf-dist/tex/generic/pgf/systemlayer/pgfsysprotocol.
code.tex
File: pgfsysprotocol.code.tex 2025-08-29 v3.1.11a (3.1.11a)
))
(/usr/local/texlive/2026/texmf-dist/tex/generic/pgf/basiclayer/pgfcore.code.tex
Package: pgfcore 2025-08-29 v3.1.11a (3.1.11a)
(/usr/local/texlive/2026/texmf-dist/tex/generic/pgf/math/pgfmath.code.tex
(/usr/local/texlive/2026/texmf-dist/tex/generic/pgf/math/pgfmathutil.code.tex)
(/usr/local/texlive/2026/texmf-dist/tex/generic/pgf/math/pgfmathparser.code.tex
\pgfmath@dimen=\dimen188
\pgfmath@count=\count326
\pgfmath@box=\box58
\pgfmath@toks=\toks34
\pgfmath@stack@operand=\toks35
\pgfmath@stack@operation=\toks36
)
(/usr/local/texlive/2026/texmf-dist/tex/generic/pgf/math/pgfmathfunctions.code.
tex)
(/usr/local/texlive/2026/texmf-dist/tex/generic/pgf/math/pgfmathfunctions.basic
.code.tex)
(/usr/local/texlive/2026/texmf-dist/tex/generic/pgf/math/pgfmathfunctions.trigo
nometric.code.tex)
(/usr/local/texlive/2026/texmf-dist/tex/generic/pgf/math/pgfmathfunctions.rando
m.code.tex)
(/usr/local/texlive/2026/texmf-dist/tex/generic/pgf/math/pgfmathfunctions.compa
rison.code.tex)
(/usr/local/texlive/2026/texmf-dist/tex/generic/pgf/math/pgfmathfunctions.base.
code.tex)
(/usr/local/texlive/2026/texmf-dist/tex/generic/pgf/math/pgfmathfunctions.round
.code.tex)
(/usr/local/texlive/2026/texmf-dist/tex/generic/pgf/math/pgfmathfunctions.misc.
code.tex)
(/usr/local/texlive/2026/texmf-dist/tex/generic/pgf/math/pgfmathfunctions.integ
erarithmetics.code.tex)
(/usr/local/texlive/2026/texmf-dist/tex/generic/pgf/math/pgfmathcalc.code.tex)
(/usr/local/texlive/2026/texmf-dist/tex/generic/pgf/math/pgfmathfloat.code.tex
\c@pgfmathroundto@lastzeros=\count327
)) (/usr/local/texlive/2026/texmf-dist/tex/generic/pgf/math/pgfint.code.tex)
(/usr/local/texlive/2026/texmf-dist/tex/generic/pgf/basiclayer/pgfcorepoints.co
de.tex
File: pgfcorepoints.code.tex 2025-08-29 v3.1.11a (3.1.11a)
\pgf@picminx=\dimen189
\pgf@picmaxx=\dimen190
\pgf@picminy=\dimen191
\pgf@picmaxy=\dimen192
\pgf@pathminx=\dimen193
\pgf@pathmaxx=\dimen194
\pgf@pathminy=\dimen195
\pgf@pathmaxy=\dimen196
\pgf@xx=\dimen197
\pgf@xy=\dimen198
\pgf@yx=\dimen199
\pgf@yy=\dimen256
\pgf@zx=\dimen257
\pgf@zy=\dimen258
)
(/usr/local/texlive/2026/texmf-dist/tex/generic/pgf/basiclayer/pgfcorepathconst
ruct.code.tex
File: pgfcorepathconstruct.code.tex 2025-08-29 v3.1.11a (3.1.11a)
\pgf@path@lastx=\dimen259
\pgf@path@lasty=\dimen260
)
(/usr/local/texlive/2026/texmf-dist/tex/generic/pgf/basiclayer/pgfcorepathusage
.code.tex
File: pgfcorepathusage.code.tex 2025-08-29 v3.1.11a (3.1.11a)
\pgf@shorten@end@additional=\dimen261
\pgf@shorten@start@additional=\dimen262
)
(/usr/local/texlive/2026/texmf-dist/tex/generic/pgf/basiclayer/pgfcorescopes.co
de.tex
File: pgfcorescopes.code.tex 2025-08-29 v3.1.11a (3.1.11a)
\pgfpic=\box59
\pgf@hbox=\box60
\pgf@layerbox@main=\box61
\pgf@picture@serial@count=\count328
)
(/usr/local/texlive/2026/texmf-dist/tex/generic/pgf/basiclayer/pgfcoregraphicst
ate.code.tex
File: pgfcoregraphicstate.code.tex 2025-08-29 v3.1.11a (3.1.11a)
\pgflinewidth=\dimen263
)
(/usr/local/texlive/2026/texmf-dist/tex/generic/pgf/basiclayer/pgfcoretransform
ations.code.tex
File: pgfcoretransformations.code.tex 2025-08-29 v3.1.11a (3.1.11a)
\pgf@pt@x=\dimen264
\pgf@pt@y=\dimen265
\pgf@pt@temp=\dimen266
)
(/usr/local/texlive/2026/texmf-dist/tex/generic/pgf/basiclayer/pgfcorequick.cod
e.tex
File: pgfcorequick.code.tex 2025-08-29 v3.1.11a (3.1.11a)
)
(/usr/local/texlive/2026/texmf-dist/tex/generic/pgf/basiclayer/pgfcoreobjects.c
ode.tex
File: pgfcoreobjects.code.tex 2025-08-29 v3.1.11a (3.1.11a)
)
(/usr/local/texlive/2026/texmf-dist/tex/generic/pgf/basiclayer/pgfcorepathproce
ssing.code.tex
File: pgfcorepathprocessing.code.tex 2025-08-29 v3.1.11a (3.1.11a)
)
(/usr/local/texlive/2026/texmf-dist/tex/generic/pgf/basiclayer/pgfcorearrows.co
de.tex
File: pgfcorearrows.code.tex 2025-08-29 v3.1.11a (3.1.11a)
\pgfarrowsep=\dimen267
)
(/usr/local/texlive/2026/texmf-dist/tex/generic/pgf/basiclayer/pgfcoreshade.cod
e.tex
File: pgfcoreshade.code.tex 2025-08-29 v3.1.11a (3.1.11a)
\pgf@max=\dimen268
\pgf@sys@shading@range@num=\count329
\pgf@shadingcount=\count330
)
(/usr/local/texlive/2026/texmf-dist/tex/generic/pgf/basiclayer/pgfcoreimage.cod
e.tex
File: pgfcoreimage.code.tex 2025-08-29 v3.1.11a (3.1.11a)
)
(/usr/local/texlive/2026/texmf-dist/tex/generic/pgf/basiclayer/pgfcoreexternal.
code.tex
File: pgfcoreexternal.code.tex 2025-08-29 v3.1.11a (3.1.11a)
\pgfexternal@startupbox=\box62
)
(/usr/local/texlive/2026/texmf-dist/tex/generic/pgf/basiclayer/pgfcorelayers.co
de.tex
File: pgfcorelayers.code.tex 2025-08-29 v3.1.11a (3.1.11a)
)
(/usr/local/texlive/2026/texmf-dist/tex/generic/pgf/basiclayer/pgfcoretranspare
ncy.code.tex
File: pgfcoretransparency.code.tex 2025-08-29 v3.1.11a (3.1.11a)
)
(/usr/local/texlive/2026/texmf-dist/tex/generic/pgf/basiclayer/pgfcorepatterns.
code.tex
File: pgfcorepatterns.code.tex 2025-08-29 v3.1.11a (3.1.11a)
)
(/usr/local/texlive/2026/texmf-dist/tex/generic/pgf/basiclayer/pgfcorerdf.code.
tex
File: pgfcorerdf.code.tex 2025-08-29 v3.1.11a (3.1.11a)
)))
(/usr/local/texlive/2026/texmf-dist/tex/generic/pgf/modules/pgfmoduleshapes.cod
e.tex
File: pgfmoduleshapes.code.tex 2025-08-29 v3.1.11a (3.1.11a)
\pgfnodeparttextbox=\box63
)
(/usr/local/texlive/2026/texmf-dist/tex/generic/pgf/modules/pgfmoduleplot.code.
tex
File: pgfmoduleplot.code.tex 2025-08-29 v3.1.11a (3.1.11a)
)
(/usr/local/texlive/2026/texmf-dist/tex/latex/pgf/compatibility/pgfcomp-version
-0-65.sty
Package: pgfcomp-version-0-65 2025-08-29 v3.1.11a (3.1.11a)
\pgf@nodesepstart=\dimen269
\pgf@nodesepend=\dimen270
)
(/usr/local/texlive/2026/texmf-dist/tex/latex/pgf/compatibility/pgfcomp-version
-1-18.sty
Package: pgfcomp-version-1-18 2025-08-29 v3.1.11a (3.1.11a)
))
(/usr/local/texlive/2026/texmf-dist/tex/latex/pgf/utilities/pgffor.sty
(/usr/local/texlive/2026/texmf-dist/tex/latex/pgf/utilities/pgfkeys.sty
(/usr/local/texlive/2026/texmf-dist/tex/generic/pgf/utilities/pgfkeys.code.tex)
) (/usr/local/texlive/2026/texmf-dist/tex/latex/pgf/math/pgfmath.sty
(/usr/local/texlive/2026/texmf-dist/tex/generic/pgf/math/pgfmath.code.tex))
(/usr/local/texlive/2026/texmf-dist/tex/generic/pgf/utilities/pgffor.code.tex
Package: pgffor 2025-08-29 v3.1.11a (3.1.11a)
\pgffor@iter=\dimen271
\pgffor@skip=\dimen272
\pgffor@stack=\toks37
\pgffor@toks=\toks38
))
(/usr/local/texlive/2026/texmf-dist/tex/generic/pgf/frontendlayer/tikz/tikz.cod
e.tex
Package: tikz 2025-08-29 v3.1.11a (3.1.11a)

(/usr/local/texlive/2026/texmf-dist/tex/generic/pgf/libraries/pgflibraryplothan
dlers.code.tex
File: pgflibraryplothandlers.code.tex 2025-08-29 v3.1.11a (3.1.11a)
\pgf@plot@mark@count=\count331
\pgfplotmarksize=\dimen273
)
\tikz@lastx=\dimen274
\tikz@lasty=\dimen275
\tikz@lastxsaved=\dimen276
\tikz@lastysaved=\dimen277
\tikz@lastmovetox=\dimen278
\tikz@lastmovetoy=\dimen279
\tikzleveldistance=\dimen280
\tikzsiblingdistance=\dimen281
\tikz@figbox=\box64
\tikz@figbox@bg=\box65
\tikz@tempbox=\box66
\tikz@tempbox@bg=\box67
\tikztreelevel=\count332
\tikznumberofchildren=\count333
\tikznumberofcurrentchild=\count334
\tikz@fig@count=\count335

(/usr/local/texlive/2026/texmf-dist/tex/generic/pgf/modules/pgfmodulematrix.cod
e.tex
File: pgfmodulematrix.code.tex 2025-08-29 v3.1.11a (3.1.11a)
\pgfmatrixcurrentrow=\count336
\pgfmatrixcurrentcolumn=\count337
\pgf@matrix@numberofcolumns=\count338
)
\tikz@expandcount=\count339

(/usr/local/texlive/2026/texmf-dist/tex/generic/pgf/frontendlayer/tikz/librarie
s/tikzlibrarytopaths.code.tex
File: tikzlibrarytopaths.code.tex 2025-08-29 v3.1.11a (3.1.11a)
)))
(/usr/local/texlive/2026/texmf-dist/tex/latex/tools/verbatim.sty
Package: verbatim 2024-01-22 v1.5x LaTeX2e package for verbatim enhancements
\every@verbatim=\toks39
\verbatim@line=\toks40
\verbatim@in@stream=\read3
)
(/usr/local/texlive/2026/texmf-dist/tex/latex/environ/environ.sty
Package: environ 2014/05/04 v0.3 A new way to define environments

(/usr/local/texlive/2026/texmf-dist/tex/latex/trimspaces/trimspaces.sty
Package: trimspaces 2009/09/17 v1.1 Trim spaces around a token list
))
\tcb@titlebox=\box68
\tcb@upperbox=\box69
\tcb@lowerbox=\box70
\tcb@phantombox=\box71
\c@tcbbreakpart=\count340
\c@tcblayer=\count341
\c@tcolorbox@number=\count342
\l__tcobox_tmpa_box=\box72
\l__tcobox_tmpa_dim=\dimen282
\tcb@temp=\box73
\tcb@temp=\box74
\tcb@temp=\box75
\tcb@temp=\box76

(/usr/local/texlive/2026/texmf-dist/tex/latex/tcolorbox/tcbraster.code.tex
Library (tcolorbox): 'tcbraster.code.tex' version '6.9.0'
\c@tcbrastercolumn=\count343
\c@tcbrasterrow=\count344
\c@tcbrasternum=\count345
\c@tcbraster=\count346
) (/usr/local/texlive/2026/texmf-dist/tex/latex/tcolorbox/tcbskins.code.tex
Library (tcolorbox): 'tcbskins.code.tex' version '6.9.0'
(/usr/local/texlive/2026/texmf-dist/tex/latex/tikzfill/tikzfill.image.sty
Package: tikzfill.image 2023/08/08 v1.0.1 Image filling library for TikZ

(/usr/local/texlive/2026/texmf-dist/tex/latex/tikzfill/tikzfill-common.sty
Package: tikzfill-common 2023/08/08 v1.0.1 Auxiliary code for tikzfill
)
(/usr/local/texlive/2026/texmf-dist/tex/latex/tikzfill/tikzlibraryfill.image.co
de.tex
File: tikzlibraryfill.image.code.tex 2023/08/08 v1.0.1 Image filling library
\l__tikzfill_img_box=\box77
))
(/usr/local/texlive/2026/texmf-dist/tex/latex/tcolorbox/tcbskinsjigsaw.code.tex
Library (tcolorbox): 'tcbskinsjigsaw.code.tex' version '6.9.0'
))
(/usr/local/texlive/2026/texmf-dist/tex/latex/tcolorbox/tcbbreakable.code.tex
Library (tcolorbox): 'tcbbreakable.code.tex' version '6.9.0'
(/usr/local/texlive/2026/texmf-dist/tex/latex/pdfcol/pdfcol.sty
Package: pdfcol 2022-09-21 v1.7 Handle new color stacks for pdfTeX (HO)
)
Package pdfcol Info: New color stack `tcb@breakable' = 1 on input line 23.
\tcb@testbox=\box78
\tcb@totalupperbox=\box79
\tcb@totallowerbox=\box80
)
(/usr/local/texlive/2026/texmf-dist/tex/latex/tcolorbox/tcbhooks.code.tex
Library (tcolorbox): 'tcbhooks.code.tex' version '6.9.0'
) (/usr/local/texlive/2026/texmf-dist/tex/latex/tcolorbox/tcbtheorems.code.tex
Library (tcolorbox): 'tcbtheorems.code.tex' version '6.9.0'
) (/usr/local/texlive/2026/texmf-dist/tex/latex/tcolorbox/tcbfitting.code.tex
Library (tcolorbox): 'tcbfitting.code.tex' version '6.9.0'
\tcbfitdim=\dimen283
\tcb@lowerfitdim=\dimen284
\tcb@upperfitdim=\dimen285
\tcb@cur@hbadness=\count347
)
(/usr/local/texlive/2026/texmf-dist/tex/latex/tcolorbox/tcblistingsutf8.code.te
x
Library (tcolorbox): 'tcblistingsutf8.code.tex' version '6.9.0'
(/usr/local/texlive/2026/texmf-dist/tex/latex/tcolorbox/tcblistings.code.tex
Library (tcolorbox): 'tcblistings.code.tex' version '6.9.0'

(/usr/local/texlive/2026/texmf-dist/tex/latex/tcolorbox/tcblistingscore.code.te
x
Library (tcolorbox): 'tcblistingscore.code.tex' version '6.9.0'
(/usr/local/texlive/2026/texmf-dist/tex/latex/tcolorbox/tcbprocessing.code.tex
Library (tcolorbox): 'tcbprocessing.code.tex' version '6.9.0'
)
\c@tcblisting=\count348
)) (/usr/local/texlive/2026/texmf-dist/tex/latex/listingsutf8/listingsutf8.sty
Package: listingsutf8 2019-12-10 v1.5 Allow UTF-8 in listings input (HO)
)) (/usr/local/texlive/2026/texmf-dist/tex/latex/tcolorbox/tcbexternal.code.tex
Library (tcolorbox): 'tcbexternal.code.tex' version '6.9.0'
) (/usr/local/texlive/2026/texmf-dist/tex/latex/tcolorbox/tcbmagazine.code.tex
Library (tcolorbox): 'tcbmagazine.code.tex' version '6.9.0'
) (/usr/local/texlive/2026/texmf-dist/tex/latex/tcolorbox/tcbvignette.code.tex
Library (tcolorbox): 'tcbvignette.code.tex' version '6.9.0'

(/usr/local/texlive/2026/texmf-dist/tex/generic/pgf/frontendlayer/tikz/librarie
s/tikzlibraryfadings.code.tex
File: tikzlibraryfadings.code.tex 2025-08-29 v3.1.11a (3.1.11a)

(/usr/local/texlive/2026/texmf-dist/tex/generic/pgf/libraries/pgflibraryfadings
.code.tex
File: pgflibraryfadings.code.tex 2025-08-29 v3.1.11a (3.1.11a)
)))
(/usr/local/texlive/2026/texmf-dist/tex/latex/tcolorbox/tcbposter.code.tex
Library (tcolorbox): 'tcbposter.code.tex' version '6.9.0'
))
(/usr/local/texlive/2026/texmf-dist/tex/generic/pgf/frontendlayer/tikz/librarie
s/tikzlibraryshapes.geometric.code.tex
File: tikzlibraryshapes.geometric.code.tex 2025-08-29 v3.1.11a (3.1.11a)

(/usr/local/texlive/2026/texmf-dist/tex/generic/pgf/libraries/shapes/pgflibrary
shapes.geometric.code.tex
File: pgflibraryshapes.geometric.code.tex 2025-08-29 v3.1.11a (3.1.11a)
))
(/usr/local/texlive/2026/texmf-dist/tex/generic/pgf/libraries/pgflibraryarrows.
meta.code.tex
File: pgflibraryarrows.meta.code.tex 2025-08-29 v3.1.11a (3.1.11a)
\pgfarrowinset=\dimen286
\pgfarrowlength=\dimen287
\pgfarrowwidth=\dimen288
\pgfarrowlinewidth=\dimen289
)
(/usr/local/texlive/2026/texmf-dist/tex/generic/pgf/frontendlayer/tikz/librarie
s/tikzlibrarypositioning.code.tex
File: tikzlibrarypositioning.code.tex 2025-08-29 v3.1.11a (3.1.11a)
)
LaTeX Font Info:    Trying to load font information for T1+lmr on input line 45
.

(/usr/local/texlive/2026/texmf-dist/tex/latex/lm/t1lmr.fd
File: t1lmr.fd 2015/05/01 v1.6.1 Font defs for Latin Modern
)
(/usr/local/texlive/2026/texmf-dist/tex/latex/l3backend/l3backend-pdftex.def
File: l3backend-pdftex.def 2025-10-09 L3 backend support: PDF output (pdfTeX)
\l__color_backend_stack_int=\count349
)
(./OS161_LABS.aux (./laboratories/lab01.aux) (./laboratories/lab02.aux)
(./laboratories/lab03.aux) (./laboratories/lab04.aux))
\openout1 = `OS161_LABS.aux'.

LaTeX Font Info:    Checking defaults for OML/cmm/m/it on input line 45.
LaTeX Font Info:    ... okay on input line 45.
LaTeX Font Info:    Checking defaults for OMS/cmsy/m/n on input line 45.
LaTeX Font Info:    ... okay on input line 45.
LaTeX Font Info:    Checking defaults for OT1/cmr/m/n on input line 45.
LaTeX Font Info:    ... okay on input line 45.
LaTeX Font Info:    Checking defaults for T1/cmr/m/n on input line 45.
LaTeX Font Info:    ... okay on input line 45.
LaTeX Font Info:    Checking defaults for TS1/cmr/m/n on input line 45.
LaTeX Font Info:    ... okay on input line 45.
LaTeX Font Info:    Checking defaults for OMX/cmex/m/n on input line 45.
LaTeX Font Info:    ... okay on input line 45.
LaTeX Font Info:    Checking defaults for U/cmr/m/n on input line 45.
LaTeX Font Info:    ... okay on input line 45.
LaTeX Font Info:    Checking defaults for PD1/pdf/m/n on input line 45.
LaTeX Font Info:    ... okay on input line 45.
LaTeX Font Info:    Checking defaults for PU/pdf/m/n on input line 45.
LaTeX Font Info:    ... okay on input line 45.

*geometry* driver: auto-detecting
*geometry* detected driver: pdftex
*geometry* verbose mode - [ preamble ] result:
* driver: pdftex
* paper: a4paper
* layout: <same size as paper>
* layoutoffset:(h,v)=(0.0pt,0.0pt)
* modes: 
* h-part:(L,W,R)=(72.26999pt, 452.9679pt, 72.26999pt)
* v-part:(T,H,B)=(72.26999pt, 700.50687pt, 72.26999pt)
* \paperwidth=597.50787pt
* \paperheight=845.04684pt
* \textwidth=452.9679pt
* \textheight=700.50687pt
* \oddsidemargin=0.0pt
* \evensidemargin=0.0pt
* \topmargin=-31.8738pt
* \headheight=12.0pt
* \headsep=19.8738pt
* \topskip=11.0pt
* \footskip=27.46295pt
* \marginparwidth=53.0pt
* \marginparsep=7.0pt
* \columnsep=10.0pt
* \skip\footins=10.0pt plus 4.0pt minus 2.0pt
* \hoffset=0.0pt
* \voffset=0.0pt
* \mag=1000
* \@twocolumnfalse
* \@twosidefalse
* \@mparswitchfalse
* \@reversemarginfalse
* (1in=72.27pt=25.4mm, 1cm=28.453pt)

Package hyperref Info: Link coloring OFF on input line 45.
(./OS161_LABS.out) (./OS161_LABS.out)
\@outlinefile=\write4
\openout4 = `OS161_LABS.out'.


(/usr/local/texlive/2026/texmf-dist/tex/context/base/mkii/supp-pdf.mkii
[Loading MPS to PDF converter (version 2006.09.02).]
\scratchcounter=\count350
\scratchdimen=\dimen290
\scratchbox=\box81
\nofMPsegments=\count351
\nofMParguments=\count352
\everyMPshowfont=\toks41
\MPscratchCnt=\count353
\MPscratchDim=\dimen291
\MPnumerator=\count354
\makeMPintoPDFobject=\count355
\everyMPtoPDFconversion=\toks42
) (/usr/local/texlive/2026/texmf-dist/tex/latex/epstopdf-pkg/epstopdf-base.sty
Package: epstopdf-base 2020-01-24 v2.11 Base part for package epstopdf
Package epstopdf-base Info: Redefining graphics rule for `.eps' on input line 4
85.

(/usr/local/texlive/2026/texmf-dist/tex/latex/latexconfig/epstopdf-sys.cfg
File: epstopdf-sys.cfg 2010/07/13 v1.3 Configuration of (r)epstopdf for TeX Liv
e
))
\c@lstlisting=\count356
LaTeX Font Info:    Trying to load font information for OT1+lmr on input line 4
8.

(/usr/local/texlive/2026/texmf-dist/tex/latex/lm/ot1lmr.fd
File: ot1lmr.fd 2015/05/01 v1.6.1 Font defs for Latin Modern
)
LaTeX Font Info:    Trying to load font information for OML+lmm on input line 4
8.

(/usr/local/texlive/2026/texmf-dist/tex/latex/lm/omllmm.fd
File: omllmm.fd 2015/05/01 v1.6.1 Font defs for Latin Modern
)
LaTeX Font Info:    Trying to load font information for OMS+lmsy on input line 
48.

(/usr/local/texlive/2026/texmf-dist/tex/latex/lm/omslmsy.fd
File: omslmsy.fd 2015/05/01 v1.6.1 Font defs for Latin Modern
)
LaTeX Font Info:    Trying to load font information for OMX+lmex on input line 
48.

(/usr/local/texlive/2026/texmf-dist/tex/latex/lm/omxlmex.fd
File: omxlmex.fd 2015/05/01 v1.6.1 Font defs for Latin Modern
)
LaTeX Font Info:    External font `lmex10' loaded for size
(Font)              <12> on input line 48.
LaTeX Font Info:    External font `lmex10' loaded for size
(Font)              <8> on input line 48.
LaTeX Font Info:    External font `lmex10' loaded for size
(Font)              <6> on input line 48.
LaTeX Font Info:    Trying to load font information for U+msa on input line 48.


(/usr/local/texlive/2026/texmf-dist/tex/latex/amsfonts/umsa.fd
File: umsa.fd 2013/01/14 v3.01 AMS symbols A
)
LaTeX Font Info:    Trying to load font information for U+msb on input line 48.


(/usr/local/texlive/2026/texmf-dist/tex/latex/amsfonts/umsb.fd
File: umsb.fd 2013/01/14 v3.01 AMS symbols B
) [1


{/usr/local/texlive/2026/texmf-var/fonts/map/pdftex/updmap/pdftex.map}{/usr/loc
al/texlive/2026/texmf-dist/fonts/enc/dvips/lm/lm-ec.enc}] (./OS161_LABS.toc
LaTeX Font Info:    External font `lmex10' loaded for size
(Font)              <10.95> on input line 2.
LaTeX Font Info:    Trying to load font information for T1+lmtt on input line 7
.

(/usr/local/texlive/2026/texmf-dist/tex/latex/lm/t1lmtt.fd
File: t1lmtt.fd 2015/05/01 v1.6.1 Font defs for Latin Modern
)
pdfTeX warning (ext4): destination with the same identifier (name{page.1}) has 
been already used, duplicate ignored
<to be read again> 
                   \relax 
l.43 ...: Bitmap Allocation}{28}{subsection.2.7.2}
                                                  % [1

] [2])
\tf@toc=\write5
\openout5 = `OS161_LABS.toc'.

 [3]
\openout2 = `laboratories/lab01.aux'.


(./laboratories/lab01.tex
Chapter 1.
LaTeX Font Info:    Trying to load font information for TS1+lmr on input line 1
7.
(/usr/local/texlive/2026/texmf-dist/tex/latex/lm/ts1lmr.fd
File: ts1lmr.fd 2015/05/01 v1.6.1 Font defs for Latin Modern
) [4


{/usr/local/texlive/2026/texmf-dist/fonts/enc/dvips/lm/lm-ts1.enc}]
Overfull \hbox (70.16685pt too wide) in paragraph at lines 32--32
[]\T1/lmtt/m/n/10.95 |-- tools/                 # The cross-compilation toolcha
in (MIPS GCC, GDB, bmake, sys161)[] 
 []


Overfull \hbox (1.18205pt too wide) in paragraph at lines 35--35
[]\T1/lmtt/m/n/10.95 |   |   |-- arch/mips/     # Low-level MIPS architecture c
ode (traps, assembly)[] 
 []


Overfull \hbox (64.41812pt too wide) in paragraph at lines 41--41
[]\T1/lmtt/m/n/10.95 |   |   |-- syscall/       # System call implementations (
you will create file_syscalls.c)[] 
 []


Overfull \hbox (47.17192pt too wide) in paragraph at lines 44--44
[]\T1/lmtt/m/n/10.95 |   |__ userland/          # 2. USER-SPACE PROGRAMS (C sta
ndard library, test binaries)[] 
 []


Overfull \hbox (29.92572pt too wide) in paragraph at lines 46--46
[]                           \T1/lmtt/m/n/10.95 # This is where the compiled ke
rnel and user binaries are[] 
 []

LaTeX Font Info:    Font shape `T1/lmtt/bx/n' in size <12> not available
(Font)              Font shape `T1/lmtt/b/n' tried instead on input line 53.
[5] (/usr/local/texlive/2026/texmf-dist/tex/latex/listings/lstlang1.sty
File: lstlang1.sty 2025/11/14 1.11b listings language file
)
(/usr/local/texlive/2026/texmf-dist/tex/latex/listings/lstmisc.sty
File: lstmisc.sty 2025/11/14 1.11b (Carsten Heinz)
) [6{/usr/local/texlive/2026/texmf-dist/fonts/enc/dvips/lm/lm-mathsy.enc}]
Overfull \hbox (14.32286pt too wide) in paragraph at lines 95--96
[]\T1/lmtt/m/n/10.95 optfile hello main/hello.c\T1/lmr/m/n/10.95 : This tells t
he build sys-tem that the source file \T1/lmtt/m/n/10.95 main/hello.c
 []

[7]
Overfull \hbox (61.92552pt too wide) in paragraph at lines 150--151
[]\T1/lmr/bx/n/10.95 The Host: \T1/lmr/m/n/10.95 In a sep-a-rate ter-mi-nal, th
e cross-compiled de-bug-ger is launched: \T1/lmtt/m/n/10.95 mips-harvard-os161-
gdb
 []

LaTeX Font Info:    Font shape `T1/lmtt/bx/n' in size <14.4> not available
(Font)              Font shape `T1/lmtt/b/n' tried instead on input line 156.
LaTeX Font Info:    Font shape `T1/lmtt/bx/n' in size <10.95> not available
(Font)              Font shape `T1/lmtt/b/n' tried instead on input line 160.
<images/vaddr_to_paddr_mapping.png, id=663, 246.6816pt x 246.6816pt>
File: images/vaddr_to_paddr_mapping.png Graphic file (type png)
<use images/vaddr_to_paddr_mapping.png>
Package pdftex.def Info: images/vaddr_to_paddr_mapping.png  used on input line 
168.
(pdftex.def)             Requested size: 362.37569pt x 362.41055pt.

LaTeX Warning: `h' float specifier changed to `ht'.

[8] [9 <./images/vaddr_to_paddr_mapping.png>] [10]
Overfull \hbox (21.12408pt too wide) in paragraph at lines 235--236
[]\T1/lmr/bx/n/10.95 Why it is needed: \T1/lmtt/m/n/10.95 defoption hello \T1/l
mr/m/n/10.95 en-sures the \T1/lmtt/m/n/10.95 ./config \T1/lmr/m/n/10.95 script 
gen-er-ates the \T1/lmtt/m/n/10.95 opt-hello.h
 []


Overfull \hbox (6.21538pt too wide) in paragraph at lines 252--253
[]\T1/lmr/bx/n/10.95 Action: \T1/lmr/m/n/10.95 Cre-ate a new header file \T1/lm
tt/m/n/10.95 kern/include/hello.h \T1/lmr/m/n/10.95 and de-fine the func-tion b
lueprint: 
 []

[11] [12] [13] [14]
Overfull \hbox (48.55832pt too wide) in paragraph at lines 387--388
[]\T1/lmr/m/it/10.95 È dato un Sis-tema OS161. Si sup-ponga di aver ag-giunto l
e istruzioni seguenti a \T1/lmtt/m/it/10.95 kern/conf/conf.kern\T1/lmr/m/it/10.
95 : 
 []


Overfull \hbox (38.18614pt too wide) in paragraph at lines 401--403
[]\T1/lmr/bx/n/10.95 Answer: \T1/lmr/m/n/10.95 Il co-mando \T1/lmtt/m/n/10.95 .
/config PROJECT \T1/lmr/m/n/10.95 gen-era au-to-mati-ca-mente \T1/lmr/m/it/10.9
5 solo \T1/lmr/m/n/10.95 il file header \T1/lmtt/m/n/10.95 opt-project.h\T1/lmr
/m/n/10.95 .
 []


Overfull \hbox (3.28319pt too wide) in paragraph at lines 401--403
\T1/lmtt/m/n/10.95 options project \T1/lmr/m/n/10.95 sia pre-sente (at-ti-vata)
 o as-sente (dis-at-ti-vata) nel file \T1/lmtt/m/n/10.95 PROJECT\T1/lmr/m/n/10.
95 . Il file \T1/lmtt/m/n/10.95 project.h
 []


Overfull \hbox (7.17561pt too wide) in paragraph at lines 409--410
[]\T1/lmr/m/n/10.95 Se l'opzione è stata at-ti-vata in-serendo \T1/lmtt/m/n/10.
95 options project \T1/lmr/m/n/10.95 nel file \T1/lmtt/m/n/10.95 PROJECT\T1/lmr
/m/n/10.95 , con-terrà: \T1/lmtt/m/n/10.95 #define
 []

[15]
Overfull \hbox (53.32884pt too wide) in paragraph at lines 436--437
[]\T1/lmr/m/it/10.95 An OS161 sys-tem is given. Sup-pose you have added the fol
-low-ing in-struc-tions to \T1/lmtt/m/it/10.95 kern/conf/conf.kern\T1/lmr/m/it/
10.95 : 
 []


Overfull \hbox (7.41435pt too wide) in paragraph at lines 450--452
[]\T1/lmr/bx/n/10.95 Answer: \T1/lmr/m/n/10.95 The com-mand \T1/lmtt/m/n/10.95 
./config PROJECT \T1/lmr/m/n/10.95 au-to-mat-i-cally gen-er-ates \T1/lmr/m/it/1
0.95 only \T1/lmr/m/n/10.95 the \T1/lmtt/m/n/10.95 opt-project.h
 []

[16]) [17]
\openout2 = `laboratories/lab02.aux'.

 (./laboratories/lab02.tex
Chapter 2.
[18




]
<images/trapframe_exception.png, id=773, 246.6816pt x 246.6816pt>
File: images/trapframe_exception.png Graphic file (type png)
<use images/trapframe_exception.png>
Package pdftex.def Info: images/trapframe_exception.png  used on input line 26.

(pdftex.def)             Requested size: 362.37569pt x 362.41055pt.
 [19 <./images/trapframe_exception.png>] [20] [21]
Overfull \hbox (74.59604pt too wide) in paragraph at lines 134--135
\T1/lmr/m/n/10.95 to the \T1/lmtt/m/n/10.95 syscall(struct trapframe *tf) \T1/l
mr/m/n/10.95 dis-patcher func-tion lo-cated in \T1/lmtt/m/n/10.95 kern/arch/mip
s/syscall/syscall.c\T1/lmr/m/n/10.95 . 
 []


Overfull \hbox (68.40253pt too wide) in paragraph at lines 162--163
\T1/lmr/m/n/10.95 The im-ple-men-ta-tions for the file-related sys-tem calls ar
e placed in a new file, \T1/lmtt/m/n/10.95 kern/syscall/file_syscalls.c\T1/lmr/
m/n/10.95 .
 []

[22] [23] [24]
Overfull \hbox (46.64038pt too wide) in paragraph at lines 267--268
\T1/lmtt/m/n/10.95 proc_destroy() \T1/lmr/m/n/10.95 to de-stroy the pro-cess st
ruc-ture. How-ever, a thread can-not call \T1/lmtt/m/n/10.95 proc_destroy(curpr
oc)
 []

[25]
Overfull \hbox (46.8284pt too wide) in paragraph at lines 312--315
\T1/lmtt/m/n/10.95 thread_exit()\T1/lmr/m/n/10.95 . How-ever, \T1/lmtt/m/n/10.9
5 proc_destroy() \T1/lmr/m/n/10.95 con-tains this ex-act as-ser-tion: \T1/lmtt/
m/n/10.95 KASSERT(proc->p_numthreads
 []


Overfull \hbox (28.24988pt too wide) in paragraph at lines 328--329
\T1/lmr/m/n/10.95 taches its thread from the pro-cess via \T1/lmtt/m/n/10.95 pr
oc_remthread(curthread) \T1/lmr/m/n/10.95 (which drops \T1/lmtt/m/n/10.95 p_num
threads
 []

[26]
Overfull \hbox (8.77223pt too wide) in paragraph at lines 350--350
 [][]\T1/lmtt/m/n/10.95 numthreads==0\T1/lmr/m/n/10.95 ? 
 []

[27] [28{/usr/local/texlive/2026/texmf-dist/fonts/enc/dvips/lm/lm-mathit.enc}{/
usr/local/texlive/2026/texmf-dist/fonts/enc/dvips/lm/lm-rm.enc}]
Overfull \hbox (4.64769pt too wide) in paragraph at lines 460--461
[]\T1/lmtt/m/n/10.95 ret \T1/lmr/m/n/10.95 (\T1/lmtt/m/n/10.95 struct addrspace
 **\T1/lmr/m/n/10.95 ) is the des-ti-na-tion. It acts as an \T1/lmr/bx/n/10.95 
out-put pa-ram-e-ter\T1/lmr/m/n/10.95 . \T1/lmtt/m/n/10.95 as_copy
 []

[29] [30] [31] [32] [33]
Overfull \hbox (35.49193pt too wide) in paragraph at lines 653--654
[]\T1/lmr/m/n/10.95 Instead of blindly ad-vanc-ing a pointer, the new \T1/lmtt/
m/n/10.95 getfreeppages() \T1/lmr/m/n/10.95 func-tion scans the \T1/lmtt/m/n/10
.95 freeRamFrames
 []


Overfull \hbox (29.39517pt too wide) in paragraph at lines 683--684
\T1/lmr/m/n/10.95 A com-mon ques-tion arises when an-a-lyz-ing the up-graded \T
1/lmtt/m/n/10.95 dumbvm\T1/lmr/m/n/10.95 : \T1/lmr/m/it/10.95 If we have a bitm
ap (\T1/lmtt/m/it/10.95 freeRamFrames\T1/lmr/m/it/10.95 )
 []

[34]
Overfull \hbox (10.83305pt too wide) in paragraph at lines 704--705
\T1/lmr/m/n/10.95 com-pletely ig-nore them un-less ex-plic-itly in-structed to 
com-pile them. Open \T1/lmtt/m/n/10.95 kern/conf/conf.kern\T1/lmr/m/n/10.95 ,
 []


Overfull \hbox (47.41557pt too wide) in paragraph at lines 704--705
\T1/lmr/m/n/10.95 lo-cate the \T1/lmtt/m/n/10.95 defoption syscalls \T1/lmr/m/n
/10.95 dec-la-ra-tion, and ap-pend \T1/lmtt/m/n/10.95 optfile syscalls syscall/
file_syscalls.c
 []

[35] [36]
Overfull \hbox (11.95584pt too wide) in paragraph at lines 727--729
\T1/lmr/bx/n/10.95 [Exams 2020-06-27, 2020-09-12, 2021-02-15, 2024-01-22, 2025-
01-13] \T1/lmr/m/it/10.95 Quale, tra trapframe
 []


Overfull \hbox (6.47525pt too wide) in paragraph at lines 733--734
[]\T1/lmr/bx/n/10.95 Avvio Pro-cesso Utente: \T1/lmr/m/n/10.95 Viene uti-liz-za
to il \T1/lmr/bx/n/10.95 trapframe\T1/lmr/m/n/10.95 . La fun-zione \T1/lmtt/m/n
/10.95 enter_new_process
 []

[37] [38]
Overfull \hbox (0.20886pt too wide) in paragraph at lines 774--775
[]\T1/lmr/m/n/10.95 Allocazione nella memo-ria fisica: \T1/lmtt/b/n/10.95 as_pr
epare_load() \T1/lmr/m/n/10.95 (questa fun-zione chiama l'allocatore
 []

[39] [40] [41]) [42]
\openout2 = `laboratories/lab03.aux'.

 (./laboratories/lab03.tex
Chapter 3.
<images/deadlock_diagram.png, id=1176, 246.6816pt x 246.6816pt>
File: images/deadlock_diagram.png Graphic file (type png)
<use images/deadlock_diagram.png>
Package pdftex.def Info: images/deadlock_diagram.png  used on input line 13.
(pdftex.def)             Requested size: 317.07614pt x 317.10641pt.

LaTeX Warning: `h' float specifier changed to `ht'.

[43




]
Underfull \hbox (badness 10000) in paragraph at lines 38--41
\T1/lmr/m/n/10.95 Exams ask why \T1/lmtt/m/n/10.95 spinlock_acquire \T1/lmr/m/n
/10.95 uti-lizes both \T1/lmtt/m/n/10.95 spinlock_data_get \T1/lmr/m/n/10.95 an
d
 []

[44 <./images/deadlock_diagram.png>]
Underfull \hbox (badness 1308) in paragraph at lines 65--66
[]\T1/lmr/bx/n/10.95 Implementation B (Test-and-Test-and-Set): \T1/lmr/m/n/10.9
5 Uses an outer loop with
 []

[45]
Overfull \hbox (10.61232pt too wide) in paragraph at lines 87--88
[]\T1/lmtt/m/n/10.95 wchan_wakeone(struct wchan *wc, struct spinlock *lk)\T1/lm
r/m/n/10.95 : Awak-ens ex-actly one thread
 []


Overfull \hbox (2.82504pt too wide) in paragraph at lines 88--89
[]\T1/lmtt/m/n/10.95 wchan_wakeall(struct wchan *wc, struct spinlock *lk)\T1/lm
r/m/n/10.95 : Awak-ens all threads sleep-
 []

[46] [47] [48]
Overfull \hbox (23.5957pt too wide) in paragraph at lines 208--209
[]\T1/lmr/m/n/10.95 Condition Vari-ables are one of the most pow-er-ful^^Vbut a
lso most mis-un-der-stood^^Vsynchronization
 []

[49] [50] [51]
Overfull \hbox (75.91559pt too wide) in paragraph at lines 301--301
[]   \T1/lmtt/m/n/10.95 |      (Relinquishes the high-level lock so other threa
ds can enter the critical section)[] 
 []


Overfull \hbox (41.42319pt too wide) in paragraph at lines 315--315
[]          \T1/lmtt/m/n/10.95 (Thread A must reacquire the high-level lock bef
ore returning to the caller)[] 
 []

[52] [53] [54]
Overfull \hbox (43.80371pt too wide) in paragraph at lines 419--420
\T1/lmr/m/n/10.95 Before we can write the logic, we must de-fine the mem-ory la
y-out of a Lock. Open \T1/lmtt/m/n/10.95 kern/include/synch.h\T1/lmr/m/n/10.95 
.
 []

[55]
Overfull \hbox (23.88133pt too wide) in paragraph at lines 495--496
\T1/lmr/m/n/10.95 Condition Vari-ables re-quire sim-i-lar in-fras-truc-ture to 
put threads to sleep. In \T1/lmtt/m/n/10.95 kern/include/synch.h\T1/lmr/m/n/10.
95 ,
 []

[56] [57]
Overfull \hbox (40.09537pt too wide) in paragraph at lines 586--588
\T1/lmr/m/n/10.95 First, the ker-nel con-fig-u-ra-tion sys-tem needs to know th
at this op-tion ex-ists. Open \T1/lmtt/m/n/10.95 kern/conf/conf.kern
 []

[58] [59]
Overfull \hbox (4.18736pt too wide) in paragraph at lines 631--634
\T1/lmr/bx/n/10.95 [Exams 10/07/2020, 09/06/2021, 02/09/2021] \T1/lmr/m/it/10.9
5 Rifer-en-dosi all'implementazione della prim-
 []

[60] [61]
Overfull \hbox (8.36777pt too wide) in paragraph at lines 657--660
\T1/lmr/bx/n/10.95 [Exams 08/07/2022, 26/10/2022] \T1/lmr/m/it/10.95 Per-ché \T
1/lmtt/m/it/10.95 spinlock_acquire \T1/lmr/m/it/10.95 uti-lizza sia \T1/lmtt/m/
it/10.95 spinlock_data_get
 []

[62]
Overfull \hbox (14.20296pt too wide) in paragraph at lines 683--684
[]\T1/lmr/bx/n/10.95 2. In-izial-iz-zazione Lock e CV: \T1/lmr/m/n/10.95 Le fun
-zioni di in-izial-iz-zazione \T1/lmtt/m/n/10.95 lock_create() \T1/lmr/m/n/10.9
5 e \T1/lmtt/m/n/10.95 cv_create()
 []

[63])
Overfull \hbox (6.01979pt too wide) in paragraph at lines 724--56
[]\T1/lmr/bx/n/10.95 Answer: \T1/lmr/m/n/10.95 Un er-rore clas-sico è l'inversi
one delle op-er-azioni di lock. Un thread \T1/lmr/bx/n/10.95 deve possedere
 []

[64]
\openout2 = `laboratories/lab04.aux'.

 (./laboratories/lab04.tex
Chapter 4.
<images/exit_waitpid_dance.png, id=1578, 246.6816pt x 246.6816pt>
File: images/exit_waitpid_dance.png Graphic file (type png)
<use images/exit_waitpid_dance.png>
Package pdftex.def Info: images/exit_waitpid_dance.png  used on input line 23.
(pdftex.def)             Requested size: 452.9679pt x 453.0113pt.
[65




] [66 <./images/exit_waitpid_dance.png>] [67]
<images/zombie_process_lifecycle.png, id=1621, 246.6816pt x 246.6816pt>
File: images/zombie_process_lifecycle.png Graphic file (type png)
<use images/zombie_process_lifecycle.png>
Package pdftex.def Info: images/zombie_process_lifecycle.png  used on input lin
e 88.
(pdftex.def)             Requested size: 362.37569pt x 362.41055pt.
 [68 <./images/zombie_process_lifecycle.png>]
<images/sys_exit_race_condition.png, id=1627, 246.6816pt x 246.6816pt>
File: images/sys_exit_race_condition.png Graphic file (type png)
<use images/sys_exit_race_condition.png>
Package pdftex.def Info: images/sys_exit_race_condition.png  used on input line
 113.
(pdftex.def)             Requested size: 362.37569pt x 362.41055pt.
 [69 <./images/sys_exit_race_condition.png>] [70] [71] [72]
[73] [74] [75]
<images/waitpid_exit_architecture.png, id=1808, 246.6816pt x 246.6816pt>
File: images/waitpid_exit_architecture.png Graphic file (type png)
<use images/waitpid_exit_architecture.png>
Package pdftex.def Info: images/waitpid_exit_architecture.png  used on input li
ne 399.
(pdftex.def)             Requested size: 452.9679pt x 453.0113pt.
 [76 <./images/waitpid_exit_architecture.png>]
Overfull \hbox (19.40012pt too wide) in paragraph at lines 411--412
[]\T1/lmr/m/n/10.95 Finally, the awak-ened par-ent fin-ishes \T1/lmtt/m/n/10.95
 proc_wait()\T1/lmr/m/n/10.95 , re-turns the exit sta-tus via \T1/lmtt/m/n/10.9
5 copyout()\T1/lmr/m/n/10.95 ,
 []

[77] [78] [79] [80]
Overfull \hbox (40.336pt too wide) in paragraph at lines 517--519
\T1/lmr/bx/n/10.95 [Exam 2022-01-17] \T1/lmr/m/it/10.95 Si re-al-izzi una fun-z
ione \T1/lmtt/m/it/10.95 sys_waitpid\T1/lmr/m/it/10.95 , as-sumendo già re-al-i
z-zata \T1/lmtt/m/it/10.95 proc_wait(struct
 []

[81]
Overfull \hbox (7.39575pt too wide) in paragraph at lines 554--556
\T1/lmr/bx/n/10.95 [Exam 2024-09-02 - Q11] De-bug-ging proc_wait \T1/lmr/m/it/1
0.95 Trovare i 3 er-rori nella fun-zione \T1/lmtt/m/it/10.95 proc_wait
 []

[82]) [83] (./OS161_LABS.aux (./laboratories/lab01.aux)
(./laboratories/lab02.aux) (./laboratories/lab03.aux) (./laboratories/lab04.aux
))
 ***********
LaTeX2e <2025-11-01>
L3 programming layer <2026-01-19>
 ***********
Package rerunfilecheck Info: File `OS161_LABS.out' has not changed.
(rerunfilecheck)             Checksum: 12914ED9F9EF6CDD9685D367A33D3C60;26983.
 ) 
Here is how much of TeX's memory you used:
 31039 strings out of 467525
 617347 string characters out of 5418982
 1478774 words of memory out of 5000000
 58277 multiletter control sequences out of 15000+600000
 703251 words of font info for 90 fonts, out of 8000000 for 9000
 1141 hyphenation exceptions out of 8191
 98i,8n,108p,872b,2022s stack positions out of 10000i,1000n,20000p,200000b,200000s
</usr/local/texlive/2026/texmf-dist/fonts/type1/public/lm/lmbx10.pfb></usr/lo
cal/texlive/2026/texmf-dist/fonts/type1/public/lm/lmbx12.pfb></usr/local/texliv
e/2026/texmf-dist/fonts/type1/public/lm/lmmi10.pfb></usr/local/texlive/2026/tex
mf-dist/fonts/type1/public/lm/lmr10.pfb></usr/local/texlive/2026/texmf-dist/fon
ts/type1/public/lm/lmr12.pfb></usr/local/texlive/2026/texmf-dist/fonts/type1/pu
blic/lm/lmr17.pfb></usr/local/texlive/2026/texmf-dist/fonts/type1/public/lm/lmr
6.pfb></usr/local/texlive/2026/texmf-dist/fonts/type1/public/lm/lmri10.pfb></us
r/local/texlive/2026/texmf-dist/fonts/type1/public/lm/lmro10.pfb></usr/local/te
xlive/2026/texmf-dist/fonts/type1/public/lm/lmsy10.pfb></usr/local/texlive/2026
/texmf-dist/fonts/type1/public/lm/lmtk10.pfb></usr/local/texlive/2026/texmf-dis
t/fonts/type1/public/lm/lmtt10.pfb></usr/local/texlive/2026/texmf-dist/fonts/ty
pe1/public/lm/lmtt9.pfb></usr/local/texlive/2026/texmf-dist/fonts/type1/public/
lm/lmtti10.pfb>
Output written on OS161_LABS.pdf (84 pages, 4473470 bytes).
PDF statistics:
 2245 PDF objects out of 2487 (max. 8388607)
 2077 compressed objects within 21 object streams
 1159 named destinations out of 1200 (max. 500000)
 1048 words of extra memory for PDF output out of 10000 (max. 10000000)

