This is pdfTeX, Version 3.141592653-2.6-1.40.29 (TeX Live 2026) (preloaded format=pdflatex 2026.4.15)  21 JUN 2026 15:46
entering extended mode
 restricted \write18 enabled.
 %&-line parsing enabled.
**main.tex
(./main.tex
LaTeX2e <2025-11-01>
L3 programming layer <2026-01-19>
(/usr/local/texlive/2026/texmf-dist/tex/latex/base/book.cls
Document Class: book 2025/01/22 v1.4n Standard LaTeX document class
(/usr/local/texlive/2026/texmf-dist/tex/latex/base/bk11.clo
File: bk11.clo 2025/01/22 v1.4n Standard LaTeX file (size option)
)
\c@part=\count275
\c@chapter=\count276
\c@section=\count277
\c@subsection=\count278
\c@subsubsection=\count279
\c@paragraph=\count280
\c@subparagraph=\count281
\c@figure=\count282
\c@table=\count283
\abovecaptionskip=\skip49
\belowcaptionskip=\skip50
\bibindent=\dimen148
)
(/usr/local/texlive/2026/texmf-dist/tex/latex/base/inputenc.sty
Package: inputenc 2024/02/08 v1.3d Input encoding file
\inpenc@prehook=\toks17
\inpenc@posthook=\toks18
)
(/usr/local/texlive/2026/texmf-dist/tex/latex/geometry/geometry.sty
Package: geometry 2026/03/07 v6.0 Page Geometry

(/usr/local/texlive/2026/texmf-dist/tex/latex/graphics/keyval.sty
Package: keyval 2022/05/29 v1.15 key=value parser (DPC)
\KV@toks@=\toks19
)
(/usr/local/texlive/2026/texmf-dist/tex/generic/iftex/ifvtex.sty
Package: ifvtex 2019/10/25 v1.7 ifvtex legacy package. Use iftex instead.

(/usr/local/texlive/2026/texmf-dist/tex/generic/iftex/iftex.sty
Package: iftex 2024/12/12 v1.0g TeX engine tests
))
\Gm@cnth=\count284
\Gm@cntv=\count285
\c@Gm@tempcnt=\count286
\Gm@bindingoffset=\dimen149
\Gm@wd@mp=\dimen150
\Gm@odd@mp=\dimen151
\Gm@even@mp=\dimen152
\Gm@layoutwidth=\dimen153
\Gm@layoutheight=\dimen154
\Gm@layouthoffset=\dimen155
\Gm@layoutvoffset=\dimen156
\Gm@dimlist=\toks20
)
(/usr/local/texlive/2026/texmf-dist/tex/latex/graphics/graphicx.sty
Package: graphicx 2024/12/31 v1.2e Enhanced LaTeX Graphics (DPC,SPQR)

(/usr/local/texlive/2026/texmf-dist/tex/latex/graphics/graphics.sty
Package: graphics 2024/08/06 v1.4g Standard LaTeX Graphics (DPC,SPQR)

(/usr/local/texlive/2026/texmf-dist/tex/latex/graphics/trig.sty
Package: trig 2023/12/02 v1.11 sin cos tan (DPC)
)
(/usr/local/texlive/2026/texmf-dist/tex/latex/graphics-cfg/graphics.cfg
File: graphics.cfg 2016/06/04 v1.11 sample graphics configuration
)
Package graphics Info: Driver file: pdftex.def on input line 106.

(/usr/local/texlive/2026/texmf-dist/tex/latex/graphics-def/pdftex.def
File: pdftex.def 2025/09/29 v1.2d Graphics/color driver for pdftex
))
\Gin@req@height=\dimen157
\Gin@req@width=\dimen158
)
(/usr/local/texlive/2026/texmf-dist/tex/latex/listings/listings.sty
\lst@mode=\count287
\lst@gtempboxa=\box53
\lst@token=\toks21
\lst@length=\count288
\lst@currlwidth=\dimen159
\lst@column=\count289
\lst@pos=\count290
\lst@lostspace=\dimen160
\lst@width=\dimen161
\lst@newlines=\count291
\lst@lineno=\count292
\lst@maxwidth=\dimen162

(/usr/local/texlive/2026/texmf-dist/tex/latex/listings/lstpatch.sty
File: lstpatch.sty 2025/11/14 1.11b (Carsten Heinz)
)
(/usr/local/texlive/2026/texmf-dist/tex/latex/listings/lstmisc.sty
File: lstmisc.sty 2025/11/14 1.11b (Carsten Heinz)
\c@lstnumber=\count293
\lst@skipnumbers=\count294
\lst@framebox=\box54
)
(/usr/local/texlive/2026/texmf-dist/tex/latex/listings/listings.cfg
File: listings.cfg 2025/11/14 1.11b listings configuration
))
Package: listings 2025/11/14 1.11b (Carsten Heinz)

==> First Aid for listings.sty no longer applied!
    Expected:
        2024/09/23 1.10c (Carsten Heinz)
    but found:
        2025/11/14 1.11b (Carsten Heinz)
    so I'm assuming it got fixed.
(/usr/local/texlive/2026/texmf-dist/tex/latex/xcolor/xcolor.sty
Package: xcolor 2024/09/29 v3.02 LaTeX color extensions (UK)

(/usr/local/texlive/2026/texmf-dist/tex/latex/graphics-cfg/color.cfg
File: color.cfg 2016/01/02 v1.6 sample color configuration
)
Package xcolor Info: Driver file: pdftex.def on input line 274.

(/usr/local/texlive/2026/texmf-dist/tex/latex/graphics/mathcolor.ltx)
Package xcolor Info: Model `cmy' substituted by `cmy0' on input line 1349.
Package xcolor Info: Model `hsb' substituted by `rgb' on input line 1353.
Package xcolor Info: Model `RGB' extended on input line 1365.
Package xcolor Info: Model `HTML' substituted by `rgb' on input line 1367.
Package xcolor Info: Model `Hsb' substituted by `hsb' on input line 1368.
Package xcolor Info: Model `tHsb' substituted by `hsb' on input line 1369.
Package xcolor Info: Model `HSB' substituted by `hsb' on input line 1370.
Package xcolor Info: Model `Gray' substituted by `gray' on input line 1371.
Package xcolor Info: Model `wave' substituted by `hsb' on input line 1372.
)
(/usr/local/texlive/2026/texmf-dist/tex/latex/tcolorbox/tcolorbox.sty
Package: tcolorbox 2025/11/28 version 6.9.0 text color boxes

(/usr/local/texlive/2026/texmf-dist/tex/latex/pgf/frontendlayer/tikz.sty
(/usr/local/texlive/2026/texmf-dist/tex/latex/pgf/basiclayer/pgf.sty
(/usr/local/texlive/2026/texmf-dist/tex/latex/pgf/utilities/pgfrcs.sty
(/usr/local/texlive/2026/texmf-dist/tex/generic/pgf/utilities/pgfutil-common.te
x
\pgfutil@everybye=\toks22
\pgfutil@tempdima=\dimen163
\pgfutil@tempdimb=\dimen164
)
(/usr/local/texlive/2026/texmf-dist/tex/generic/pgf/utilities/pgfutil-latex.def
\pgfutil@abb=\box55
) (/usr/local/texlive/2026/texmf-dist/tex/generic/pgf/utilities/pgfrcs.code.tex
(/usr/local/texlive/2026/texmf-dist/tex/generic/pgf/pgf.revision.tex)
Package: pgfrcs 2025-08-29 v3.1.11a (3.1.11a)
))
Package: pgf 2025-08-29 v3.1.11a (3.1.11a)

(/usr/local/texlive/2026/texmf-dist/tex/latex/pgf/basiclayer/pgfcore.sty
(/usr/local/texlive/2026/texmf-dist/tex/latex/pgf/systemlayer/pgfsys.sty
(/usr/local/texlive/2026/texmf-dist/tex/generic/pgf/systemlayer/pgfsys.code.tex
Package: pgfsys 2025-08-29 v3.1.11a (3.1.11a)
(/usr/local/texlive/2026/texmf-dist/tex/generic/pgf/utilities/pgfkeys.code.tex
\pgfkeys@pathtoks=\toks23
\pgfkeys@temptoks=\toks24

(/usr/local/texlive/2026/texmf-dist/tex/generic/pgf/utilities/pgfkeyslibraryfil
tered.code.tex
\pgfkeys@tmptoks=\toks25
))
\pgf@x=\dimen165
\pgf@y=\dimen166
\pgf@xa=\dimen167
\pgf@ya=\dimen168
\pgf@xb=\dimen169
\pgf@yb=\dimen170
\pgf@xc=\dimen171
\pgf@yc=\dimen172
\pgf@xd=\dimen173
\pgf@yd=\dimen174
\w@pgf@writea=\write3
\r@pgf@reada=\read2
\c@pgf@counta=\count295
\c@pgf@countb=\count296
\c@pgf@countc=\count297
\c@pgf@countd=\count298
\t@pgf@toka=\toks26
\t@pgf@tokb=\toks27
\t@pgf@tokc=\toks28
\pgf@sys@id@count=\count299

(/usr/local/texlive/2026/texmf-dist/tex/generic/pgf/systemlayer/pgf.cfg
File: pgf.cfg 2025-08-29 v3.1.11a (3.1.11a)
)
Driver file for pgf: pgfsys-pdftex.def

(/usr/local/texlive/2026/texmf-dist/tex/generic/pgf/systemlayer/pgfsys-pdftex.d
ef
File: pgfsys-pdftex.def 2025-08-29 v3.1.11a (3.1.11a)

(/usr/local/texlive/2026/texmf-dist/tex/generic/pgf/systemlayer/pgfsys-common-p
df.def
File: pgfsys-common-pdf.def 2025-08-29 v3.1.11a (3.1.11a)
)))
(/usr/local/texlive/2026/texmf-dist/tex/generic/pgf/systemlayer/pgfsyssoftpath.
code.tex
File: pgfsyssoftpath.code.tex 2025-08-29 v3.1.11a (3.1.11a)
\pgfsyssoftpath@smallbuffer@items=\count300
\pgfsyssoftpath@bigbuffer@items=\count301
)
(/usr/local/texlive/2026/texmf-dist/tex/generic/pgf/systemlayer/pgfsysprotocol.
code.tex
File: pgfsysprotocol.code.tex 2025-08-29 v3.1.11a (3.1.11a)
))
(/usr/local/texlive/2026/texmf-dist/tex/generic/pgf/basiclayer/pgfcore.code.tex
Package: pgfcore 2025-08-29 v3.1.11a (3.1.11a)
(/usr/local/texlive/2026/texmf-dist/tex/generic/pgf/math/pgfmath.code.tex
(/usr/local/texlive/2026/texmf-dist/tex/generic/pgf/math/pgfmathutil.code.tex)
(/usr/local/texlive/2026/texmf-dist/tex/generic/pgf/math/pgfmathparser.code.tex
\pgfmath@dimen=\dimen175
\pgfmath@count=\count302
\pgfmath@box=\box56
\pgfmath@toks=\toks29
\pgfmath@stack@operand=\toks30
\pgfmath@stack@operation=\toks31
)
(/usr/local/texlive/2026/texmf-dist/tex/generic/pgf/math/pgfmathfunctions.code.
tex)
(/usr/local/texlive/2026/texmf-dist/tex/generic/pgf/math/pgfmathfunctions.basic
.code.tex)
(/usr/local/texlive/2026/texmf-dist/tex/generic/pgf/math/pgfmathfunctions.trigo
nometric.code.tex)
(/usr/local/texlive/2026/texmf-dist/tex/generic/pgf/math/pgfmathfunctions.rando
m.code.tex)
(/usr/local/texlive/2026/texmf-dist/tex/generic/pgf/math/pgfmathfunctions.compa
rison.code.tex)
(/usr/local/texlive/2026/texmf-dist/tex/generic/pgf/math/pgfmathfunctions.base.
code.tex)
(/usr/local/texlive/2026/texmf-dist/tex/generic/pgf/math/pgfmathfunctions.round
.code.tex)
(/usr/local/texlive/2026/texmf-dist/tex/generic/pgf/math/pgfmathfunctions.misc.
code.tex)
(/usr/local/texlive/2026/texmf-dist/tex/generic/pgf/math/pgfmathfunctions.integ
erarithmetics.code.tex)
(/usr/local/texlive/2026/texmf-dist/tex/generic/pgf/math/pgfmathcalc.code.tex)
(/usr/local/texlive/2026/texmf-dist/tex/generic/pgf/math/pgfmathfloat.code.tex
\c@pgfmathroundto@lastzeros=\count303
)) (/usr/local/texlive/2026/texmf-dist/tex/generic/pgf/math/pgfint.code.tex)
(/usr/local/texlive/2026/texmf-dist/tex/generic/pgf/basiclayer/pgfcorepoints.co
de.tex
File: pgfcorepoints.code.tex 2025-08-29 v3.1.11a (3.1.11a)
\pgf@picminx=\dimen176
\pgf@picmaxx=\dimen177
\pgf@picminy=\dimen178
\pgf@picmaxy=\dimen179
\pgf@pathminx=\dimen180
\pgf@pathmaxx=\dimen181
\pgf@pathminy=\dimen182
\pgf@pathmaxy=\dimen183
\pgf@xx=\dimen184
\pgf@xy=\dimen185
\pgf@yx=\dimen186
\pgf@yy=\dimen187
\pgf@zx=\dimen188
\pgf@zy=\dimen189
)
(/usr/local/texlive/2026/texmf-dist/tex/generic/pgf/basiclayer/pgfcorepathconst
ruct.code.tex
File: pgfcorepathconstruct.code.tex 2025-08-29 v3.1.11a (3.1.11a)
\pgf@path@lastx=\dimen190
\pgf@path@lasty=\dimen191
)
(/usr/local/texlive/2026/texmf-dist/tex/generic/pgf/basiclayer/pgfcorepathusage
.code.tex
File: pgfcorepathusage.code.tex 2025-08-29 v3.1.11a (3.1.11a)
\pgf@shorten@end@additional=\dimen192
\pgf@shorten@start@additional=\dimen193
)
(/usr/local/texlive/2026/texmf-dist/tex/generic/pgf/basiclayer/pgfcorescopes.co
de.tex
File: pgfcorescopes.code.tex 2025-08-29 v3.1.11a (3.1.11a)
\pgfpic=\box57
\pgf@hbox=\box58
\pgf@layerbox@main=\box59
\pgf@picture@serial@count=\count304
)
(/usr/local/texlive/2026/texmf-dist/tex/generic/pgf/basiclayer/pgfcoregraphicst
ate.code.tex
File: pgfcoregraphicstate.code.tex 2025-08-29 v3.1.11a (3.1.11a)
\pgflinewidth=\dimen194
)
(/usr/local/texlive/2026/texmf-dist/tex/generic/pgf/basiclayer/pgfcoretransform
ations.code.tex
File: pgfcoretransformations.code.tex 2025-08-29 v3.1.11a (3.1.11a)
\pgf@pt@x=\dimen195
\pgf@pt@y=\dimen196
\pgf@pt@temp=\dimen197
)
(/usr/local/texlive/2026/texmf-dist/tex/generic/pgf/basiclayer/pgfcorequick.cod
e.tex
File: pgfcorequick.code.tex 2025-08-29 v3.1.11a (3.1.11a)
)
(/usr/local/texlive/2026/texmf-dist/tex/generic/pgf/basiclayer/pgfcoreobjects.c
ode.tex
File: pgfcoreobjects.code.tex 2025-08-29 v3.1.11a (3.1.11a)
)
(/usr/local/texlive/2026/texmf-dist/tex/generic/pgf/basiclayer/pgfcorepathproce
ssing.code.tex
File: pgfcorepathprocessing.code.tex 2025-08-29 v3.1.11a (3.1.11a)
)
(/usr/local/texlive/2026/texmf-dist/tex/generic/pgf/basiclayer/pgfcorearrows.co
de.tex
File: pgfcorearrows.code.tex 2025-08-29 v3.1.11a (3.1.11a)
\pgfarrowsep=\dimen198
)
(/usr/local/texlive/2026/texmf-dist/tex/generic/pgf/basiclayer/pgfcoreshade.cod
e.tex
File: pgfcoreshade.code.tex 2025-08-29 v3.1.11a (3.1.11a)
\pgf@max=\dimen199
\pgf@sys@shading@range@num=\count305
\pgf@shadingcount=\count306
)
(/usr/local/texlive/2026/texmf-dist/tex/generic/pgf/basiclayer/pgfcoreimage.cod
e.tex
File: pgfcoreimage.code.tex 2025-08-29 v3.1.11a (3.1.11a)
)
(/usr/local/texlive/2026/texmf-dist/tex/generic/pgf/basiclayer/pgfcoreexternal.
code.tex
File: pgfcoreexternal.code.tex 2025-08-29 v3.1.11a (3.1.11a)
\pgfexternal@startupbox=\box60
)
(/usr/local/texlive/2026/texmf-dist/tex/generic/pgf/basiclayer/pgfcorelayers.co
de.tex
File: pgfcorelayers.code.tex 2025-08-29 v3.1.11a (3.1.11a)
)
(/usr/local/texlive/2026/texmf-dist/tex/generic/pgf/basiclayer/pgfcoretranspare
ncy.code.tex
File: pgfcoretransparency.code.tex 2025-08-29 v3.1.11a (3.1.11a)
)
(/usr/local/texlive/2026/texmf-dist/tex/generic/pgf/basiclayer/pgfcorepatterns.
code.tex
File: pgfcorepatterns.code.tex 2025-08-29 v3.1.11a (3.1.11a)
)
(/usr/local/texlive/2026/texmf-dist/tex/generic/pgf/basiclayer/pgfcorerdf.code.
tex
File: pgfcorerdf.code.tex 2025-08-29 v3.1.11a (3.1.11a)
)))
(/usr/local/texlive/2026/texmf-dist/tex/generic/pgf/modules/pgfmoduleshapes.cod
e.tex
File: pgfmoduleshapes.code.tex 2025-08-29 v3.1.11a (3.1.11a)
\pgfnodeparttextbox=\box61
)
(/usr/local/texlive/2026/texmf-dist/tex/generic/pgf/modules/pgfmoduleplot.code.
tex
File: pgfmoduleplot.code.tex 2025-08-29 v3.1.11a (3.1.11a)
)
(/usr/local/texlive/2026/texmf-dist/tex/latex/pgf/compatibility/pgfcomp-version
-0-65.sty
Package: pgfcomp-version-0-65 2025-08-29 v3.1.11a (3.1.11a)
\pgf@nodesepstart=\dimen256
\pgf@nodesepend=\dimen257
)
(/usr/local/texlive/2026/texmf-dist/tex/latex/pgf/compatibility/pgfcomp-version
-1-18.sty
Package: pgfcomp-version-1-18 2025-08-29 v3.1.11a (3.1.11a)
))
(/usr/local/texlive/2026/texmf-dist/tex/latex/pgf/utilities/pgffor.sty
(/usr/local/texlive/2026/texmf-dist/tex/latex/pgf/utilities/pgfkeys.sty
(/usr/local/texlive/2026/texmf-dist/tex/generic/pgf/utilities/pgfkeys.code.tex)
) (/usr/local/texlive/2026/texmf-dist/tex/latex/pgf/math/pgfmath.sty
(/usr/local/texlive/2026/texmf-dist/tex/generic/pgf/math/pgfmath.code.tex))
(/usr/local/texlive/2026/texmf-dist/tex/generic/pgf/utilities/pgffor.code.tex
Package: pgffor 2025-08-29 v3.1.11a (3.1.11a)
\pgffor@iter=\dimen258
\pgffor@skip=\dimen259
\pgffor@stack=\toks32
\pgffor@toks=\toks33
))
(/usr/local/texlive/2026/texmf-dist/tex/generic/pgf/frontendlayer/tikz/tikz.cod
e.tex
Package: tikz 2025-08-29 v3.1.11a (3.1.11a)

(/usr/local/texlive/2026/texmf-dist/tex/generic/pgf/libraries/pgflibraryplothan
dlers.code.tex
File: pgflibraryplothandlers.code.tex 2025-08-29 v3.1.11a (3.1.11a)
\pgf@plot@mark@count=\count307
\pgfplotmarksize=\dimen260
)
\tikz@lastx=\dimen261
\tikz@lasty=\dimen262
\tikz@lastxsaved=\dimen263
\tikz@lastysaved=\dimen264
\tikz@lastmovetox=\dimen265
\tikz@lastmovetoy=\dimen266
\tikzleveldistance=\dimen267
\tikzsiblingdistance=\dimen268
\tikz@figbox=\box62
\tikz@figbox@bg=\box63
\tikz@tempbox=\box64
\tikz@tempbox@bg=\box65
\tikztreelevel=\count308
\tikznumberofchildren=\count309
\tikznumberofcurrentchild=\count310
\tikz@fig@count=\count311

(/usr/local/texlive/2026/texmf-dist/tex/generic/pgf/modules/pgfmodulematrix.cod
e.tex
File: pgfmodulematrix.code.tex 2025-08-29 v3.1.11a (3.1.11a)
\pgfmatrixcurrentrow=\count312
\pgfmatrixcurrentcolumn=\count313
\pgf@matrix@numberofcolumns=\count314
)
\tikz@expandcount=\count315

(/usr/local/texlive/2026/texmf-dist/tex/generic/pgf/frontendlayer/tikz/librarie
s/tikzlibrarytopaths.code.tex
File: tikzlibrarytopaths.code.tex 2025-08-29 v3.1.11a (3.1.11a)
)))
(/usr/local/texlive/2026/texmf-dist/tex/latex/tools/verbatim.sty
Package: verbatim 2024-01-22 v1.5x LaTeX2e package for verbatim enhancements
\every@verbatim=\toks34
\verbatim@line=\toks35
\verbatim@in@stream=\read3
)
(/usr/local/texlive/2026/texmf-dist/tex/latex/environ/environ.sty
Package: environ 2014/05/04 v0.3 A new way to define environments

(/usr/local/texlive/2026/texmf-dist/tex/latex/trimspaces/trimspaces.sty
Package: trimspaces 2009/09/17 v1.1 Trim spaces around a token list
)
\@envbody=\toks36
)
(/usr/local/texlive/2026/texmf-dist/tex/latex/etoolbox/etoolbox.sty
Package: etoolbox 2025/10/02 v2.5m e-TeX tools for LaTeX (JAW)
\etb@tempcnta=\count316
)
\tcb@titlebox=\box66
\tcb@upperbox=\box67
\tcb@lowerbox=\box68
\tcb@phantombox=\box69
\c@tcbbreakpart=\count317
\c@tcblayer=\count318
\c@tcolorbox@number=\count319
\l__tcobox_tmpa_box=\box70
\l__tcobox_tmpa_dim=\dimen269
\tcb@temp=\box71
\tcb@temp=\box72
\tcb@temp=\box73
\tcb@temp=\box74
)
(/usr/local/texlive/2026/texmf-dist/tex/latex/hyperref/hyperref.sty
Package: hyperref 2026-01-29 v7.01p Hypertext links for LaTeX

(/usr/local/texlive/2026/texmf-dist/tex/latex/kvsetkeys/kvsetkeys.sty
Package: kvsetkeys 2022-10-05 v1.19 Key value parser (HO)
)
(/usr/local/texlive/2026/texmf-dist/tex/generic/kvdefinekeys/kvdefinekeys.sty
Package: kvdefinekeys 2019-12-19 v1.6 Define keys (HO)
)
(/usr/local/texlive/2026/texmf-dist/tex/generic/pdfescape/pdfescape.sty
Package: pdfescape 2019/12/09 v1.15 Implements pdfTeX's escape features (HO)

(/usr/local/texlive/2026/texmf-dist/tex/generic/ltxcmds/ltxcmds.sty
Package: ltxcmds 2023-12-04 v1.26 LaTeX kernel commands for general use (HO)
)
(/usr/local/texlive/2026/texmf-dist/tex/generic/pdftexcmds/pdftexcmds.sty
Package: pdftexcmds 2020-06-27 v0.33 Utility functions of pdfTeX for LuaTeX (HO
)

(/usr/local/texlive/2026/texmf-dist/tex/generic/infwarerr/infwarerr.sty
Package: infwarerr 2019/12/03 v1.5 Providing info/warning/error messages (HO)
)
Package pdftexcmds Info: \pdf@primitive is available.
Package pdftexcmds Info: \pdf@ifprimitive is available.
Package pdftexcmds Info: \pdfdraftmode found.
))
(/usr/local/texlive/2026/texmf-dist/tex/latex/hycolor/hycolor.sty
Package: hycolor 2020-01-27 v1.10 Color options for hyperref/bookmark (HO)
)
(/usr/local/texlive/2026/texmf-dist/tex/latex/hyperref/nameref.sty
Package: nameref 2026-01-29 v2.58 Cross-referencing by name of section

(/usr/local/texlive/2026/texmf-dist/tex/latex/refcount/refcount.sty
Package: refcount 2019/12/15 v3.6 Data extraction from label references (HO)
)
(/usr/local/texlive/2026/texmf-dist/tex/generic/gettitlestring/gettitlestring.s
ty
Package: gettitlestring 2019/12/15 v1.6 Cleanup title references (HO)
 (/usr/local/texlive/2026/texmf-dist/tex/latex/kvoptions/kvoptions.sty
Package: kvoptions 2022-06-15 v3.15 Key value format for package options (HO)
))
\c@section@level=\count320
)
(/usr/local/texlive/2026/texmf-dist/tex/generic/stringenc/stringenc.sty
Package: stringenc 2019/11/29 v1.12 Convert strings between diff. encodings (HO
)
)
\@linkdim=\dimen270
\Hy@linkcounter=\count321
\Hy@pagecounter=\count322

(/usr/local/texlive/2026/texmf-dist/tex/latex/hyperref/pd1enc.def
File: pd1enc.def 2026-01-29 v7.01p Hyperref: PDFDocEncoding definition (HO)
Now handling font encoding PD1 ...
... no UTF-8 mapping file for font encoding PD1
)
(/usr/local/texlive/2026/texmf-dist/tex/generic/intcalc/intcalc.sty
Package: intcalc 2019/12/15 v1.3 Expandable calculations with integers (HO)
)
\Hy@SavedSpaceFactor=\count323

(/usr/local/texlive/2026/texmf-dist/tex/latex/hyperref/puenc.def
File: puenc.def 2026-01-29 v7.01p Hyperref: PDF Unicode definition (HO)
Now handling font encoding PU ...
... no UTF-8 mapping file for font encoding PU
)
Package hyperref Info: Hyper figures OFF on input line 4201.
Package hyperref Info: Link nesting OFF on input line 4206.
Package hyperref Info: Hyper index ON on input line 4209.
Package hyperref Info: Plain pages OFF on input line 4216.
Package hyperref Info: Backreferencing OFF on input line 4221.
Package hyperref Info: Implicit mode ON; LaTeX internals redefined.
Package hyperref Info: Bookmarks ON on input line 4468.
\c@Hy@tempcnt=\count324

(/usr/local/texlive/2026/texmf-dist/tex/latex/url/url.sty
\Urlmuskip=\muskip17
Package: url 2013/09/16  ver 3.4  Verb mode for urls, etc.
)
LaTeX Info: Redefining \url on input line 4807.
\XeTeXLinkMargin=\dimen271

(/usr/local/texlive/2026/texmf-dist/tex/generic/bitset/bitset.sty
Package: bitset 2019/12/09 v1.3 Handle bit-vector datatype (HO)

(/usr/local/texlive/2026/texmf-dist/tex/generic/bigintcalc/bigintcalc.sty
Package: bigintcalc 2019/12/15 v1.5 Expandable calculations on big integers (HO
)
))
\Fld@menulength=\count325
\Field@Width=\dimen272
\Fld@charsize=\dimen273
Package hyperref Info: Hyper figures OFF on input line 6084.
Package hyperref Info: Link nesting OFF on input line 6089.
Package hyperref Info: Hyper index ON on input line 6092.
Package hyperref Info: backreferencing OFF on input line 6099.
Package hyperref Info: Link coloring OFF on input line 6104.
Package hyperref Info: Link coloring with OCG OFF on input line 6109.
Package hyperref Info: PDF/A mode OFF on input line 6114.
\Hy@abspage=\count326
\c@Item=\count327
\c@Hfootnote=\count328
)
Package hyperref Info: Driver (autodetected): hpdftex.

(/usr/local/texlive/2026/texmf-dist/tex/latex/hyperref/hpdftex.def
File: hpdftex.def 2026-01-29 v7.01p Hyperref driver for pdfTeX
\Fld@listcount=\count329
\c@bookmark@seq@number=\count330

(/usr/local/texlive/2026/texmf-dist/tex/latex/rerunfilecheck/rerunfilecheck.sty
Package: rerunfilecheck 2025-06-21 v1.11 Rerun checks for auxiliary files (HO)

(/usr/local/texlive/2026/texmf-dist/tex/generic/uniquecounter/uniquecounter.sty
Package: uniquecounter 2019/12/15 v1.4 Provide unlimited unique counter (HO)
)
Package uniquecounter Info: New unique counter `rerunfilecheck' on input line 2
84.
)
\Hy@SectionHShift=\skip51
) (/usr/local/texlive/2026/texmf-dist/tex/latex/amsfonts/amssymb.sty
Package: amssymb 2013/01/14 v3.01 AMS font symbols

(/usr/local/texlive/2026/texmf-dist/tex/latex/amsfonts/amsfonts.sty
Package: amsfonts 2013/01/14 v3.01 Basic AMSFonts support
\@emptytoks=\toks37
\symAMSa=\mathgroup4
\symAMSb=\mathgroup5
LaTeX Font Info:    Redeclaring math symbol \hbar on input line 98.
LaTeX Font Info:    Overwriting math alphabet `\mathfrak' in version `bold'
(Font)                  U/euf/m/n --> U/euf/b/n on input line 106.
))
(/usr/local/texlive/2026/texmf-dist/tex/latex/wasysym/wasysym.sty
Package: wasysym 2020/01/19 v2.4 Wasy-2 symbol support package
\symwasy=\mathgroup6
LaTeX Font Info:    Overwriting symbol font `wasy' in version `bold'
(Font)                  U/wasy/m/n --> U/wasy/b/n on input line 93.
)
(/usr/local/texlive/2026/texmf-dist/tex/latex/float/float.sty
Package: float 2001/11/08 v1.3d Float enhancements (AL)
\c@float@type=\count331
\float@exts=\toks38
\float@box=\box75
\@float@everytoks=\toks39
\@floatcapt=\box76
)
(/usr/local/texlive/2026/texmf-dist/tex/latex/tcolorbox/tcbskins.code.tex
Library (tcolorbox): 'tcbskins.code.tex' version '6.9.0'
(/usr/local/texlive/2026/texmf-dist/tex/latex/tikzfill/tikzfill.image.sty
Package: tikzfill.image 2023/08/08 v1.0.1 Image filling library for TikZ

(/usr/local/texlive/2026/texmf-dist/tex/latex/tikzfill/tikzfill-common.sty
Package: tikzfill-common 2023/08/08 v1.0.1 Auxiliary code for tikzfill
)
(/usr/local/texlive/2026/texmf-dist/tex/latex/tikzfill/tikzlibraryfill.image.co
de.tex
File: tikzlibraryfill.image.code.tex 2023/08/08 v1.0.1 Image filling library
\l__tikzfill_img_box=\box77
))
(/usr/local/texlive/2026/texmf-dist/tex/latex/tcolorbox/tcbskinsjigsaw.code.tex
Library (tcolorbox): 'tcbskinsjigsaw.code.tex' version '6.9.0'
)) (/usr/local/texlive/2026/texmf-dist/tex/latex/l3backend/l3backend-pdftex.def
File: l3backend-pdftex.def 2025-10-09 L3 backend support: PDF output (pdfTeX)
\l__color_backend_stack_int=\count332
) (./main.aux (./chapters/chapter_01_Programmazione_di_sistema/chapter_01.aux)
(./chapters/chapter_02_Architettura_e_memoria/chapter_02.aux)
(./chapters/chapter_03_Rust_fondamenti_operativi/chapter_03.aux)
(./chapters/chapter_04_Possesso/chapter_04.aux)
(./chapters/chapter_05_Tipi_composti/chapter_05.aux)
(./chapters/chapter_06_Gestione_degli_errori/chapter_06.aux)
(./chapters/chapter_07_Moduli/chapter_07.aux)
(./chapters/chapter_08_Polimorfismo/chapter_08.aux)
(./chapters/chapter_09_Test/chapter_09.aux)
(./chapters/chapter_10_Collezioni_e_persistenza/chapter_10.aux)
(./chapters/chapter_11_Smart_pointer/chapter_11.aux

LaTeX Warning: Label `fig:vtable' multiply defined.

) (./chapters/chapter_12_Chiusure_e_Iteratori/chapter_12.aux)
(./chapters/chapter_13_Programmazione_asincrona/chapter_13.aux)
(./chapters/chapter_14_Concorrenza_asincrona/chapter_14.aux)
(./chapters/chapter_15_FFI_e_Unsafe_Rust/chapter_15.aux)
(./chapters/chapter_16_Exam_Strategies/chapter_16.aux))
\openout1 = `main.aux'.

LaTeX Font Info:    Checking defaults for OML/cmm/m/it on input line 80.
LaTeX Font Info:    ... okay on input line 80.
LaTeX Font Info:    Checking defaults for OMS/cmsy/m/n on input line 80.
LaTeX Font Info:    ... okay on input line 80.
LaTeX Font Info:    Checking defaults for OT1/cmr/m/n on input line 80.
LaTeX Font Info:    ... okay on input line 80.
LaTeX Font Info:    Checking defaults for T1/cmr/m/n on input line 80.
LaTeX Font Info:    ... okay on input line 80.
LaTeX Font Info:    Checking defaults for TS1/cmr/m/n on input line 80.
LaTeX Font Info:    ... okay on input line 80.
LaTeX Font Info:    Checking defaults for OMX/cmex/m/n on input line 80.
LaTeX Font Info:    ... okay on input line 80.
LaTeX Font Info:    Checking defaults for U/cmr/m/n on input line 80.
LaTeX Font Info:    ... okay on input line 80.
LaTeX Font Info:    Checking defaults for PD1/pdf/m/n on input line 80.
LaTeX Font Info:    ... okay on input line 80.
LaTeX Font Info:    Checking defaults for PU/pdf/m/n on input line 80.
LaTeX Font Info:    ... okay on input line 80.

*geometry* driver: auto-detecting
*geometry* detected driver: pdftex
*geometry* verbose mode - [ preamble ] result:
* driver: pdftex
* paper: a4paper
* layout: <same size as paper>
* layoutoffset:(h,v)=(0.0pt,0.0pt)
* modes: twoside 
* h-part:(L,W,R)=(72.26999pt, 452.9679pt, 72.26999pt)
* v-part:(T,H,B)=(72.26999pt, 700.50687pt, 72.26999pt)
* \paperwidth=597.50787pt
* \paperheight=845.04684pt
* \textwidth=452.9679pt
* \textheight=700.50687pt
* \oddsidemargin=0.0pt
* \evensidemargin=0.0pt
* \topmargin=-31.8738pt
* \headheight=12.0pt
* \headsep=19.8738pt
* \topskip=11.0pt
* \footskip=27.46295pt
* \marginparwidth=106.0pt
* \marginparsep=7.0pt
* \columnsep=10.0pt
* \skip\footins=10.0pt plus 4.0pt minus 2.0pt
* \hoffset=0.0pt
* \voffset=0.0pt
* \mag=1000
* \@twocolumnfalse
* \@twosidetrue
* \@mparswitchtrue
* \@reversemarginfalse
* (1in=72.27pt=25.4mm, 1cm=28.453pt)

(/usr/local/texlive/2026/texmf-dist/tex/context/base/mkii/supp-pdf.mkii
[Loading MPS to PDF converter (version 2006.09.02).]
\scratchcounter=\count333
\scratchdimen=\dimen274
\scratchbox=\box78
\nofMPsegments=\count334
\nofMParguments=\count335
\everyMPshowfont=\toks40
\MPscratchCnt=\count336
\MPscratchDim=\dimen275
\MPnumerator=\count337
\makeMPintoPDFobject=\count338
\everyMPtoPDFconversion=\toks41
) (/usr/local/texlive/2026/texmf-dist/tex/latex/epstopdf-pkg/epstopdf-base.sty
Package: epstopdf-base 2020-01-24 v2.11 Base part for package epstopdf
Package epstopdf-base Info: Redefining graphics rule for `.eps' on input line 4
85.

(/usr/local/texlive/2026/texmf-dist/tex/latex/latexconfig/epstopdf-sys.cfg
File: epstopdf-sys.cfg 2010/07/13 v1.3 Configuration of (r)epstopdf for TeX Liv
e
))
\c@lstlisting=\count339
Package hyperref Info: Link coloring OFF on input line 80.

(./main.out) (./main.out)
\@outlinefile=\write4
\openout4 = `main.out'.

LaTeX Font Info:    Trying to load font information for U+msa on input line 82.


(/usr/local/texlive/2026/texmf-dist/tex/latex/amsfonts/umsa.fd
File: umsa.fd 2013/01/14 v3.01 AMS symbols A
)
LaTeX Font Info:    Trying to load font information for U+msb on input line 82.


(/usr/local/texlive/2026/texmf-dist/tex/latex/amsfonts/umsb.fd
File: umsb.fd 2013/01/14 v3.01 AMS symbols B
)
LaTeX Font Info:    Trying to load font information for U+wasy on input line 82
.

(/usr/local/texlive/2026/texmf-dist/tex/latex/wasysym/uwasy.fd
File: uwasy.fd 2020/01/19 v2.4 Wasy-2 symbol font definitions
) [1


{/usr/local/texlive/2026/texmf-var/fonts/map/pdftex/updmap/pdftex.map}] [2

] (./main.toc
[3]
LaTeX Font Info:    Trying to load font information for OMS+cmtt on input line 
84.
LaTeX Font Info:    No file OMScmtt.fd. on input line 84.


LaTeX Font Warning: Font shape `OMS/cmtt/m/n' undefined
(Font)              using `OMS/cmsy/m/n' instead
(Font)              for symbol `textbraceleft' on input line 84.

[4] [5] [6] [7] [8] [9])
\tf@toc=\write5
\openout5 = `main.toc'.

 [10]
\openout2 = `chapters/chapter_01_Programmazione_di_sistema/chapter_01.aux'.


(./chapters/chapter_01_Programmazione_di_sistema/chapter_01.tex
Chapter 1.
<images/system_architecture.png, id=1768, 246.6816pt x 246.6816pt>
File: images/system_architecture.png Graphic file (type png)
<use images/system_architecture.png>
Package pdftex.def Info: images/system_architecture.png  used on input line 11.

(pdftex.def)             Requested size: 362.37569pt x 362.41055pt.

Underfull \vbox (badness 10000) has occurred while \output is active []

 [11


]
[12
pdfTeX warning (ext4): destination with the same identifier (name{figure.1.1}) 
has been already used, duplicate ignored
<argument> ...shipout:D \box_use:N \l_shipout_box 
                                                  \__shipout_drop_firstpage_...
l.33 \subsection
                {The Role of the Runtime Library}{/usr/local/texlive/2026/texmf
-dist/fonts/enc/dvips/cm-super/cm-super-ts1.enc} <./images/system_architecture.
png>]
Overfull \hbox (7.29039pt too wide) in paragraph at lines 39--40
[]\OT1/cmr/bx/n/10.95 Wrapper func-tions \OT1/cmr/m/n/10.95 that make op-er-at-
ing sys-tem ser-vices accessible---for ex-am-ple, \OT1/cmtt/m/n/10.95 fopen()
 []

[13]
Underfull \vbox (badness 10000) has occurred while \output is active []

 [14]
[15] [16] [17]
Underfull \hbox (badness 10000) in paragraph at lines 189--190

 []

[18] [19]
<images/cache_locality.png, id=1820, 246.6816pt x 246.6816pt>
File: images/cache_locality.png Graphic file (type png)
<use images/cache_locality.png>
Package pdftex.def Info: images/cache_locality.png  used on input line 260.
(pdftex.def)             Requested size: 452.9679pt x 453.0113pt.

Underfull \vbox (badness 10000) has occurred while \output is active []

 [20]
[21
pdfTeX warning (ext4): destination with the same identifier (name{figure.1.2}) 
has been already used, duplicate ignored
<argument> ...shipout:D \box_use:N \l_shipout_box 
                                                  \__shipout_drop_firstpage_...
l.274     \item I
                 t can access \textbf{any cell} in the address space (a poin...
 <./images/cache_locality.png>]
LaTeX Font Info:    Font shape `OT1/cmtt/bx/n' in size <12> not available
(Font)              Font shape `OT1/cmtt/m/n' tried instead on input line 283.

(/usr/local/texlive/2026/texmf-dist/tex/latex/listings/lstlang1.sty
File: lstlang1.sty 2025/11/14 1.11b listings language file
)
(/usr/local/texlive/2026/texmf-dist/tex/latex/listings/lstmisc.sty
File: lstmisc.sty 2025/11/14 1.11b (Carsten Heinz)
)
LaTeX Font Info:    Font shape `OT1/cmtt/bx/n' in size <10> not available
(Font)              Font shape `OT1/cmtt/m/n' tried instead on input line 288.

Underfull \vbox (badness 1142) has occurred while \output is active []

 [22]
<images/stack_execution.png, id=1842, 246.6816pt x 246.6816pt>
File: images/stack_execution.png Graphic file (type png)
<use images/stack_execution.png>
Package pdftex.def Info: images/stack_execution.png  used on input line 329.
(pdftex.def)             Requested size: 452.9679pt x 453.0113pt.

Underfull \vbox (badness 10000) has occurred while \output is active []

 [23]
[24
pdfTeX warning (ext4): destination with the same identifier (name{figure.1.3}) 
has been already used, duplicate ignored
<argument> ...shipout:D \box_use:N \l_shipout_box 
                                                  \__shipout_drop_firstpage_...
l.350 
       <./images/stack_execution.png>]
LaTeX Font Info:    Font shape `OT1/cmtt/bx/n' in size <10.95> not available
(Font)              Font shape `OT1/cmtt/m/n' tried instead on input line 351.
 [25]
Overfull \hbox (0.63123pt too wide) in paragraph at lines 415--416
[][][][][][][][][][][][][][][][][][][][][][][][][][][][][][][][][][][][][][][][
][][][][][][][][][][][][][][][][][][][][][][][][][][][][][][][][][][][][][][][]
[][][] 
 []

[26] [27] (/usr/local/texlive/2026/texmf-dist/tex/latex/listings/lstlang1.sty
File: lstlang1.sty 2025/11/14 1.11b listings language file
)
(/usr/local/texlive/2026/texmf-dist/tex/latex/listings/lstlang1.sty
File: lstlang1.sty 2025/11/14 1.11b listings language file
) [28]
Overfull \hbox (75.57764pt too wide) in paragraph at lines 514--529
 [] 
 []

[29]
Underfull \hbox (badness 10000) in paragraph at lines 581--582
[]\OT1/cmr/m/n/10.95 Undefined Be-hav-ior (UB),
 []


Underfull \hbox (badness 10000) in paragraph at lines 591--592
[]\OT1/cmr/m/n/10.95 Random re-sults, non-
 []

[30]
Underfull \hbox (badness 10000) in paragraph at lines 617--618
[]\OT1/cmr/m/n/10.95 Controlled by GC, non-
 []


Overfull \hbox (0.82835pt too wide) in paragraph at lines 611--628
 [] 
 []


Overfull \hbox (55.23128pt too wide) in paragraph at lines 639--654
 [] 
 []


Underfull \vbox (badness 10000) has occurred while \output is active []

 [31]
[32]
Underfull \hbox (badness 10000) in paragraph at lines 692--694

 []

) [33]
\openout2 = `chapters/chapter_02_Architettura_e_memoria/chapter_02.aux'.

 (./chapters/chapter_02_Architettura_e_memoria/chapter_02.tex [34




]
Chapter 2.
LaTeX Font Info:    Font shape `OT1/cmtt/bx/n' in size <14.4> not available
(Font)              Font shape `OT1/cmtt/m/n' tried instead on input line 13.
[35]
<images/memory_layout.png, id=1974, 246.6816pt x 246.6816pt>
File: images/memory_layout.png Graphic file (type png)
<use images/memory_layout.png>
Package pdftex.def Info: images/memory_layout.png  used on input line 27.
(pdftex.def)             Requested size: 226.48395pt x 226.4906pt.
 [36
pdfTeX warning (ext4): destination with the same identifier (name{figure.2.1}) 
has been already used, duplicate ignored
<argument> ...shipout:D \box_use:N \l_shipout_box 
                                                  \__shipout_drop_firstpage_...
l.50 \end{enumerate}
                     <./images/memory_layout.png>]
(/usr/local/texlive/2026/texmf-dist/tex/latex/listings/lstlang1.sty
File: lstlang1.sty 2025/11/14 1.11b listings language file
)
Overfull \hbox (2.96545pt too wide) in paragraph at lines 82--83
[]\OT1/cmr/m/n/10.95 However, the Stack is fun-da-men-tally lim-ited. First, it
s size is fixed (of-ten around a megabyte).
 []


Underfull \vbox (badness 1648) has occurred while \output is active []

 [37]
[38] [39] (/usr/local/texlive/2026/texmf-dist/tex/latex/listings/lstlang1.sty
File: lstlang1.sty 2025/11/14 1.11b listings language file
)
[40]
Overfull \hbox (15.86708pt too wide) in paragraph at lines 219--220
[]\OT1/cmr/bx/n/10.95 Heap: \OT1/cmr/m/n/10.95 area us-ata per l'allocazione di
-nam-ica. \OT1/cmr/m/it/10.95 Es-em-pio: \OT1/cmr/m/n/10.95 In \OT1/cmtt/m/n/10
.95 int* buffer = new int[size];\OT1/cmr/m/n/10.95 ,
 []

[41]) [42]
\openout2 = `chapters/chapter_03_Rust_fondamenti_operativi/chapter_03.aux'.

 (./chapters/chapter_03_Rust_fondamenti_operativi/chapter_03.tex
Chapter 3.
[43




] [44]
Underfull \vbox (badness 10000) has occurred while \output is active []

 [45]
Underfull \vbox (badness 1342) has occurred while \output is active []

 [46]
[47]
Underfull \vbox (badness 3838) has occurred while \output is active []

 [48]
Underfull \hbox (badness 4229) in paragraph at lines 269--270
[]\OT1/cmr/m/n/10.95 All un-nec-es-sary over-head re-
 []

[49] [50]

LaTeX Font Warning: Font shape `OMS/cmtt/bx/n' undefined
(Font)              using `OMS/cmtt/m/n' instead
(Font)              for symbol `textbraceleft' on input line 351.

[51] [52] [53] [54]
Underfull \vbox (badness 10000) has occurred while \output is active []

 [55]
Underfull \vbox (badness 1331) has occurred while \output is active []

 [56]
[57] [58] [59] [60]
Underfull \vbox (badness 10000) has occurred while \output is active []

 [61]
Overfull \hbox (67.35635pt too wide) in paragraph at lines 858--867
 [] 
 []

[62]
Underfull \vbox (badness 10000) has occurred while \output is active []

 [63]
[64] [65]
Underfull \hbox (badness 10000) in paragraph at lines 1015--1015
[]\OT1/cmr/m/n/10.95 C: \OT1/cmtt/m/n/10.95 int \OT1/cmr/m/n/10.95 has platform
-
 []


Underfull \hbox (badness 2368) in paragraph at lines 1025--1026
[]\OT1/cmtt/m/n/10.95 &str \OT1/cmr/m/n/10.95 (im-mutable slice) vs.
 []


Underfull \hbox (badness 10000) in paragraph at lines 1027--1027
\OT1/cmr/m/n/10.95 etc.). Java: sep-a-rate
 []


Underfull \hbox (badness 10000) in paragraph at lines 1027--1027
\OT1/cmr/m/n/10.95 method sets on \OT1/cmtt/m/n/10.95 String
 []


Underfull \hbox (badness 3482) in paragraph at lines 1029--1030
[]\OT1/cmr/m/n/10.95 Syntax-tree-aware, hy-gienic,
 []


Underfull \hbox (badness 1308) in paragraph at lines 1031--1031
[]\OT1/cmr/m/n/10.95 C/Java: \OT1/cmtt/m/n/10.95 switch \OT1/cmr/m/n/10.95 on v
al-ues
 []


Underfull \hbox (badness 1546) in paragraph at lines 1031--1032
[]\OT1/cmtt/m/n/10.95 match\OT1/cmr/m/n/10.95 : value + struc-tural
 []


Underfull \hbox (badness 2635) in paragraph at lines 1031--1032
\OT1/cmr/m/n/10.95 pat-tern match-ing with ex-
 []


Underfull \hbox (badness 2961) in paragraph at lines 1033--1034
\OT1/cmr/m/n/10.95 colon is the re-turn value;
 []

[66]) [67]
\openout2 = `chapters/chapter_04_Possesso/chapter_04.aux'.

 (./chapters/chapter_04_Possesso/chapter_04.tex [68




]
Chapter 4.

Underfull \vbox (badness 10000) has occurred while \output is active []

 [69]
Underfull \vbox (badness 4954) has occurred while \output is active []

 [70]
[71]
Underfull \vbox (badness 10000) has occurred while \output is active []

 [72]

LaTeX Warning: File `images/ch04_vec_memory_layout_and_reallocation.png' not fo
und on input line 113.


! Package pdftex.def Error: File `images/ch04_vec_memory_layout_and_reallocatio
n.png' not found: using draft setting.

See the pdftex.def package documentation for explanation.
Type  H <return>  for immediate help.
 ...                                              
                                                  
l.113 ...4_vec_memory_layout_and_reallocation.png}
                                                  
Try typing  <return>  to proceed.
If that doesn't work, type  X <return>  to quit.


Underfull \vbox (badness 10000) has occurred while \output is active []

 [73]
[74
pdfTeX warning (ext4): destination with the same identifier (name{figure.4.1}) 
has been already used, duplicate ignored
<argument> ...shipout:D \box_use:N \l_shipout_box 
                                                  \__shipout_drop_firstpage_...
l.135     \item \textbf
                       {Returning a result:} \texttt{return a;} --- the valu...
]
Overfull \hbox (6.93121pt too wide) in paragraph at lines 148--149
[][][][][][][][][][][][][][][][][][][][][][][][][][][][][][][][][][][][][][][][
][][][][][][][][][][][][][][][][][][][][][][][][][][][][][][][] 
 []


LaTeX Warning: File `images/ch04_string_move_ownership_transfer.png' not found 
on input line 167.


! Package pdftex.def Error: File `images/ch04_string_move_ownership_transfer.pn
g' not found: using draft setting.

See the pdftex.def package documentation for explanation.
Type  H <return>  for immediate help.
 ...                                              
                                                  
l.167 .../ch04_string_move_ownership_transfer.png}
                                                  
Try typing  <return>  to proceed.
If that doesn't work, type  X <return>  to quit.


Underfull \vbox (badness 10000) has occurred while \output is active []

 [75]
Underfull \vbox (badness 10000) has occurred while \output is active []

 [76
pdfTeX warning (ext4): destination with the same identifier (name{figure.4.2}) 
has been already used, duplicate ignored
<argument> ...shipout:D \box_use:N \l_shipout_box 
                                                  \__shipout_drop_firstpage_...
l.180 
      ] [77] [78] [79] [80] [81]
Overfull \hbox (32.13116pt too wide) in paragraph at lines 408--409
[][][][][][][][][][][][][][][][][][][][][][][][][][][][][][][][][][][][][][][][
][][][][][][][] 
 []

[82]

LaTeX Warning: File `images/ch04_box_return_ownership_transfer.png' not found o
n input line 456.


! Package pdftex.def Error: File `images/ch04_box_return_ownership_transfer.png
' not found: using draft setting.

See the pdftex.def package documentation for explanation.
Type  H <return>  for immediate help.
 ...                                              
                                                  
l.456 ...s/ch04_box_return_ownership_transfer.png}
                                                  
Try typing  <return>  to proceed.
If that doesn't work, type  X <return>  to quit.


Underfull \vbox (badness 10000) has occurred while \output is active []

 [83]
[84
pdfTeX warning (ext4): destination with the same identifier (name{figure.4.3}) 
has been already used, duplicate ignored
<argument> ...shipout:D \box_use:N \l_shipout_box 
                                                  \__shipout_drop_firstpage_...
l.478 
      ] [85] [86] [87] [88]
Underfull \vbox (badness 3088) has occurred while \output is active []

 [89]
[90] [91]

LaTeX Warning: File `images/ch04_slice_fat_pointer.png' not found on input line
 749.


! Package pdftex.def Error: File `images/ch04_slice_fat_pointer.png' not found:
 using draft setting.

See the pdftex.def package documentation for explanation.
Type  H <return>  for immediate help.
 ...                                              
                                                  
l.749 ...width]{images/ch04_slice_fat_pointer.png}
                                                  
Try typing  <return>  to proceed.
If that doesn't work, type  X <return>  to quit.

[92
pdfTeX warning (ext4): destination with the same identifier (name{figure.4.4}) 
has been already used, duplicate ignored
<argument> ...shipout:D \box_use:N \l_shipout_box 
                                                  \__shipout_drop_firstpage_...
l.759 \begin{center}
                    ] [93]
Underfull \hbox (badness 10000) in paragraph at lines 818--819

 []


Underfull \vbox (badness 10000) has occurred while \output is active []

 [94]
Underfull \vbox (badness 10000) has occurred while \output is active []

 [95]
[96]
Underfull \vbox (badness 10000) has occurred while \output is active []

 [97]
Underfull \vbox (badness 10000) has occurred while \output is active []

 [98])
[99]
\openout2 = `chapters/chapter_05_Tipi_composti/chapter_05.aux'.

 (./chapters/chapter_05_Tipi_composti/chapter_05.tex [100




]
Chapter 5.

LaTeX Warning: File `images/ch05_structs_enums_overview.png' not found on input
 line 12.


! Package pdftex.def Error: File `images/ch05_structs_enums_overview.png' not f
ound: using draft setting.

See the pdftex.def package documentation for explanation.
Type  H <return>  for immediate help.
 ...                                              
                                                  
l.12 ...h]{images/ch05_structs_enums_overview.png}
                                                  
Try typing  <return>  to proceed.
If that doesn't work, type  X <return>  to quit.


Underfull \vbox (badness 10000) has occurred while \output is active []

 [101]
Underfull \vbox (badness 10000) has occurred while \output is active []

 [102
pdfTeX warning (ext4): destination with the same identifier (name{figure.5.1}) 
has been already used, duplicate ignored
<argument> ...shipout:D \box_use:N \l_shipout_box 
                                                  \__shipout_drop_firstpage_...
l.38 
     ]
Overfull \hbox (17.29883pt too wide) in paragraph at lines 66--67
[]\OT1/cmr/m/n/10.95 This short-hand al-lows us to avoid writ-ing \OT1/cmtt/m/n
/10.95 name: name, health: health, level: level\OT1/cmr/m/n/10.95 ---
 []


Underfull \vbox (badness 2707) has occurred while \output is active []

 [103]
Underfull \hbox (badness 1609) in paragraph at lines 119--120
\OT1/cmtt/m/n/10.95 name: String, health: i32, level: u8 \OT1/cmr/m/n/10.95 has
 \OT1/cmr/bx/n/10.95 noth-ing to do \OT1/cmr/m/n/10.95 with a struct
 []

[104] [105]

! Package pgfkeys Error: I do not know the key '/tcb/Padding' and I am going to
 ignore it. Perhaps you misspelled it.

See the pgfkeys package documentation for explanation.
Type  H <return>  for immediate help.
 ...                                              
                                                  
l.169 ...t Memory Layout, Padding, and Alignment}]
                                                  
This error message was generated by an \errmessage
command, so I can't give any explicit help.
Pretend that you're Hercule Poirot: Examine all clues,
and deduce the truth by order and method.


! Package pgfkeys Error: I do not know the key '/tcb/and Alignment' and I am go
ing to ignore it. Perhaps you misspelled it.

See the pgfkeys package documentation for explanation.
Type  H <return>  for immediate help.
 ...                                              
                                                  
l.169 ...t Memory Layout, Padding, and Alignment}]
                                                  
(That was another \errmessage.)


LaTeX Warning: File `images/ch05_player_memory_layout.png' not found on input l
ine 186.


! Package pdftex.def Error: File `images/ch05_player_memory_layout.png' not fou
nd: using draft setting.

See the pdftex.def package documentation for explanation.
Type  H <return>  for immediate help.
 ...                                              
                                                  
l.186 ...th]{images/ch05_player_memory_layout.png}
                                                  
Try typing  <return>  to proceed.
If that doesn't work, type  X <return>  to quit.


Underfull \vbox (badness 10000) has occurred while \output is active []

 [106]
[107
pdfTeX warning (ext4): destination with the same identifier (name{figure.5.2}) 
has been already used, duplicate ignored
<argument> ...shipout:D \box_use:N \l_shipout_box 
                                                  \__shipout_drop_firstpage_...
l.205     \item \textbf
                       {Hardware representation}: The data itself is a repre...
]
Overfull \hbox (0.39363pt too wide) in paragraph at lines 205--206
[]\OT1/cmr/bx/n/10.95 Hardware rep-re-sen-ta-tion\OT1/cmr/m/n/10.95 : The data 
it-self is a rep-re-sen-ta-tion of hard-ware information---
 []

[108] [109]
Underfull \vbox (badness 10000) has occurred while \output is active []

 [110]
Overfull \hbox (13.2312pt too wide) in paragraph at lines 356--357
[][][][][][][][][][][][][][][][][][][][][][][][][][][][][][][][][][][][][][][][
][][][][][][][][][][][][][][][][][][][][][][][][][][][][][][][][][][][][][][][]
 
 []


Overfull \hbox (25.83118pt too wide) in paragraph at lines 380--382
[][][][][][][][][][][][][][][][][][][][][][][][][][][][][][][][][][][][][][][][
][][][][][][][][][][][][][][][][][][][][][][][][][][][][][][][][][][][] 
 []


Overfull \hbox (13.2312pt too wide) in paragraph at lines 382--383
[][][][][][][][][][][][][][][][][][][][][][][][][][][][][][][][][][][][][][][][
][][][][][][][][][][][][][][][][][][][][][][][][][][][][][][][][][][][][][][][]
[][] 
 []


Overfull \hbox (38.43115pt too wide) in paragraph at lines 383--385
[][][][][][][][][][][][][][][][][][][][][][][][][][][][][][][][][][][][][][][][
][][][][][][][][][][][][][][][][][][][][][][][][][][][][][][][][][][][][][][] 
 []

[111]
Overfull \hbox (82.53107pt too wide) in paragraph at lines 387--389
[][][][][][][][][][][][][][][][][][][][][][][][][][][][][][][][][][][][][][][][
][][][][][][][][][][][][][][][][][][][][][][][][][][][][][][] 
 []


Overfull \hbox (0.63123pt too wide) in paragraph at lines 389--390
[][][][][][][][][][][][][][][][][][][][][][][][][][][][][][][][][][][][][][][][
][][][][][][][][][][][][][][][][][][][][][][][][][][][][][][][][][][][][][][][]
[][] 
 []


Overfull \hbox (6.93121pt too wide) in paragraph at lines 390--391
[][][][][][][][][][][][][][][][][][][][][][][][][][][][][][][][][][][][][][][][
][][][][][][][][][][][][][][][][][][][][][][][][][][][][][] 
 []

[112]
Overfull \hbox (82.53107pt too wide) in paragraph at lines 447--448
[][][][][][][][][][][][][][][][][][][][][][][][][][][][][][][][][][][][][][][][
][][][][][][][][][][][][][][][][][][][][][][][][][][][] 
 []


Underfull \vbox (badness 2809) has occurred while \output is active []

 [113]
[114]
Overfull \hbox (38.43115pt too wide) in paragraph at lines 506--507
[][][][][][][][][][][][][][][][][][][][][][][][][][][][][][][][][][][][][][][][
][][][][][][][][][][][][][][][][][][][][][][][][][][][][][][][][][] 
 []

[115]
Overfull \hbox (88.83105pt too wide) in paragraph at lines 593--594
[][][][][][][][][][][][][][][][][][][][][][][][][][][][][][][][][][][][][][][][
][][][][][][][][][][][][][][][][][][] 
 []

[116]
Overfull \hbox (51.03113pt too wide) in paragraph at lines 594--595
[][][][][][][][][][][][][][][][][][][][][][][][][][][][][][][][][][][][][][][][
][][][][][][][][][][][][][][][][][][][][][] 
 []


Underfull \vbox (badness 10000) has occurred while \output is active []

 [117]

LaTeX Warning: File `images/ch05_enum_tagged_union_layout.png' not found on inp
ut line 653.


! Package pdftex.def Error: File `images/ch05_enum_tagged_union_layout.png' not
 found: using draft setting.

See the pdftex.def package documentation for explanation.
Type  H <return>  for immediate help.
 ...                                              
                                                  
l.653 ...images/ch05_enum_tagged_union_layout.png}
                                                  
Try typing  <return>  to proceed.
If that doesn't work, type  X <return>  to quit.


Underfull \vbox (badness 10000) has occurred while \output is active []

 [118]
[119
pdfTeX warning (ext4): destination with the same identifier (name{figure.5.3}) 
has been already used, duplicate ignored
<argument> ...shipout:D \box_use:N \l_shipout_box 
                                                  \__shipout_drop_firstpage_...
l.681         println!
                      ("Rectangle {}x{}", w, h);]
Overfull \hbox (49.62015pt too wide) in paragraph at lines 723--740
 [] 
 []

[120]
Underfull \vbox (badness 10000) has occurred while \output is active []

 [121])
Underfull \vbox (badness 10000) has occurred while \output is active []

 [122]
[123]
\openout2 = `chapters/chapter_06_Gestione_degli_errori/chapter_06.aux'.

 (./chapters/chapter_06_Gestione_degli_errori/chapter_06.tex [124




]
Chapter 6.

Underfull \vbox (badness 1184) has occurred while \output is active []

 [125]
Overfull \hbox (88.83105pt too wide) in paragraph at lines 46--47
[][][][][][][][][][][][][][][][][][][][][][][][][][][][][][][][][][][][][][][][
][][][][][][][][][][][][][][][][][][][][][][][][][][][][][][] 
 []


Underfull \hbox (badness 6775) in paragraph at lines 55--57
\OT1/cmr/m/n/10.95 There is a cru-cial dif-fer-ence be-tween pan-ick-ing and fo
rce-fully ex-it-ing via
 []

[126] [127] [128]
<images/error_handling.png, id=3147, 246.6816pt x 246.6816pt>
File: images/error_handling.png Graphic file (type png)
<use images/error_handling.png>
Package pdftex.def Info: images/error_handling.png  used on input line 163.
(pdftex.def)             Requested size: 362.37569pt x 362.41055pt.
 [129
pdfTeX warning (ext4): destination with the same identifier (name{figure.6.1}) 
has been already used, duplicate ignored
<argument> ...shipout:D \box_use:N \l_shipout_box 
                                                  \__shipout_drop_firstpage_...
l.180         println!
                      ("Failed to open file: {}", e); <./images/error_handling.
png>] [130]
Underfull \vbox (badness 10000) has occurred while \output is active []

 [131]
Overfull \hbox (0.63123pt too wide) in paragraph at lines 285--286
[][][][][][][][][][][][][][][][][][][][][][][][][][][][][][][][][][][][][][][][
][][][][][][][][][][][][][][][][] 
 []

[132]
Overfull \hbox (107.73102pt too wide) in paragraph at lines 333--334
[][][][][][][][][][][][][][][][][][][][][][][][][][][][][][][][][][][][][] 
 []


Overfull \hbox (7.96022pt too wide) in paragraph at lines 361--362
[]\OT1/cmtt/m/n/10.95 thiserror\OT1/cmr/bx/n/10.95 : \OT1/cmr/m/n/10.95 Used wh
en writ-ing \OT1/cmr/m/it/10.95 Li-braries\OT1/cmr/m/n/10.95 . By sim-ply addin
g the \OT1/cmtt/m/n/10.95 #[derive(Error, Debug)]
 []


Overfull \hbox (30.07692pt too wide) in paragraph at lines 362--363
\OT1/cmtt/m/n/10.95 file.read().context("Failed to read config") \OT1/cmr/m/n/1
0.95 or \OT1/cmtt/m/n/10.95 .with[]context(|| format!("Missing
 []

[133]
Overfull \hbox (160.10403pt too wide) in paragraph at lines 413--414
[][][][][][][][][][][][][][][][][][][][][][][][][][][][][][][][][][][][][][][][
][][][][][][] 
 []


Overfull \hbox (103.40414pt too wide) in paragraph at lines 414--415
[][][][][][][][][][][][][][][][][][][][][][][][][][][][][][][][][][][][][][][][
][][][][][][][][][][][][][][][][][][][][][][][][][][][][][][][][][][] 
 []


Overfull \hbox (128.6041pt too wide) in paragraph at lines 416--418
[][][][][][][][][][][][][][][][][][][][][][][][][][][][][][][][][][][][][][][][
][][][][][][][][][][][][][][][][][][][][] 
 []


Overfull \hbox (97.10416pt too wide) in paragraph at lines 418--419
[][][][][][][][][][][][][][][][][][][][][][][][][][][][][][][][][][][][][][][][
][][][][][][][][][][][][][][][][][][] 
 []


Underfull \vbox (badness 7468) has occurred while \output is active []

 [134])
Underfull \vbox (badness 10000) has occurred while \output is active []

 [135]
[136]
\openout2 = `chapters/chapter_07_Moduli/chapter_07.aux'.

 (./chapters/chapter_07_Moduli/chapter_07.tex
Chapter 7.

Underfull \vbox (badness 4518) has occurred while \output is active []

 [137




]
[138]
<images/module_tree.png, id=3319, 246.6816pt x 246.6816pt>
File: images/module_tree.png Graphic file (type png)
<use images/module_tree.png>
Package pdftex.def Info: images/module_tree.png  used on input line 61.
(pdftex.def)             Requested size: 317.07614pt x 317.10641pt.
 [139
pdfTeX warning (ext4): destination with the same identifier (name{figure.7.1}) 
has been already used, duplicate ignored
<argument> ...shipout:D \box_use:N \l_shipout_box 
                                                  \__shipout_drop_firstpage_...
l.69     \item \textbf
                      {Inline Modules}: Declared within the same file using ...
 <./images/module_tree.png>]
Overfull \hbox (101.43103pt too wide) in paragraph at lines 100--101
[][][][][][][][][][][][][][][][][][][][][][][][][][][][][][][][][][][][][][][][
][][][][][][][][][][][][][][][][][][][][][][][][][][][][][][][][][][][][][][][]
[][][][][][][][][][][][][][][][][][][][][][][][][][][][][][][][] 
 []


Overfull \hbox (44.73114pt too wide) in paragraph at lines 105--106
[][][][][][][][][][][][][][][][][][][][][][][][][][][][][][][][][][][][][][][][
][][][][][][][][][][][][][][][][][][][][][][] 
 []

[140]
Overfull \hbox (85.05803pt too wide) in paragraph at lines 139--140
[]\OT1/cmr/bx/n/10.95 Absolute paths \OT1/cmr/m/n/10.95 start from the crate ro
ot us-ing the \OT1/cmtt/m/n/10.95 crate:: \OT1/cmr/m/n/10.95 pre-fix (e.g., \OT
1/cmtt/m/n/10.95 crate::network::ServerConfig\OT1/cmr/m/n/10.95 )
 []


Underfull \vbox (badness 1558) has occurred while \output is active []

 [141]
[142] [143]
Underfull \vbox (badness 1320) has occurred while \output is active []

 [144]
(/usr/local/texlive/2026/texmf-dist/tex/latex/listings/lstlang1.sty
File: lstlang1.sty 2025/11/14 1.11b listings language file
)
Overfull \hbox (57.33112pt too wide) in paragraph at lines 283--284
[][][][][][][][][][][][][][][][][][][][][][][][][][][][][][][][][][][][][][][][
][][][][][][][][][][][][][][][][][][][][][][][][][][][][][][][][][][][][][][][]
[][][][][][][][][][][][][][] 
 []

) [145]
\openout2 = `chapters/chapter_08_Polimorfismo/chapter_08.aux'.

 (./chapters/chapter_08_Polimorfismo/chapter_08.tex [146




]
Chapter 8.
[147]
Overfull \hbox (57.33112pt too wide) in paragraph at lines 65--66
[][][][][][][][][][][][][][][][][][][][][][][][][][][][][][][][][][][][][][][][
][][][][][][][][][][][][][][][][][][][][][][][][][][][][][][][][][][][][][][][]
[][][][][][][][][] 
 []

[148] [149]
Underfull \vbox (badness 10000) has occurred while \output is active []

 [150]
Overfull \hbox (29.86685pt too wide) in paragraph at lines 179--180
[]\OT1/cmr/m/n/10.95 Instead of gen-er-at-ing spe-cial-ized copies, the com-pil
er cre-ates only \OT1/cmr/m/it/10.95 one \OT1/cmr/m/n/10.95 ver-sion of the \OT
1/cmtt/m/n/10.95 check[]dynamic
 []


Underfull \vbox (badness 5696) has occurred while \output is active []

 [151]
<images/vtable.png, id=3554, 246.6816pt x 246.6816pt>
File: images/vtable.png Graphic file (type png)
<use images/vtable.png>
Package pdftex.def Info: images/vtable.png  used on input line 192.
(pdftex.def)             Requested size: 362.37569pt x 362.41055pt.

Underfull \vbox (badness 1048) has occurred while \output is active []

 [152
pdfTeX warning (ext4): destination with the same identifier (name{figure.8.1}) 
has been already used, duplicate ignored
<argument> ...shipout:D \box_use:N \l_shipout_box 
                                                  \__shipout_drop_firstpage_...
l.205 
       <./images/vtable.png>] [153]
Overfull \hbox (69.93109pt too wide) in paragraph at lines 251--253
[][][][][][][][][][][][][][][][][][][][][][][][][][][][][][][][][][][][][][][][
][][][][][][][][][][][][][][][][][][][][][][][][][][][][][][][][] 
 []

[154] [155] [156]
Underfull \vbox (badness 10000) has occurred while \output is active []

 [157]
Underfull \vbox (badness 10000) has occurred while \output is active []

 [158])
Underfull \vbox (badness 10000) has occurred while \output is active []

 [159]
[160]
\openout2 = `chapters/chapter_09_Test/chapter_09.aux'.

 (./chapters/chapter_09_Test/chapter_09.tex
Chapter 9.

Underfull \vbox (badness 10000) has occurred while \output is active []

 [161




]
<images/testing_pyramid.png, id=3727, 246.6816pt x 246.6816pt>
File: images/testing_pyramid.png Graphic file (type png)
<use images/testing_pyramid.png>
Package pdftex.def Info: images/testing_pyramid.png  used on input line 40.
(pdftex.def)             Requested size: 317.07614pt x 317.10641pt.

Underfull \vbox (badness 10000) has occurred while \output is active []

 [162]
[163
pdfTeX warning (ext4): destination with the same identifier (name{figure.9.1}) 
has been already used, duplicate ignored
<argument> ...shipout:D \box_use:N \l_shipout_box 
                                                  \__shipout_drop_firstpage_...
l.55 
      <./images/testing_pyramid.png>] [164] [165]
Overfull \hbox (61.49812pt too wide) in paragraph at lines 141--142
\OT1/cmr/m/n/10.95 Writing tests of-ten trig-gers an im-por-tant psy-cho-log-i-
cal shift. When writ-ing the \OT1/cmtt/m/n/10.95 test[]divide[]by[]zero[]panics

 []

[166] [167]
Overfull \hbox (57.33112pt too wide) in paragraph at lines 209--210
[][][][][][][][][][][][][][][][][][][][][][][][][][][][][][][][][][][][][][][][
][][][][][][][][][][][][][][][][][][][][][][][][][][][][][][][][][][][][][][][]
[][][][][][][][][][][][][][][][][][][][][][][][] 
 []

[168] [169]) [170]
\openout2 = `chapters/chapter_10_Collezioni_e_persistenza/chapter_10.aux'.


(./chapters/chapter_10_Collezioni_e_persistenza/chapter_10.tex
Chapter 10.

Overfull \hbox (67.20457pt too wide) in paragraph at lines 25--39
 [][] 
 []


Underfull \vbox (badness 1107) has occurred while \output is active []

 [171




]
<images/vec_three_components.png, id=3858, 246.6816pt x 246.6816pt>
File: images/vec_three_components.png Graphic file (type png)
<use images/vec_three_components.png>
Package pdftex.def Info: images/vec_three_components.png  used on input line 67
.
(pdftex.def)             Requested size: 317.07614pt x 317.10641pt.

Underfull \vbox (badness 4441) has occurred while \output is active []

 [172
pdfTeX warning (ext4): destination with the same identifier (name{table.10.1}) 
has been already used, duplicate ignored
<argument> ...shipout:D \box_use:N \l_shipout_box 
                                                  \__shipout_drop_firstpage_...
l.71 
     ] [173
pdfTeX warning (ext4): destination with the same identifier (name{figure.10.1})
 has been already used, duplicate ignored
<argument> ...shipout:D \box_use:N \l_shipout_box 
                                                  \__shipout_drop_firstpage_...
l.97 numbers.
             push(20); <./images/vec_three_components.png>] [174]
<images/vecdeque_ring_buffer.png, id=3899, 246.6816pt x 246.6816pt>
File: images/vecdeque_ring_buffer.png Graphic file (type png)
<use images/vecdeque_ring_buffer.png>
Package pdftex.def Info: images/vecdeque_ring_buffer.png  used on input line 14
8.
(pdftex.def)             Requested size: 317.07614pt x 317.10641pt.
 [175
pdfTeX warning (ext4): destination with the same identifier (name{figure.10.2})
 has been already used, duplicate ignored
<argument> ...shipout:D \box_use:N \l_shipout_box 
                                                  \__shipout_drop_firstpage_...
l.163 \subsection
                 {Mechanism and Memory Layout} <./images/vecdeque_ring_buffer.p
ng>]
<images/linkedlist_memory_layout.png, id=3908, 246.6816pt x 246.6816pt>
File: images/linkedlist_memory_layout.png Graphic file (type png)
<use images/linkedlist_memory_layout.png>
Package pdftex.def Info: images/linkedlist_memory_layout.png  used on input lin
e 168.
(pdftex.def)             Requested size: 317.07614pt x 317.10641pt.
 [176
pdfTeX warning (ext4): destination with the same identifier (name{figure.10.3})
 has been already used, duplicate ignored
<argument> ...shipout:D \box_use:N \l_shipout_box 
                                                  \__shipout_drop_firstpage_...
l.180 
       <./images/linkedlist_memory_layout.png>] [177]
<images/hashmap_layout.png, id=3931, 246.6816pt x 246.6816pt>
File: images/hashmap_layout.png Graphic file (type png)
<use images/hashmap_layout.png>
Package pdftex.def Info: images/hashmap_layout.png  used on input line 229.
(pdftex.def)             Requested size: 317.07614pt x 317.10641pt.

Underfull \vbox (badness 4254) has occurred while \output is active []

 [178
pdfTeX warning (ext4): destination with the same identifier (name{figure.10.4})
 has been already used, duplicate ignored
<argument> ...shipout:D \box_use:N \l_shipout_box 
                                                  \__shipout_drop_firstpage_...
l.247 
       <./images/hashmap_layout.png>] [179] [180] [181]
Overfull \hbox (19.53119pt too wide) in paragraph at lines 401--403
[][][][][][][][][][][][][][][][][][][][][][][][][][][][][][][][][][][][][][][][
][][][][][][][][][][][][][][][][][][][][][][][][][][] 
 []

[182]
Overfull \hbox (21.44215pt too wide) in paragraph at lines 426--427
[]\OT1/cmtt/m/n/10.95 UnexpectedEof\OT1/cmr/m/n/10.95 : Reached the end of the 
file sooner than re-quested (e.g., dur-ing \OT1/cmtt/m/n/10.95 read[]exact()\OT
1/cmr/m/n/10.95 ). 
 []


Overfull \hbox (0.63123pt too wide) in paragraph at lines 445--446
[][][][][][][][][][][][][][][][][][][][][][][][][][][][][][][][][][][][][][][][
][][][][][][][][][][][][][][][][][][][][][][][][][][][][][][][][][][][][][][][]
[][][][][][][][] 
 []

[183]) [184]
\openout2 = `chapters/chapter_11_Smart_pointer/chapter_11.aux'.

 (./chapters/chapter_11_Smart_pointer/chapter_11.tex
Chapter 11.
[185




] [186]
<images/box_memory_layouts.png, id=4068, 246.6816pt x 246.6816pt>
File: images/box_memory_layouts.png Graphic file (type png)
<use images/box_memory_layouts.png>
Package pdftex.def Info: images/box_memory_layouts.png  used on input line 68.
(pdftex.def)             Requested size: 385.02547pt x 385.06262pt.

Underfull \vbox (badness 2269) has occurred while \output is active []

 [187
pdfTeX warning (ext4): destination with the same identifier (name{figure.11.1})
 has been already used, duplicate ignored
<argument> ...shipout:D \box_use:N \l_shipout_box 
                                                  \__shipout_drop_firstpage_...
l.83     \item \textbf
                      {When you cannot determine at compile time} which part...
 <./images/box_memory_layouts.png>] [188]
<images/rc_memory_layout2.png, id=4099, 246.6816pt x 246.6816pt>
File: images/rc_memory_layout2.png Graphic file (type png)
<use images/rc_memory_layout2.png>
Package pdftex.def Info: images/rc_memory_layout2.png  used on input line 133.
(pdftex.def)             Requested size: 385.02547pt x 385.06262pt.

Underfull \vbox (badness 10000) has occurred while \output is active []

 [189]
Underfull \vbox (badness 10000) has occurred while \output is active []

 [190
pdfTeX warning (ext4): destination with the same identifier (name{figure.11.2})
 has been already used, duplicate ignored
<argument> ...shipout:D \box_use:N \l_shipout_box 
                                                  \__shipout_drop_firstpage_...
l.151 
       <./images/rc_memory_layout2.png>]
Overfull \hbox (5.13792pt too wide) in paragraph at lines 186--188
[]\OT1/cmr/bx/n/10.95 Deep Mem-ory Model Anal-y-sis: \OT1/cmr/m/n/10.95 In the 
\OT1/cmtt/m/n/10.95 get[]mut \OT1/cmr/m/n/10.95 ex-am-ple, \OT1/cmtt/m/n/10.95 
a \OT1/cmr/m/n/10.95 is the sole owner. \OT1/cmtt/m/n/10.95 Rc::get[]mut
 []

[191]
Overfull \hbox (4.07274pt too wide) in paragraph at lines 197--198
[]\OT1/cmtt/m/n/10.95 Cell<T> \OT1/cmr/m/n/10.95 is pre-ferred for sim-ple type
s that im-ple-ment \OT1/cmtt/m/n/10.95 Copy \OT1/cmr/m/n/10.95 (like in-te-gers
), as it moves/copies
 []

<images/refcell_memory_layout.png, id=4135, 246.6816pt x 246.6816pt>
File: images/refcell_memory_layout.png Graphic file (type png)
<use images/refcell_memory_layout.png>
Package pdftex.def Info: images/refcell_memory_layout.png  used on input line 2
08.
(pdftex.def)             Requested size: 317.07614pt x 317.10641pt.

Underfull \vbox (badness 10000) has occurred while \output is active []

 [192]
[193
pdfTeX warning (ext4): destination with the same identifier (name{figure.11.3})
 has been already used, duplicate ignored
<argument> ...shipout:D \box_use:N \l_shipout_box 
                                                  \__shipout_drop_firstpage_...
l.233     //
             Downgrade creates a Weak pointer. Strong count remains 1. <./image
s/refcell_memory_layout.png>]
Overfull \hbox (0.63123pt too wide) in paragraph at lines 236--237
[][][][][][][][][][][][][][][][][][][][][][][][][][][][][][][][][][][][][][][][
][][][][][][][][][][][][][][][][][][][][][][][][][][][][][][][][][][][][][][][]
[][][][][][][][][][][][][][][] 
 []

[194]
Overfull \hbox (25.83118pt too wide) in paragraph at lines 285--286
[][][][][][][][][][][][][][][][][][][][][][][][][][][][][][][][][][][][][][][][
][][][][][][][][][][][][][][][][][][][][][][][][][][][][][][][][][][][][][][][]
[][][][][][][][][][][][][][][][] 
 []


Overfull \hbox (114.031pt too wide) in paragraph at lines 292--293
[][][][][][][][][][][][][][][][][][][][][][][][][][][][][][][][][][][][][][][][
][][][][][][][][][][][][][][][][][][][][][][][][][][][][][][][][][][][][][][][]
[][][][][][][][][][][][][][][][][][][][][][][][][][][][][][][] 
 []


Underfull \hbox (badness 1048) in paragraph at lines 297--300
[]\OT1/cmr/bx/n/10.95 Domanda 3: \OT1/cmr/m/n/10.95 Si spieghi il con-cetto di 
pos-sesso in re-lazione agli smart point-
 []


Underfull \hbox (badness 4454) in paragraph at lines 297--300
\OT1/cmr/m/n/10.95 ers. Come viene gestito il ci-clo delle risorse quando si ut
i-liz-zano smart
 []


Underfull \hbox (badness 7186) in paragraph at lines 297--300
\OT1/cmr/m/n/10.95 point-ers? In-fine, si es-plic-iti il ci-clo di vita delle r
isorse nel seguente
 []


Underfull \hbox (badness 1189) in paragraph at lines 297--300
\OT1/cmr/m/n/10.95 es-em-pio: \OMS/cmtt/m/n/10.95 f \OT1/cmtt/m/n/10.95 let mut
 i = 10; let bi1 = Box::new(i); let mut bi2 = Box::new(
 []


Underfull \vbox (badness 2302) has occurred while \output is active []

 [195])
[196]
\openout2 = `chapters/chapter_12_Chiusure_e_Iteratori/chapter_12.aux'.

 (./chapters/chapter_12_Chiusure_e_Iteratori/chapter_12.tex
Chapter 12.
[197




] [198]
Overfull \hbox (25.62918pt too wide) in paragraph at lines 93--94
[][][][][][][][][][][][][][][][][][][][][][][][][][][][][][][][][][][][][][][][
][][][][][][][][][][][][][][][][][][][][][][][][][][][][][][][][][][][][][][][]
[][][][][][][][][][][][][][][][][][][][] 
 []


Overfull \hbox (38.22916pt too wide) in paragraph at lines 110--111
[][][][][][][][][][][][][][][][][][][][][][][][][][][][][][][][][][][][][][][][
][][][][][][][][][][][][][][][][][][][][][][][][][][][][][][][][][][][][][][][]
[][][][][][] 
 []


Underfull \vbox (badness 10000) has occurred while \output is active []

 [199]
Underfull \vbox (badness 10000) has occurred while \output is active []

 [200]
[201]
Overfull \hbox (6.93121pt too wide) in paragraph at lines 170--171
[][][][][][][][][][][][][][][][][][][][][][][][][][][][][][][][][][][][][][][][
][][][][][][][][][][][][][][][][][][][][][][][][][][][][][][][][][][][][][][][]
[][][][][][][][][][][][][][][] 
 []


Underfull \vbox (badness 10000) has occurred while \output is active []

 [202]
<images/iterator_pipeline.png, id=4288, 246.6816pt x 246.6816pt>
File: images/iterator_pipeline.png Graphic file (type png)
<use images/iterator_pipeline.png>
Package pdftex.def Info: images/iterator_pipeline.png  used on input line 235.
(pdftex.def)             Requested size: 362.37569pt x 362.41055pt.

[203]
Underfull \vbox (badness 10000) has occurred while \output is active []

 [204
pdfTeX warning (ext4): destination with the same identifier (name{figure.12.1})
 has been already used, duplicate ignored
<argument> ...shipout:D \box_use:N \l_shipout_box 
                                                  \__shipout_drop_firstpage_...
l.251 
       <./images/iterator_pipeline.png>] [205]
Underfull \vbox (badness 10000) has occurred while \output is active []

 [206]
Overfull \hbox (25.83118pt too wide) in paragraph at lines 349--351
[][][][][][][][][][][][][][][][][][][][][][][][][][][][][][][][][][][][][][][][
][][][][][][][][][][][][][][][][][][][][][][][][][][][][][][][][][][][][][][][]
 
 []

[207]
Overfull \hbox (9.48163pt too wide) in paragraph at lines 409--409
[]\OT1/cmtt/m/n/10.95 Dato il seguente programma si motivi l'errore di compilaz
ione e si corregga[] 
 []


Overfull \hbox (9.48163pt too wide) in paragraph at lines 410--410
[]\OT1/cmtt/m/n/10.95 il programma in modo da stampare il valore aggiornato del
la variabile count[] 
 []


Underfull \vbox (badness 2326) has occurred while \output is active []

 [208])
Underfull \vbox (badness 10000) has occurred while \output is active []

 [209]
[210]
\openout2 = `chapters/chapter_13_Programmazione_asincrona/chapter_13.aux'.

 (./chapters/chapter_13_Programmazione_asincrona/chapter_13.tex
Chapter 13.

Underfull \vbox (badness 10000) has occurred while \output is active []

 [211




]
[212]
Overfull \hbox (0.63123pt too wide) in paragraph at lines 59--60
[][][][][][][][][][][][][][][][][][][][][][][][][][][][][][][][][][][][][][][][
][][][][][][] 
 []

[213]
Overfull \hbox (38.43115pt too wide) in paragraph at lines 108--109
[][][][][][][][][][][][][][][][][][][][][][][][][][][][][][][][][][][][][][][][
][][][][][][][][][][][][][][][][][][][][][][][][][][][][] 
 []

[214]
<images/async_executor.png, id=4475, 246.6816pt x 246.6816pt>
File: images/async_executor.png Graphic file (type png)
<use images/async_executor.png>
Package pdftex.def Info: images/async_executor.png  used on input line 154.
(pdftex.def)             Requested size: 362.37569pt x 362.41055pt.

Underfull \vbox (badness 10000) has occurred while \output is active []

 [215]
[216
pdfTeX warning (ext4): destination with the same identifier (name{figure.13.1})
 has been already used, duplicate ignored
<argument> ...shipout:D \box_use:N \l_shipout_box 
                                                  \__shipout_drop_firstpage_...
l.181     //
             Simulating an asynchronous wait <./images/async_executor.png>]
[217]
Underfull \vbox (badness 1642) has occurred while \output is active []

 [218]
Underfull \vbox (badness 5245) has occurred while \output is active []

 [219])
[220]
\openout2 = `chapters/chapter_14_Concorrenza_asincrona/chapter_14.aux'.

 (./chapters/chapter_14_Concorrenza_asincrona/chapter_14.tex
Chapter 14.

Underfull \vbox (badness 5105) has occurred while \output is active []

 [221




]
Overfull \hbox (32.13116pt too wide) in paragraph at lines 49--50
[][][][][][][][][][][][][][][][][][][][][][][][][][][][][][][][][][][][][][][][
][][][][][][][][][][][][][][][][][][][][][][][][][] 
 []

[222] [223] [224]
Overfull \hbox (56.77106pt too wide) in paragraph at lines 138--139
[]\OT1/cmr/m/n/10.95 However, in an async en-vi-ron-ment, you must be care-ful.
 If you wrap data in an \OT1/cmtt/m/n/10.95 Arc<std::sync::Mutex>\OT1/cmr/m/n/1
0.95 ,
 []


Overfull \hbox (63.6311pt too wide) in paragraph at lines 152--153
[][][][][][][][][][][][][][][][][][][][][][][][][][][][][][][][][][][][][][][][
][][][][][][][][][][][][][][][][][][][][][][][][][][][][][][][][][][][][][][][]
[][][][][][][][][] 
 []


Overfull \hbox (13.2312pt too wide) in paragraph at lines 153--154
[][][][][][][][][][][][][][][][][][][][][][][][][][][][][][][][][][][][][][][][
][][][][][][][][][][][][][][][][][][][][][][][][][][][][][][] 
 []


Overfull \hbox (30.29044pt too wide) in paragraph at lines 170--171
\OT1/cmr/m/n/10.95 While Tokio pro-vides asyn-chronous syn-chro-niza-tion, tra-
di-tional OS threads rely on \OT1/cmtt/m/n/10.95 std::sync::Mutex
 []


LaTeX Warning: File `images/bounded_buffer.png' not found on input line 175.


! Package pdftex.def Error: File `images/bounded_buffer.png' not found: using d
raft setting.

See the pdftex.def package documentation for explanation.
Type  H <return>  for immediate help.
 ...                                              
                                                  
l.175 ...0.8\textwidth]{images/bounded_buffer.png}
                                                  
Try typing  <return>  to proceed.
If that doesn't work, type  X <return>  to quit.

[225]
Overfull \hbox (88.83105pt too wide) in paragraph at lines 203--204
[][][][][][][][][][][][][][][][][][][][][][][][][][][][][][][][][][][][][][][] 

 []

[226
pdfTeX warning (ext4): destination with the same identifier (name{figure.14.1})
 has been already used, duplicate ignored
<argument> ...shipout:D \box_use:N \l_shipout_box 
                                                  \__shipout_drop_firstpage_...
l.207         if 
                 !guard.1 { return false; } // If closed, abort push]
Overfull \hbox (25.83118pt too wide) in paragraph at lines 211--212
[][][][][][][][][][][][][][][][][][][][][][][][][][][][][][][][][][][][][][][][
][][][][][][][][][][][][][][][][][][][][][][][][][][][][][][][][][] 
 []


Overfull \hbox (88.83105pt too wide) in paragraph at lines 219--220
[][][][][][][][][][][][][][][][][][][][][][][][][][][][][][][][][][][][][][][] 

 []


Overfull \hbox (57.80165pt too wide) in paragraph at lines 246--248
[]\OT1/cmr/bx/n/10.95 Practical Mas-tery Fo-cus: When and Why to Use \OT1/cmtt/
m/n/10.95 tokio::sync::Mutex \OT1/cmr/m/n/10.95 Use \OT1/cmtt/m/n/10.95 tokio::
sync::Mutex
 []


Underfull \hbox (badness 10000) in paragraph at lines 250--252
[]\OT1/cmr/m/n/10.95 [Async Mu-tex vs. Stan-dard Mu-tex] Exam ques-tions fre-qu
ently ask
 []


Underfull \hbox (badness 10000) in paragraph at lines 250--252
\OT1/cmr/m/n/10.95 why \OT1/cmtt/m/n/10.95 tokio::sync::Mutex \OT1/cmr/m/n/10.9
5 is needed. The key dis-tinc-tion is that
 []

[227]
<images/mpsc_channel.png, id=4693, 246.6816pt x 246.6816pt>
File: images/mpsc_channel.png Graphic file (type png)
<use images/mpsc_channel.png>
Package pdftex.def Info: images/mpsc_channel.png  used on input line 277.
(pdftex.def)             Requested size: 362.37569pt x 362.41055pt.

Underfull \vbox (badness 10000) has occurred while \output is active []

 [228]
Overfull \hbox (17.31375pt too wide) in paragraph at lines 285--286
[]\OT1/cmr/bx/n/10.95 mpsc \OT1/cmr/m/n/10.95 (Mul-ti-ple Pro-ducer, Sin-gle Co
n-sumer): Bounded chan-nels de-signed for high-throughput
 []

[229
pdfTeX warning (ext4): destination with the same identifier (name{figure.14.2})
 has been already used, duplicate ignored
<argument> ...shipout:D \box_use:N \l_shipout_box 
                                                  \__shipout_drop_firstpage_...
l.302     tokio:
                :spawn(async move { <./images/mpsc_channel.png>]
Overfull \hbox (0.63123pt too wide) in paragraph at lines 315--316
[][][][][][][][][][][][][][][][][][][][][][] 
 []


Overfull \hbox (0.88615pt too wide) in paragraph at lines 335--336
[]\OT1/cmr/bx/n/10.95 Thread Pool (Producer-Consumer): \OT1/cmr/m/n/10.95 A spe
-cial-ized Fan-Out where the chan-nel doesn't
 []


LaTeX Warning: File `images/channel_patterns.png' not found on input line 341.


! Package pdftex.def Error: File `images/channel_patterns.png' not found: using
 draft setting.

See the pdftex.def package documentation for explanation.
Type  H <return>  for immediate help.
 ...                                              
                                                  
l.341 ...8\textwidth]{images/channel_patterns.png}
                                                  
Try typing  <return>  to proceed.
If that doesn't work, type  X <return>  to quit.

[230]
Underfull \vbox (badness 10000) has occurred while \output is active []

 [231
pdfTeX warning (ext4): destination with the same identifier (name{figure.14.3})
 has been already used, duplicate ignored
<argument> ...shipout:D \box_use:N \l_shipout_box 
                                                  \__shipout_drop_firstpage_...
l.364 
      ] [232]
Underfull \vbox (badness 10000) has occurred while \output is active []

 [233]
[234]) [235]
\openout2 = `chapters/chapter_15_FFI_e_Unsafe_Rust/chapter_15.aux'.

 (./chapters/chapter_15_FFI_e_Unsafe_Rust/chapter_15.tex [236




]
Chapter 15.

Underfull \vbox (badness 10000) has occurred while \output is active []

 [237]
[238]
Underfull \hbox (badness 1005) in paragraph at lines 76--78
\OT1/cmr/m/n/10.95 to look at how raw point-ers op-er-ate un-der the hood. Re-f
er to \OT1/cmr/bx/n/10.95 Fig-ure []15.1[]
 []

<images/unsafe_rust.png, id=4797, 246.6816pt x 246.6816pt>
File: images/unsafe_rust.png Graphic file (type png)
<use images/unsafe_rust.png>
Package pdftex.def Info: images/unsafe_rust.png  used on input line 82.
(pdftex.def)             Requested size: 362.37569pt x 362.41055pt.

Underfull \vbox (badness 10000) has occurred while \output is active []

 [239]
[240
pdfTeX warning (ext4): destination with the same identifier (name{figure.15.1})
 has been already used, duplicate ignored
<argument> ...shipout:D \box_use:N \l_shipout_box 
                                                  \__shipout_drop_firstpage_...
l.107 A
        classic example is the standard library's \texttt{split\_at\_mut} me...
 <./images/unsafe_rust.png>] [241]
Overfull \hbox (63.6311pt too wide) in paragraph at lines 145--146
[][][][][][][][][][][][][][][][][][][][][][][][][][][][][][][][][][][][][][][][
][][][][][][][][][][][][][][][][][][][][][][][][][][][][][][][][][] 
 []


Underfull \vbox (badness 10000) has occurred while \output is active []

 [242]
[243]
Overfull \hbox (13.2312pt too wide) in paragraph at lines 220--221
[][][][][][][][][][][][][][][][][][][][][][][][][][][][][][][][][][][][][][][][
][][][][][][][][][][][][][][][][][][][][][][][][][][][][][][][][][][][] 
 []


Underfull \vbox (badness 1158) has occurred while \output is active []

 [244])
[245]
\openout2 = `chapters/chapter_16_Exam_Strategies/chapter_16.aux'.

 (./chapters/chapter_16_Exam_Strategies/chapter_16.tex [246




]
Chapter 16.
[247] [248]
Overfull \hbox (38.43115pt too wide) in paragraph at lines 118--119
[][][][][][][][][][][][][][][][][][][][][][][][][][][][][][][][][][][][][][][][
][][][][][][] 
 []

[249]
Overfull \hbox (6.93121pt too wide) in paragraph at lines 150--151
[][][][][][][][][][][][][][][][][][][][][][][][][][][][][][][][][][][][][][][][
][][][][][][][][][][][][][][][][][][][][][][][][][][][] 
 []

) [250] (./main.aux
(./chapters/chapter_01_Programmazione_di_sistema/chapter_01.aux)
(./chapters/chapter_02_Architettura_e_memoria/chapter_02.aux)
(./chapters/chapter_03_Rust_fondamenti_operativi/chapter_03.aux)
(./chapters/chapter_04_Possesso/chapter_04.aux)
(./chapters/chapter_05_Tipi_composti/chapter_05.aux)
(./chapters/chapter_06_Gestione_degli_errori/chapter_06.aux)
(./chapters/chapter_07_Moduli/chapter_07.aux)
(./chapters/chapter_08_Polimorfismo/chapter_08.aux)
(./chapters/chapter_09_Test/chapter_09.aux)
(./chapters/chapter_10_Collezioni_e_persistenza/chapter_10.aux)
(./chapters/chapter_11_Smart_pointer/chapter_11.aux)
(./chapters/chapter_12_Chiusure_e_Iteratori/chapter_12.aux)
(./chapters/chapter_13_Programmazione_asincrona/chapter_13.aux)
(./chapters/chapter_14_Concorrenza_asincrona/chapter_14.aux)
(./chapters/chapter_15_FFI_e_Unsafe_Rust/chapter_15.aux)
(./chapters/chapter_16_Exam_Strategies/chapter_16.aux))
 ***********
LaTeX2e <2025-11-01>
L3 programming layer <2026-01-19>
 ***********


LaTeX Font Warning: Some font shapes were not available, defaults substituted.


LaTeX Warning: There were multiply-defined labels.

Package rerunfilecheck Info: File `main.out' has not changed.
(rerunfilecheck)             Checksum: BD8226C0657DBEA21816DD61D75313C2;75749.
 ) 
Here is how much of TeX's memory you used:
 30800 strings out of 467525
 598342 string characters out of 5418982
 1163234 words of memory out of 5000000
 56462 multiletter control sequences out of 15000+600000
 639869 words of font info for 87 fonts, out of 8000000 for 9000
 1141 hyphenation exceptions out of 8191
 98i,10n,108p,1231b,2035s stack positions out of 10000i,1000n,20000p,200000b,200000s
</usr/local/texlive/2026/texmf-dist/fonts/type1/public/amsfonts/cm/cmbx10.pfb
></usr/local/texlive/2026/texmf-dist/fonts/type1/public/amsfonts/cm/cmbx12.pfb>
</usr/local/texlive/2026/texmf-dist/fonts/type1/public/amsfonts/cm/cmitt10.pfb>
</usr/local/texlive/2026/texmf-dist/fonts/type1/public/amsfonts/cm/cmmi10.pfb><
/usr/local/texlive/2026/texmf-dist/fonts/type1/public/amsfonts/cm/cmr10.pfb></u
sr/local/texlive/2026/texmf-dist/fonts/type1/public/amsfonts/cm/cmr12.pfb></usr
/local/texlive/2026/texmf-dist/fonts/type1/public/amsfonts/cm/cmr17.pfb></usr/l
ocal/texlive/2026/texmf-dist/fonts/type1/public/amsfonts/cm/cmr8.pfb></usr/loca
l/texlive/2026/texmf-dist/fonts/type1/public/amsfonts/cm/cmsl10.pfb></usr/local
/texlive/2026/texmf-dist/fonts/type1/public/amsfonts/cm/cmsltt10.pfb></usr/loca
l/texlive/2026/texmf-dist/fonts/type1/public/amsfonts/cm/cmsy10.pfb></usr/local
/texlive/2026/texmf-dist/fonts/type1/public/amsfonts/cm/cmti10.pfb></usr/local/
texlive/2026/texmf-dist/fonts/type1/public/amsfonts/cm/cmtt10.pfb></usr/local/t
exlive/2026/texmf-dist/fonts/type1/public/amsfonts/cm/cmtt12.pfb></usr/local/te
xlive/2026/texmf-dist/fonts/type1/public/cm-super/sfrm1095.pfb></usr/local/texl
ive/2026/texmf-dist/fonts/type1/public/cm-super/sftt1000.pfb>
Output written on main.pdf (250 pages, 11523276 bytes).
PDF statistics:
 5618 PDF objects out of 6186 (max. 8388607)
 5262 compressed objects within 53 object streams
 2736 named destinations out of 2984 (max. 500000)
 2828 words of extra memory for PDF output out of 10000 (max. 10000000)

