\BOOKMARK [0][-]{chapter.1}{\376\377\000S\000y\000s\000t\000e\000m\000\040\000P\000r\000o\000g\000r\000a\000m\000m\000i\000n\000g\000\040\000O\000v\000e\000r\000v\000i\000e\000w}{}% 1
\BOOKMARK [1][-]{section.1.1}{\376\377\000W\000h\000a\000t\000\040\000i\000s\000\040\000S\000y\000s\000t\000e\000m\000\040\000P\000r\000o\000g\000r\000a\000m\000m\000i\000n\000g\000?}{chapter.1}% 2
\BOOKMARK [2][-]{subsection.1.1.1}{\376\377\000T\000h\000e\000\040\000R\000o\000l\000e\000\040\000o\000f\000\040\000t\000h\000e\000\040\000R\000u\000n\000t\000i\000m\000e\000\040\000L\000i\000b\000r\000a\000r\000y}{section.1.1}% 3
\BOOKMARK [2][-]{subsection.1.1.2}{\376\377\000R\000e\000s\000o\000u\000r\000c\000e\000-\000C\000o\000n\000s\000t\000r\000a\000i\000n\000e\000d\000\040\000E\000n\000v\000i\000r\000o\000n\000m\000e\000n\000t\000s}{section.1.1}% 4
\BOOKMARK [2][-]{subsection.1.1.3}{\376\377\000P\000r\000o\000f\000e\000s\000s\000i\000o\000n\000a\000l\000\040\000R\000e\000s\000p\000o\000n\000s\000i\000b\000i\000l\000i\000t\000y}{section.1.1}% 5
\BOOKMARK [2][-]{subsection.1.1.4}{\376\377\000B\000u\000i\000l\000d\000i\000n\000g\000\040\000K\000n\000o\000w\000l\000e\000d\000g\000e\000:\000\040\000T\000h\000e\000\040\000C\000o\000n\000c\000e\000p\000t\000\040\000D\000e\000p\000e\000n\000d\000e\000n\000c\000y\000\040\000C\000h\000a\000i\000n}{section.1.1}% 6
\BOOKMARK [1][-]{section.1.2}{\376\377\000L\000a\000n\000g\000u\000a\000g\000e\000\040\000S\000e\000l\000e\000c\000t\000i\000o\000n\000:\000\040\000W\000h\000y\000\040\000N\000o\000t\000\040\000J\000a\000v\000a\000,\000\040\000P\000y\000t\000h\000o\000n\000,\000\040\000o\000r\000\040\000G\000o\000?}{chapter.1}% 7
\BOOKMARK [2][-]{subsection.1.2.1}{\376\377\000T\000h\000e\000\040\000G\000a\000r\000b\000a\000g\000e\000\040\000C\000o\000l\000l\000e\000c\000t\000i\000o\000n\000\040\000P\000r\000o\000b\000l\000e\000m}{section.1.2}% 8
\BOOKMARK [2][-]{subsection.1.2.2}{\376\377\000T\000h\000e\000\040\000R\000e\000m\000a\000i\000n\000i\000n\000g\000\040\000C\000a\000n\000d\000i\000d\000a\000t\000e\000s}{section.1.2}% 9
\BOOKMARK [2][-]{subsection.1.2.3}{\376\377\000W\000h\000y\000\040\000T\000h\000i\000s\000\040\000C\000o\000u\000r\000s\000e\000\040\000U\000s\000e\000s\000\040\000R\000u\000s\000t}{section.1.2}% 10
\BOOKMARK [1][-]{section.1.3}{\376\377\000E\000x\000e\000c\000u\000t\000a\000b\000l\000e\000\040\000P\000r\000o\000g\000r\000a\000m\000s\000\040\000a\000n\000d\000\040\000T\000h\000e\000i\000r\000\040\000E\000x\000e\000c\000u\000t\000i\000o\000n}{chapter.1}% 11
\BOOKMARK [2][-]{subsection.1.3.1}{\376\377\000W\000h\000a\000t\000\040\000I\000s\000\040\000a\000n\000\040\000E\000x\000e\000c\000u\000t\000a\000b\000l\000e\000\040\000P\000r\000o\000g\000r\000a\000m\000?}{section.1.3}% 12
\BOOKMARK [2][-]{subsection.1.3.2}{\376\377\000T\000h\000e\000\040\000L\000o\000a\000d\000e\000r\000:\000\040\000F\000r\000o\000m\000\040\000D\000i\000s\000k\000\040\000t\000o\000\040\000E\000x\000e\000c\000u\000t\000i\000o\000n}{section.1.3}% 13
\BOOKMARK [2][-]{subsection.1.3.3}{\376\377\000T\000h\000e\000\040\000F\000e\000t\000c\000h\000-\000D\000e\000c\000o\000d\000e\000-\000E\000x\000e\000c\000u\000t\000e\000\040\000C\000y\000c\000l\000e}{section.1.3}% 14
\BOOKMARK [1][-]{section.1.4}{\376\377\000T\000h\000e\000\040\000A\000d\000d\000r\000e\000s\000s\000\040\000S\000p\000a\000c\000e\000\040\000a\000n\000d\000\040\000t\000h\000e\000\040\000M\000M\000U}{chapter.1}% 15
\BOOKMARK [2][-]{subsection.1.4.1}{\376\377\000M\000e\000m\000o\000r\000y\000\040\000a\000s\000\040\000a\000n\000\040\000E\000n\000o\000r\000m\000o\000u\000s\000\040\000A\000r\000r\000a\000y}{section.1.4}% 16
\BOOKMARK [2][-]{subsection.1.4.2}{\376\377\000V\000i\000r\000t\000u\000a\000l\000\040\000v\000s\000.\000\040\000P\000h\000y\000s\000i\000c\000a\000l\000\040\000A\000d\000d\000r\000e\000s\000s\000e\000s\000:\000\040\000T\000h\000e\000\040\000M\000M\000U}{section.1.4}% 17
\BOOKMARK [2][-]{subsection.1.4.3}{\376\377\000P\000r\000a\000c\000t\000i\000c\000a\000l\000\040\000E\000f\000f\000e\000c\000t\000s\000:\000\040\000S\000e\000g\000f\000a\000u\000l\000t\000,\000\040\000P\000a\000g\000e\000\040\000F\000a\000u\000l\000t\000,\000\040\000a\000n\000d\000\040\000T\000h\000r\000a\000s\000h\000i\000n\000g}{section.1.4}% 18
\BOOKMARK [1][-]{section.1.5}{\376\377\000M\000e\000m\000o\000r\000y\000\040\000H\000i\000e\000r\000a\000r\000c\000h\000y\000\040\000a\000n\000d\000\040\000C\000a\000c\000h\000e}{chapter.1}% 19
\BOOKMARK [2][-]{subsection.1.5.1}{\376\377\000W\000h\000y\000\040\000t\000h\000e\000\040\000C\000P\000U\000\040\000D\000o\000e\000s\000\040\000N\000o\000t\000\040\000A\000c\000c\000e\000s\000s\000\040\000R\000A\000M\000\040\000D\000i\000r\000e\000c\000t\000l\000y}{section.1.5}% 20
\BOOKMARK [2][-]{subsection.1.5.2}{\376\377\000I\000m\000p\000a\000c\000t\000\040\000o\000n\000\040\000D\000a\000t\000a\000\040\000S\000t\000r\000u\000c\000t\000u\000r\000e\000\040\000C\000h\000o\000i\000c\000e\000s}{section.1.5}% 21
\BOOKMARK [1][-]{section.1.6}{\376\377\000T\000h\000e\000\040\000E\000x\000e\000c\000u\000t\000i\000o\000n\000\040\000M\000o\000d\000e\000l\000:\000\040\000W\000h\000a\000t\000\040\000t\000h\000e\000\040\000L\000a\000n\000g\000u\000a\000g\000e\000\040\000`\000`\000P\000r\000e\000t\000e\000n\000d\000s\000'\000'}{chapter.1}% 22
\BOOKMARK [2][-]{subsection.1.6.1}{\376\377\000T\000h\000e\000\040\000E\000n\000t\000r\000y\000\040\000P\000o\000i\000n\000t\000:\000\040\000m\000a\000i\000n\000\050\000a\000r\000g\000c\000,\000\040\000a\000r\000g\000v\000\051\000\040\000a\000n\000d\000\040\000t\000h\000e\000\040\000H\000i\000d\000d\000e\000n\000\040\000S\000t\000a\000r\000t\000u\000p}{section.1.6}% 23
\BOOKMARK [1][-]{section.1.7}{\376\377\000T\000h\000e\000\040\000S\000t\000a\000c\000k}{chapter.1}% 24
\BOOKMARK [2][-]{subsection.1.7.1}{\376\377\000S\000t\000r\000u\000c\000t\000u\000r\000e\000\040\000a\000n\000d\000\040\000P\000r\000o\000p\000e\000r\000t\000i\000e\000s}{section.1.7}% 25
\BOOKMARK [2][-]{subsection.1.7.2}{\376\377\000S\000t\000e\000p\000-\000b\000y\000-\000S\000t\000e\000p\000\040\000C\000o\000d\000e\000\040\000W\000a\000l\000k\000t\000h\000r\000o\000u\000g\000h}{section.1.7}% 26
\BOOKMARK [2][-]{subsection.1.7.3}{\376\377\000T\000h\000e\000\040\000T\000w\000o\000\040\000C\000o\000n\000s\000t\000r\000a\000i\000n\000t\000s\000\040\000o\000f\000\040\000t\000h\000e\000\040\000S\000t\000a\000c\000k}{section.1.7}% 27
\BOOKMARK [1][-]{section.1.8}{\376\377\000T\000h\000e\000\040\000H\000e\000a\000p}{chapter.1}% 28
\BOOKMARK [2][-]{subsection.1.8.1}{\376\377\000W\000h\000y\000\040\000t\000h\000e\000\040\000S\000t\000a\000c\000k\000\040\000I\000s\000\040\000N\000o\000t\000\040\000E\000n\000o\000u\000g\000h\000:\000\040\000T\000h\000r\000e\000e\000\040\000R\000e\000a\000s\000o\000n\000s}{section.1.8}% 29
\BOOKMARK [2][-]{subsection.1.8.2}{\376\377\000T\000h\000e\000\040\000K\000e\000y\000\040\000D\000i\000f\000f\000e\000r\000e\000n\000c\000e\000\040\000f\000r\000o\000m\000\040\000t\000h\000e\000\040\000S\000t\000a\000c\000k}{section.1.8}% 30
\BOOKMARK [2][-]{subsection.1.8.3}{\376\377\000S\000t\000e\000p\000-\000b\000y\000-\000S\000t\000e\000p\000\040\000C\000+\000+\000\040\000C\000o\000d\000e\000\040\000W\000a\000l\000k\000t\000h\000r\000o\000u\000g\000h}{section.1.8}% 31
\BOOKMARK [1][-]{section.1.9}{\376\377\000A\000l\000l\000o\000c\000a\000t\000i\000o\000n\000\040\000a\000n\000d\000\040\000D\000e\000a\000l\000l\000o\000c\000a\000t\000i\000o\000n\000\040\000F\000u\000n\000c\000t\000i\000o\000n\000s}{chapter.1}% 32
\BOOKMARK [2][-]{subsection.1.9.1}{\376\377\000I\000n\000\040\000C}{section.1.9}% 33
\BOOKMARK [2][-]{subsection.1.9.2}{\376\377\000I\000n\000\040\000C\000+\000+}{section.1.9}% 34
\BOOKMARK [1][-]{section.1.10}{\376\377\000A\000d\000d\000r\000e\000s\000s\000\040\000S\000p\000a\000c\000e\000\040\000L\000a\000y\000o\000u\000t}{chapter.1}% 35
\BOOKMARK [2][-]{subsection.1.10.1}{\376\377\000I\000n\000s\000p\000e\000c\000t\000i\000n\000g\000\040\000w\000i\000t\000h\000\040\000/\000p\000r\000o\000c\000/\000<\000p\000i\000d\000>\000/\000m\000a\000p\000s}{section.1.10}% 36
\BOOKMARK [1][-]{section.1.11}{\376\377\000V\000a\000r\000i\000a\000b\000l\000e\000\040\000L\000i\000f\000e\000c\000y\000c\000l\000e\000:\000\040\000G\000l\000o\000b\000a\000l\000,\000\040\000L\000o\000c\000a\000l\000,\000\040\000D\000y\000n\000a\000m\000i\000c}{chapter.1}% 37
\BOOKMARK [2][-]{subsection.1.11.1}{\376\377\000J\000a\000v\000a\000:\000\040\000V\000a\000l\000u\000e\000\040\000v\000s\000.\000\040\000R\000e\000f\000e\000r\000e\000n\000c\000e\000\040\000S\000e\000m\000a\000n\000t\000i\000c\000s}{section.1.11}% 38
\BOOKMARK [1][-]{section.1.12}{\376\377\000P\000o\000i\000n\000t\000e\000r\000s\000:\000\040\000P\000o\000w\000e\000r\000\040\000a\000n\000d\000\040\000P\000e\000r\000i\000l}{chapter.1}% 39
\BOOKMARK [2][-]{subsection.1.12.1}{\376\377\000W\000h\000a\000t\000\040\000P\000o\000i\000n\000t\000e\000r\000s\000\040\000A\000r\000e}{section.1.12}% 40
\BOOKMARK [2][-]{subsection.1.12.2}{\376\377\000T\000h\000e\000\040\000S\000e\000v\000e\000n\000\040\000A\000m\000b\000i\000g\000u\000i\000t\000i\000e\000s\000\040\000o\000f\000\040\000P\000o\000i\000n\000t\000e\000r\000s\000\040\000i\000n\000\040\000C\000/\000C\000+\000+}{section.1.12}% 41
\BOOKMARK [2][-]{subsection.1.12.3}{\376\377\000T\000h\000e\000\040\000B\000u\000g\000\040\000C\000a\000t\000a\000l\000o\000g\000u\000e}{section.1.12}% 42
\BOOKMARK [1][-]{section.1.13}{\376\377\000G\000a\000r\000b\000a\000g\000e\000\040\000C\000o\000l\000l\000e\000c\000t\000i\000o\000n\000\040\000v\000s\000.\000\040\000M\000a\000n\000u\000a\000l\000\040\000M\000a\000n\000a\000g\000e\000m\000e\000n\000t}{chapter.1}% 43
\BOOKMARK [1][-]{section.1.14}{\376\377\000W\000h\000y\000\040\000R\000u\000s\000t\000:\000\040\000S\000o\000l\000u\000t\000i\000o\000n\000s\000\040\000t\000o\000\040\000C\000/\000C\000+\000+\000\040\000P\000r\000o\000b\000l\000e\000m\000s}{chapter.1}% 44
\BOOKMARK [1][-]{section.1.15}{\376\377\000C\000o\000n\000c\000e\000p\000t\000u\000a\000l\000\040\000M\000i\000n\000d\000\040\000M\000a\000p}{chapter.1}% 45
\BOOKMARK [1][-]{section.1.16}{\376\377\000D\000o\000m\000a\000n\000d\000e\000\040\000e\000d\000\040\000E\000s\000e\000r\000c\000i\000z\000i\000\040\000d\000a\000\040\000E\000s\000a\000m\000i\000\040\000P\000a\000s\000s\000a\000t\000i}{chapter.1}% 46
\BOOKMARK [0][-]{chapter.2}{\376\377\000A\000r\000c\000h\000i\000t\000e\000c\000t\000u\000r\000e\000\040\000a\000n\000d\000\040\000M\000e\000m\000o\000r\000y}{}% 47
\BOOKMARK [1][-]{section.2.1}{\376\377\000T\000h\000e\000\040\000T\000r\000u\000e\000\040\000B\000e\000g\000i\000n\000n\000i\000n\000g\000:\000\040\000B\000e\000f\000o\000r\000e\000\040\000a\000n\000d\000\040\000A\000f\000t\000e\000r\000\040\000m\000a\000i\000n}{chapter.2}% 48
\BOOKMARK [1][-]{section.2.2}{\376\377\000T\000h\000e\000\040\000S\000t\000a\000c\000k\000:\000\040\000A\000u\000t\000o\000m\000a\000t\000i\000c\000\040\000a\000n\000d\000\040\000D\000e\000t\000e\000r\000m\000i\000n\000i\000s\000t\000i\000c}{chapter.2}% 49
\BOOKMARK [2][-]{subsection.2.2.1}{\376\377\000H\000o\000w\000\040\000t\000h\000e\000\040\000S\000t\000a\000c\000k\000\040\000W\000o\000r\000k\000s}{section.2.2}% 50
\BOOKMARK [2][-]{subsection.2.2.2}{\376\377\000T\000r\000a\000d\000e\000-\000o\000f\000f\000s\000\040\000o\000f\000\040\000t\000h\000e\000\040\000S\000t\000a\000c\000k}{section.2.2}% 51
\BOOKMARK [1][-]{section.2.3}{\376\377\000T\000h\000e\000\040\000H\000e\000a\000p\000:\000\040\000D\000y\000n\000a\000m\000i\000c\000\040\000a\000n\000d\000\040\000F\000l\000e\000x\000i\000b\000l\000e}{chapter.2}% 52
\BOOKMARK [2][-]{subsection.2.3.1}{\376\377\000T\000h\000e\000\040\000B\000u\000r\000d\000e\000n\000\040\000o\000f\000\040\000M\000a\000n\000u\000a\000l\000\040\000M\000a\000n\000a\000g\000e\000m\000e\000n\000t}{section.2.3}% 53
\BOOKMARK [2][-]{subsection.2.3.2}{\376\377\000B\000e\000y\000o\000n\000d\000\040\000t\000h\000e\000\040\000S\000t\000a\000c\000k\000\040\000a\000n\000d\000\040\000H\000e\000a\000p\000:\000\040\000T\000h\000e\000\040\000M\000e\000s\000s\000a\000g\000e\000\040\000Q\000u\000e\000u\000e}{section.2.3}% 54
\BOOKMARK [1][-]{section.2.4}{\376\377\000T\000h\000e\000\040\000D\000a\000n\000g\000e\000r\000\040\000o\000f\000\040\000P\000o\000i\000n\000t\000e\000r\000s}{chapter.2}% 55
\BOOKMARK [1][-]{section.2.5}{\376\377\000G\000a\000r\000b\000a\000g\000e\000\040\000C\000o\000l\000l\000e\000c\000t\000i\000o\000n\000\040\000v\000s\000.\000\040\000R\000u\000s\000t}{chapter.2}% 56
\BOOKMARK [2][-]{subsection.2.5.1}{\376\377\000T\000h\000e\000\040\000R\000u\000s\000t\000\040\000P\000a\000r\000a\000d\000i\000g\000m}{section.2.5}% 57
\BOOKMARK [1][-]{section.2.6}{\376\377\000D\000o\000m\000a\000n\000d\000e\000\040\000e\000d\000\040\000E\000s\000e\000r\000c\000i\000z\000i\000\040\000d\000a\000\040\000E\000s\000a\000m\000i\000\040\000P\000a\000s\000s\000a\000t\000i}{chapter.2}% 58
\BOOKMARK [0][-]{chapter.3}{\376\377\000R\000u\000s\000t\000\040\000O\000p\000e\000r\000a\000t\000i\000o\000n\000a\000l\000\040\000F\000u\000n\000d\000a\000m\000e\000n\000t\000a\000l\000s}{}% 59
\BOOKMARK [1][-]{section.3.1}{\376\377\000W\000h\000a\000t\000\040\000K\000i\000n\000d\000\040\000o\000f\000\040\000L\000a\000n\000g\000u\000a\000g\000e\000\040\000I\000s\000\040\000R\000u\000s\000t\000?}{chapter.3}% 60
\BOOKMARK [2][-]{subsection.3.1.1}{\376\377\000A\000\040\000C\000o\000m\000p\000i\000l\000e\000d\000\040\000L\000a\000n\000g\000u\000a\000g\000e\000\040\000w\000i\000t\000h\000\040\000C\000r\000o\000s\000s\000-\000C\000o\000m\000p\000i\000l\000a\000t\000i\000o\000n}{section.3.1}% 61
\BOOKMARK [2][-]{subsection.3.1.2}{\376\377\000M\000e\000m\000o\000r\000y\000\040\000S\000a\000f\000e\000t\000y\000\040\000b\000y\000\040\000D\000e\000s\000i\000g\000n}{section.3.1}% 62
\BOOKMARK [2][-]{subsection.3.1.3}{\376\377\000P\000e\000r\000f\000o\000r\000m\000a\000n\000c\000e\000\040\000C\000o\000m\000p\000a\000r\000a\000b\000l\000e\000\040\000t\000o\000\040\000C\000\040\000a\000n\000d\000\040\000C\000+\000+}{section.3.1}% 63
\BOOKMARK [2][-]{subsection.3.1.4}{\376\377\000T\000h\000e\000\040\000O\000w\000n\000e\000r\000s\000h\000i\000p\000\040\000M\000o\000d\000e\000l}{section.3.1}% 64
\BOOKMARK [1][-]{section.3.2}{\376\377\000T\000h\000e\000\040\000T\000o\000o\000l\000c\000h\000a\000i\000n\000:\000\040\000r\000u\000s\000t\000c\000,\000\040\000C\000a\000r\000g\000o\000,\000\040\000a\000n\000d\000\040\000r\000u\000s\000t\000u\000p}{chapter.3}% 65
\BOOKMARK [2][-]{subsection.3.2.1}{\376\377\000T\000h\000e\000\040\000C\000o\000m\000p\000i\000l\000e\000r\000:\000\040\000r\000u\000s\000t\000c}{section.3.2}% 66
\BOOKMARK [2][-]{subsection.3.2.2}{\376\377\000I\000n\000s\000t\000a\000l\000l\000i\000n\000g\000\040\000t\000h\000e\000\040\000T\000o\000o\000l\000c\000h\000a\000i\000n\000:\000\040\000r\000u\000s\000t\000u\000p}{section.3.2}% 67
\BOOKMARK [2][-]{subsection.3.2.3}{\376\377\000T\000h\000e\000\040\000B\000u\000i\000l\000d\000\040\000S\000y\000s\000t\000e\000m\000:\000\040\000C\000a\000r\000g\000o}{section.3.2}% 68
\BOOKMARK [1][-]{section.3.3}{\376\377\000I\000D\000E\000\040\000S\000e\000t\000u\000p\000\040\000a\000n\000d\000\040\000t\000h\000e\000\040\000C\000a\000r\000g\000o\000.\000t\000o\000m\000l\000\040\000F\000i\000l\000e}{chapter.3}% 69
\BOOKMARK [2][-]{subsection.3.3.1}{\376\377\000T\000h\000e\000\040\000C\000a\000r\000g\000o\000.\000t\000o\000m\000l\000\040\000F\000i\000l\000e}{section.3.3}% 70
\BOOKMARK [1][-]{section.3.4}{\376\377\000R\000u\000s\000t\000\040\000T\000e\000r\000m\000i\000n\000o\000l\000o\000g\000y\000:\000\040\000C\000r\000a\000t\000e\000,\000\040\000M\000o\000d\000u\000l\000e\000,\000\040\000P\000a\000c\000k\000a\000g\000e}{chapter.3}% 71
\BOOKMARK [1][-]{section.3.5}{\376\377\000P\000r\000o\000j\000e\000c\000t\000\040\000P\000h\000y\000s\000i\000c\000a\000l\000\040\000S\000t\000r\000u\000c\000t\000u\000r\000e\000\040\000o\000n\000\040\000D\000i\000s\000k}{chapter.3}% 72
\BOOKMARK [2][-]{subsection.3.5.1}{\376\377\000D\000e\000b\000u\000g\000\040\000v\000s\000.\000\040\000R\000e\000l\000e\000a\000s\000e\000\040\000B\000u\000i\000l\000d\000s}{section.3.5}% 73
\BOOKMARK [1][-]{section.3.6}{\376\377\000Y\000o\000u\000r\000\040\000F\000i\000r\000s\000t\000\040\000R\000u\000s\000t\000\040\000P\000r\000o\000g\000r\000a\000m\000:\000\040\000F\000u\000n\000c\000t\000i\000o\000n\000s\000,\000\040\000M\000a\000c\000r\000o\000s\000,\000\040\000a\000n\000d\000\040\000P\000r\000i\000n\000t\000i\000n\000g}{chapter.3}% 74
\BOOKMARK [2][-]{subsection.3.6.1}{\376\377\000T\000h\000e\000\040\000E\000n\000t\000r\000y\000\040\000P\000o\000i\000n\000t\000:\000\040\000f\000n\000\040\000m\000a\000i\000n\000\050\000\051}{section.3.6}% 75
\BOOKMARK [2][-]{subsection.3.6.2}{\376\377\000M\000a\000c\000r\000o\000s\000\040\000v\000s\000.\000\040\000C\000\040\000P\000r\000e\000p\000r\000o\000c\000e\000s\000s\000o\000r}{section.3.6}% 76
\BOOKMARK [2][-]{subsection.3.6.3}{\376\377\000P\000r\000i\000n\000t\000i\000n\000g\000:\000\040\000p\000r\000i\000n\000t\000!\000,\000\040\000p\000r\000i\000n\000t\000l\000n\000!\000,\000\040\000e\000p\000r\000i\000n\000t\000!\000,\000\040\000e\000p\000r\000i\000n\000t\000l\000n\000!}{section.3.6}% 77
\BOOKMARK [2][-]{subsection.3.6.4}{\376\377\000F\000o\000r\000m\000a\000t\000\040\000P\000l\000a\000c\000e\000h\000o\000l\000d\000e\000r\000s\000:\000\040\000\173\000\175\000\040\000a\000n\000d\000\040\000\173\000:\000?\000\175}{section.3.6}% 78
\BOOKMARK [1][-]{section.3.7}{\376\377\000V\000a\000r\000i\000a\000b\000l\000e\000s\000,\000\040\000M\000u\000t\000a\000b\000i\000l\000i\000t\000y\000,\000\040\000a\000n\000d\000\040\000t\000h\000e\000\040\000P\000r\000i\000n\000c\000i\000p\000l\000e\000\040\000o\000f\000\040\000M\000i\000n\000i\000m\000u\000m\000\040\000P\000r\000i\000v\000i\000l\000e\000g\000e}{chapter.3}% 79
\BOOKMARK [2][-]{subsection.3.7.1}{\376\377\000I\000n\000t\000r\000o\000d\000u\000c\000i\000n\000g\000\040\000V\000a\000r\000i\000a\000b\000l\000e\000s\000\040\000w\000i\000t\000h\000\040\000l\000e\000t}{section.3.7}% 80
\BOOKMARK [2][-]{subsection.3.7.2}{\376\377\000I\000m\000m\000u\000t\000a\000b\000i\000l\000i\000t\000y\000\040\000b\000y\000\040\000D\000e\000f\000a\000u\000l\000t}{section.3.7}% 81
\BOOKMARK [2][-]{subsection.3.7.3}{\376\377\000D\000e\000e\000p\000\040\000I\000m\000m\000u\000t\000a\000b\000i\000l\000i\000t\000y\000:\000\040\000T\000h\000e\000\040\000D\000i\000f\000f\000e\000r\000e\000n\000c\000e\000\040\000f\000r\000o\000m\000\040\000J\000a\000v\000a\000'\000s\000\040\000f\000i\000n\000a\000l}{section.3.7}% 82
\BOOKMARK [2][-]{subsection.3.7.4}{\376\377\000N\000o\000\040\000+\000+\000\040\000o\000r\000\040\040\023\000\040\000O\000p\000e\000r\000a\000t\000o\000r\000s}{section.3.7}% 83
\BOOKMARK [1][-]{section.3.8}{\376\377\000B\000l\000o\000c\000k\000s\000,\000\040\000S\000e\000m\000i\000c\000o\000l\000o\000n\000s\000,\000\040\000a\000n\000d\000\040\000E\000x\000p\000r\000e\000s\000s\000i\000o\000n\000s}{chapter.3}% 84
\BOOKMARK [2][-]{subsection.3.8.1}{\376\377\000S\000c\000o\000p\000i\000n\000g\000\040\000w\000i\000t\000h\000\040\000B\000l\000o\000c\000k\000s}{section.3.8}% 85
\BOOKMARK [2][-]{subsection.3.8.2}{\376\377\000T\000h\000e\000\040\000S\000e\000m\000i\000c\000o\000l\000o\000n\000\040\000R\000u\000l\000e}{section.3.8}% 86
\BOOKMARK [2][-]{subsection.3.8.3}{\376\377\000I\000f\000-\000E\000l\000s\000e\000\040\000a\000s\000\040\000a\000n\000\040\000E\000x\000p\000r\000e\000s\000s\000i\000o\000n}{section.3.8}% 87
\BOOKMARK [1][-]{section.3.9}{\376\377\000P\000r\000i\000m\000i\000t\000i\000v\000e\000\040\000T\000y\000p\000e\000s\000\040\000a\000n\000d\000\040\000N\000u\000m\000e\000r\000i\000c\000\040\000R\000e\000p\000r\000e\000s\000e\000n\000t\000a\000t\000i\000o\000n}{chapter.3}% 88
\BOOKMARK [2][-]{subsection.3.9.1}{\376\377\000T\000h\000e\000\040\000P\000r\000o\000b\000l\000e\000m\000\040\000w\000i\000t\000h\000\040\000C\000'\000s\000\040\000i\000n\000t}{section.3.9}% 89
\BOOKMARK [2][-]{subsection.3.9.2}{\376\377\000I\000n\000t\000e\000g\000e\000r\000\040\000T\000y\000p\000e\000s}{section.3.9}% 90
\BOOKMARK [2][-]{subsection.3.9.3}{\376\377\000F\000l\000o\000a\000t\000i\000n\000g\000-\000P\000o\000i\000n\000t\000\040\000T\000y\000p\000e\000s}{section.3.9}% 91
\BOOKMARK [2][-]{subsection.3.9.4}{\376\377\000S\000p\000e\000c\000i\000a\000l\000\040\000T\000y\000p\000e\000s\000:\000\040\000i\000s\000i\000z\000e\000,\000\040\000u\000s\000i\000z\000e\000,\000\040\000b\000o\000o\000l\000,\000\040\000c\000h\000a\000r}{section.3.9}% 92
\BOOKMARK [2][-]{subsection.3.9.5}{\376\377\000T\000h\000e\000\040\000U\000n\000i\000t\000\040\000T\000y\000p\000e\000\040\000\050\000\051}{section.3.9}% 93
\BOOKMARK [2][-]{subsection.3.9.6}{\376\377\000U\000n\000d\000e\000r\000s\000c\000o\000r\000e\000s\000\040\000i\000n\000\040\000N\000u\000m\000e\000r\000i\000c\000\040\000L\000i\000t\000e\000r\000a\000l\000s}{section.3.9}% 94
\BOOKMARK [2][-]{subsection.3.9.7}{\376\377\000T\000y\000p\000e\000\040\000A\000n\000n\000o\000t\000a\000t\000i\000o\000n\000s\000\040\000a\000n\000d\000\040\000T\000y\000p\000e\000\040\000I\000n\000f\000e\000r\000e\000n\000c\000e}{section.3.9}% 95
\BOOKMARK [1][-]{section.3.10}{\376\377\000E\000x\000p\000r\000e\000s\000s\000i\000o\000n\000s\000\040\000P\000r\000o\000d\000u\000c\000e\000\040\000V\000a\000l\000u\000e\000s}{chapter.3}% 96
\BOOKMARK [2][-]{subsection.3.10.1}{\376\377\000L\000o\000o\000p\000s\000:\000\040\000l\000o\000o\000p\000,\000\040\000f\000o\000r\000,\000\040\000w\000h\000i\000l\000e}{section.3.10}% 97
\BOOKMARK [1][-]{section.3.11}{\376\377\000P\000a\000t\000t\000e\000r\000n\000\040\000M\000a\000t\000c\000h\000i\000n\000g\000\040\000w\000i\000t\000h\000\040\000m\000a\000t\000c\000h}{chapter.3}% 98
\BOOKMARK [2][-]{subsection.3.11.1}{\376\377\000B\000a\000s\000i\000c\000\040\000V\000a\000l\000u\000e\000\040\000M\000a\000t\000c\000h\000i\000n\000g}{section.3.11}% 99
\BOOKMARK [2][-]{subsection.3.11.2}{\376\377\000D\000e\000s\000t\000r\000u\000c\000t\000u\000r\000i\000n\000g\000\040\000w\000i\000t\000h\000\040\000m\000a\000t\000c\000h}{section.3.11}% 100
\BOOKMARK [1][-]{section.3.12}{\376\377\000S\000t\000r\000i\000n\000g\000\040\000H\000a\000n\000d\000l\000i\000n\000g\000:\000\040\000S\000l\000i\000c\000e\000s\000\040\000v\000s\000.\000\040\000O\000w\000n\000e\000d\000\040\000S\000t\000r\000i\000n\000g\000s}{chapter.3}% 101
\BOOKMARK [2][-]{subsection.3.12.1}{\376\377\000J\000a\000v\000a\000\040\000C\000o\000m\000p\000a\000r\000i\000s\000o\000n\000:\000\040\000S\000t\000r\000i\000n\000g\000\040\000v\000s\000.\000\040\000S\000t\000r\000i\000n\000g\000B\000u\000i\000l\000d\000e\000r}{section.3.12}% 102
\BOOKMARK [2][-]{subsection.3.12.2}{\376\377\000S\000t\000r\000i\000n\000g\000\040\000S\000l\000i\000c\000e\000s\000:\000\040\000\046\000s\000t\000r}{section.3.12}% 103
\BOOKMARK [2][-]{subsection.3.12.3}{\376\377\000O\000w\000n\000e\000d\000\040\000S\000t\000r\000i\000n\000g\000s\000:\000\040\000S\000t\000r\000i\000n\000g}{section.3.12}% 104
\BOOKMARK [2][-]{subsection.3.12.4}{\376\377\000M\000e\000t\000h\000o\000d\000\040\000I\000n\000h\000e\000r\000i\000t\000a\000n\000c\000e\000:\000\040\000\046\000s\000t\000r\000\040\000M\000e\000t\000h\000o\000d\000s\000\040\000o\000n\000\040\000S\000t\000r\000i\000n\000g}{section.3.12}% 105
\BOOKMARK [2][-]{subsection.3.12.5}{\376\377\000S\000t\000e\000p\000-\000b\000y\000-\000S\000t\000e\000p\000\040\000S\000t\000r\000i\000n\000g\000\040\000L\000i\000f\000e\000c\000y\000c\000l\000e}{section.3.12}% 106
\BOOKMARK [2][-]{subsection.3.12.6}{\376\377\000C\000o\000n\000v\000e\000r\000t\000i\000n\000g\000\040\000B\000e\000t\000w\000e\000e\000n\000\040\000\046\000s\000t\000r\000\040\000a\000n\000d\000\040\000S\000t\000r\000i\000n\000g}{section.3.12}% 107
\BOOKMARK [2][-]{subsection.3.12.7}{\376\377\000T\000h\000e\000\040\000F\000u\000l\000l\000\040\000M\000e\000n\000a\000g\000e\000r\000i\000e\000\040\000o\000f\000\040\000S\000t\000r\000i\000n\000g\000\040\000T\000y\000p\000e\000s}{section.3.12}% 108
\BOOKMARK [1][-]{section.3.13}{\376\377\000V\000e\000c\000t\000o\000r\000s\000:\000\040\000V\000e\000c\000<\000T\000>}{chapter.3}% 109
\BOOKMARK [2][-]{subsection.3.13.1}{\376\377\000C\000r\000e\000a\000t\000i\000n\000g\000\040\000a\000n\000d\000\040\000U\000s\000i\000n\000g\000\040\000V\000e\000c\000t\000o\000r\000s}{section.3.13}% 110
\BOOKMARK [2][-]{subsection.3.13.2}{\376\377\000I\000n\000d\000e\000x\000i\000n\000g\000\040\000a\000n\000d\000\040\000S\000a\000f\000e\000\040\000A\000c\000c\000e\000s\000s}{section.3.13}% 111
\BOOKMARK [1][-]{section.3.14}{\376\377\000S\000h\000a\000d\000o\000w\000i\000n\000g}{chapter.3}% 112
\BOOKMARK [1][-]{section.3.15}{\376\377\000R\000e\000a\000d\000i\000n\000g\000\040\000f\000r\000o\000m\000\040\000C\000o\000n\000s\000o\000l\000e\000,\000\040\000F\000i\000l\000e\000s\000,\000\040\000a\000n\000d\000\040\000L\000i\000s\000t\000i\000n\000g\000\040\000D\000i\000r\000e\000c\000t\000o\000r\000i\000e\000s}{chapter.3}% 113
\BOOKMARK [1][-]{section.3.16}{\376\377\000D\000o\000m\000a\000n\000d\000e\000\040\000e\000d\000\040\000E\000s\000e\000r\000c\000i\000z\000i\000\040\000d\000a\000\040\000E\000s\000a\000m\000i\000\040\000P\000a\000s\000s\000a\000t\000i}{chapter.3}% 114
\BOOKMARK [0][-]{chapter.4}{\376\377\000O\000w\000n\000e\000r\000s\000h\000i\000p\000\040\000a\000n\000d\000\040\000B\000o\000r\000r\000o\000w\000i\000n\000g}{}% 115
\BOOKMARK [1][-]{section.4.1}{\376\377\000T\000h\000e\000\040\000C\000o\000r\000e\000\040\000C\000o\000n\000c\000e\000p\000t\000\040\000o\000f\000\040\000O\000w\000n\000e\000r\000s\000h\000i\000p}{chapter.4}% 116
\BOOKMARK [2][-]{subsection.4.1.1}{\376\377\000W\000h\000a\000t\000\040\000D\000o\000e\000s\000\040\000`\000`\000P\000o\000s\000s\000e\000s\000s\000i\000n\000g\000\040\000a\000\040\000V\000a\000l\000u\000e\000'\000'\000\040\000M\000e\000a\000n\000?}{section.4.1}% 117
\BOOKMARK [2][-]{subsection.4.1.2}{\376\377\000W\000h\000e\000n\000\040\000D\000o\000e\000s\000\040\000R\000e\000l\000e\000a\000s\000e\000\040\000H\000a\000p\000p\000e\000n\000?}{section.4.1}% 118
\BOOKMARK [1][-]{section.4.2}{\376\377\000O\000w\000n\000e\000r\000s\000h\000i\000p\000\040\000i\000n\000\040\000A\000c\000t\000i\000o\000n\000:\000\040\000T\000h\000e\000\040\000V\000e\000c\000\040\000E\000x\000a\000m\000p\000l\000e}{chapter.4}% 119
\BOOKMARK [2][-]{subsection.4.2.1}{\376\377\000V\000e\000c\000:\000:\000n\000e\000w\000\050\000\051\000\040\000v\000s\000.\000\040\000V\000e\000c\000:\000:\000w\000i\000t\000h\000\137\000c\000a\000p\000a\000c\000i\000t\000y\000\050\000\051}{section.4.2}% 120
\BOOKMARK [1][-]{section.4.3}{\376\377\000T\000r\000a\000n\000s\000f\000e\000r\000r\000i\000n\000g\000\040\000O\000w\000n\000e\000r\000s\000h\000i\000p\000:\000\040\000M\000o\000v\000e\000s}{chapter.4}% 121
\BOOKMARK [2][-]{subsection.4.3.1}{\376\377\000T\000h\000e\000\040\000T\000h\000r\000e\000e\000\040\000F\000o\000r\000m\000s\000\040\000o\000f\000\040\000A\000s\000s\000i\000g\000n\000m\000e\000n\000t}{section.4.3}% 122
\BOOKMARK [2][-]{subsection.4.3.2}{\376\377\000D\000e\000t\000a\000i\000l\000e\000d\000\040\000S\000t\000r\000i\000n\000g\000\040\000M\000o\000v\000e\000\040\000E\000x\000a\000m\000p\000l\000e}{section.4.3}% 123
\BOOKMARK [2][-]{subsection.4.3.3}{\376\377\000R\000e\000a\000s\000s\000i\000g\000n\000m\000e\000n\000t\000\040\000A\000f\000t\000e\000r\000\040\000M\000o\000v\000e}{section.4.3}% 124
\BOOKMARK [2][-]{subsection.4.3.4}{\376\377\000S\000h\000a\000d\000o\000w\000i\000n\000g\000\040\000v\000s\000.\000\040\000R\000e\000a\000s\000s\000i\000g\000n\000m\000e\000n\000t}{section.4.3}% 125
\BOOKMARK [2][-]{subsection.4.3.5}{\376\377\000I\000m\000p\000l\000i\000c\000i\000t\000\040\000M\000o\000v\000e\000s\000:\000\040\000T\000h\000e\000\040\000O\000p\000e\000r\000a\000t\000o\000r\000\040\000T\000r\000a\000p}{section.4.3}% 126
\BOOKMARK [1][-]{section.4.4}{\376\377\000T\000h\000e\000\040\000T\000r\000a\000i\000t\000\040\000S\000y\000s\000t\000e\000m\000:\000\040\000D\000r\000o\000p\000,\000\040\000C\000o\000p\000y\000,\000\040\000a\000n\000d\000\040\000C\000l\000o\000n\000e}{chapter.4}% 127
\BOOKMARK [2][-]{subsection.4.4.1}{\376\377\000T\000h\000e\000\040\000D\000r\000o\000p\000\040\000T\000r\000a\000i\000t}{section.4.4}% 128
\BOOKMARK [2][-]{subsection.4.4.2}{\376\377\000T\000h\000e\000\040\000C\000o\000p\000y\000\040\000T\000r\000a\000i\000t}{section.4.4}% 129
\BOOKMARK [2][-]{subsection.4.4.3}{\376\377\000T\000h\000e\000\040\000M\000u\000t\000u\000a\000l\000\040\000E\000x\000c\000l\000u\000s\000i\000v\000i\000t\000y\000\040\000o\000f\000\040\000D\000r\000o\000p\000\040\000a\000n\000d\000\040\000C\000o\000p\000y}{section.4.4}% 130
\BOOKMARK [2][-]{subsection.4.4.4}{\376\377\000W\000h\000o\000\040\000D\000e\000c\000i\000d\000e\000s\000\040\000t\000h\000e\000\040\000T\000r\000a\000i\000t\000\040\000L\000a\000b\000e\000l\000s\000?}{section.4.4}% 131
\BOOKMARK [2][-]{subsection.4.4.5}{\376\377\000C\000o\000p\000y\000\040\000P\000r\000o\000p\000a\000g\000a\000t\000i\000o\000n\000\040\000i\000n\000\040\000C\000o\000m\000p\000o\000s\000i\000t\000e\000\040\000T\000y\000p\000e\000s}{section.4.4}% 132
\BOOKMARK [2][-]{subsection.4.4.6}{\376\377\000W\000h\000a\000t\000\040\000`\000`\000M\000o\000v\000e\000'\000'\000\040\000a\000n\000d\000\040\000`\000`\000C\000o\000p\000y\000'\000'\000\040\000A\000c\000t\000u\000a\000l\000l\000y\000\040\000D\000o\000\040\000a\000t\000\040\000t\000h\000e\000\040\000M\000a\000c\000h\000i\000n\000e\000\040\000L\000e\000v\000e\000l}{section.4.4}% 133
\BOOKMARK [2][-]{subsection.4.4.7}{\376\377\000T\000h\000e\000\040\000C\000l\000o\000n\000e\000\040\000T\000r\000a\000i\000t\000:\000\040\000E\000x\000p\000l\000i\000c\000i\000t\000\040\000D\000e\000e\000p\000\040\000C\000o\000p\000y}{section.4.4}% 134
\BOOKMARK [2][-]{subsection.4.4.8}{\376\377\000T\000h\000e\000\040\000R\000e\000l\000a\000t\000i\000o\000n\000s\000h\000i\000p\000\040\000B\000e\000t\000w\000e\000e\000n\000\040\000C\000l\000o\000n\000e\000\040\000a\000n\000d\000\040\000C\000o\000p\000y}{section.4.4}% 135
\BOOKMARK [1][-]{section.4.5}{\376\377\000H\000e\000a\000p\000\040\000A\000l\000l\000o\000c\000a\000t\000i\000o\000n\000\040\000w\000i\000t\000h\000\040\000B\000o\000x}{chapter.4}% 136
\BOOKMARK [2][-]{subsection.4.5.1}{\376\377\000B\000o\000x\000\040\000w\000i\000t\000h\000\040\000T\000u\000p\000l\000e\000s\000:\000\040\000D\000e\000t\000a\000i\000l\000e\000d\000\040\000W\000a\000l\000k\000t\000h\000r\000o\000u\000g\000h}{section.4.5}% 137
\BOOKMARK [2][-]{subsection.4.5.2}{\376\377\000R\000e\000t\000u\000r\000n\000i\000n\000g\000\040\000a\000\040\000B\000o\000x\000\040\000f\000r\000o\000m\000\040\000a\000\040\000F\000u\000n\000c\000t\000i\000o\000n\000:\000\040\000O\000w\000n\000e\000r\000s\000h\000i\000p\000\040\000T\000r\000a\000n\000s\000f\000e\000r}{section.4.5}% 138
\BOOKMARK [2][-]{subsection.4.5.3}{\376\377\000B\000o\000x\000\040\000a\000s\000\040\000a\000\040\000S\000p\000e\000c\000i\000a\000l\000i\000z\000e\000d\000\040\000P\000o\000i\000n\000t\000e\000r}{section.4.5}% 139
\BOOKMARK [1][-]{section.4.6}{\376\377\000B\000o\000r\000r\000o\000w\000i\000n\000g\000:\000\040\000A\000c\000c\000e\000s\000s\000\040\000W\000i\000t\000h\000o\000u\000t\000\040\000P\000o\000s\000s\000e\000s\000s\000i\000o\000n}{chapter.4}% 140
\BOOKMARK [2][-]{subsection.4.6.1}{\376\377\000I\000m\000m\000u\000t\000a\000b\000l\000e\000\040\000R\000e\000f\000e\000r\000e\000n\000c\000e\000s\000\040\000\050\000\046\000T\000\051}{section.4.6}% 141
\BOOKMARK [2][-]{subsection.4.6.2}{\376\377\000M\000u\000t\000a\000b\000l\000e\000\040\000R\000e\000f\000e\000r\000e\000n\000c\000e\000s\000\040\000\050\000\046\000m\000u\000t\000\040\000T\000\051}{section.4.6}% 142
\BOOKMARK [2][-]{subsection.4.6.3}{\376\377\000T\000h\000e\000\040\000C\000a\000r\000d\000i\000n\000a\000l\000\040\000R\000u\000l\000e\000\040\000o\000f\000\040\000B\000o\000r\000r\000o\000w\000i\000n\000g}{section.4.6}% 143
\BOOKMARK [1][-]{section.4.7}{\376\377\000T\000h\000e\000\040\000B\000o\000r\000r\000o\000w\000\040\000C\000h\000e\000c\000k\000e\000r\000\040\000a\000n\000d\000\040\000L\000i\000f\000e\000t\000i\000m\000e\000s}{chapter.4}% 144
\BOOKMARK [2][-]{subsection.4.7.1}{\376\377\000T\000h\000e\000\040\000C\000o\000m\000p\000i\000l\000e\000r\000\040\000P\000r\000o\000v\000e\000s\000\040\000T\000h\000e\000o\000r\000e\000m\000s}{section.4.7}% 145
\BOOKMARK [2][-]{subsection.4.7.2}{\376\377\000L\000i\000f\000e\000t\000i\000m\000e\000s\000:\000\040\000T\000h\000e\000\040\000C\000o\000n\000c\000e\000p\000t}{section.4.7}% 146
\BOOKMARK [2][-]{subsection.4.7.3}{\376\377\000W\000h\000a\000t\000\040\000L\000i\000f\000e\000t\000i\000m\000e\000s\000\040\000R\000e\000a\000l\000l\000y\000\040\000A\000r\000e\000\040\000I\000n\000t\000e\000r\000n\000a\000l\000l\000y}{section.4.7}% 147
\BOOKMARK [2][-]{subsection.4.7.4}{\376\377\000T\000h\000e\000\040\000C\000o\000r\000e\000\040\000L\000i\000f\000e\000t\000i\000m\000e\000\040\000R\000u\000l\000e}{section.4.7}% 148
\BOOKMARK [2][-]{subsection.4.7.5}{\376\377\000D\000a\000n\000g\000l\000i\000n\000g\000\040\000R\000e\000f\000e\000r\000e\000n\000c\000e\000\040\000E\000x\000a\000m\000p\000l\000e}{section.4.7}% 149
\BOOKMARK [2][-]{subsection.4.7.6}{\376\377\000L\000i\000f\000e\000t\000i\000m\000e\000\040\000P\000r\000o\000p\000a\000g\000a\000t\000i\000o\000n\000\040\000i\000n\000t\000o\000\040\000C\000o\000n\000t\000a\000i\000n\000e\000r\000s}{section.4.7}% 150
\BOOKMARK [2][-]{subsection.4.7.7}{\376\377\000L\000i\000f\000e\000t\000i\000m\000e\000\040\000A\000n\000n\000o\000t\000a\000t\000i\000o\000n\000s}{section.4.7}% 151
\BOOKMARK [2][-]{subsection.4.7.8}{\376\377\000L\000i\000f\000e\000t\000i\000m\000e\000s\000\040\000i\000n\000\040\000S\000t\000r\000u\000c\000t\000s}{section.4.7}% 152
\BOOKMARK [2][-]{subsection.4.7.9}{\376\377\000T\000h\000e\000\040\000'\000s\000t\000a\000t\000i\000c\000\040\000L\000i\000f\000e\000t\000i\000m\000e}{section.4.7}% 153
\BOOKMARK [2][-]{subsection.4.7.10}{\376\377\000A\000l\000l\000\040\000C\000h\000e\000c\000k\000s\000\040\000A\000r\000e\000\040\000C\000o\000m\000p\000i\000l\000e\000-\000T\000i\000m\000e}{section.4.7}% 154
\BOOKMARK [1][-]{section.4.8}{\376\377\000S\000l\000i\000c\000e\000s\000:\000\040\000R\000e\000f\000e\000r\000e\000n\000c\000e\000s\000\040\000t\000o\000\040\000S\000e\000q\000u\000e\000n\000c\000e\000s}{chapter.4}% 155
\BOOKMARK [2][-]{subsection.4.8.1}{\376\377\000F\000a\000t\000\040\000P\000o\000i\000n\000t\000e\000r\000s}{section.4.8}% 156
\BOOKMARK [2][-]{subsection.4.8.2}{\376\377\000C\000r\000e\000a\000t\000i\000n\000g\000\040\000S\000l\000i\000c\000e\000s}{section.4.8}% 157
\BOOKMARK [1][-]{section.4.9}{\376\377\000S\000u\000m\000m\000a\000r\000y\000:\000\040\000B\000o\000x\000\040\000v\000s\000.\000\040\000R\000e\000f\000e\000r\000e\000n\000c\000e\000\040\040\024\000\040\000A\000\040\000C\000o\000m\000p\000a\000r\000i\000s\000o\000n}{chapter.4}% 158
\BOOKMARK [1][-]{section.4.10}{\376\377\000W\000h\000y\000\040\000O\000w\000n\000e\000r\000s\000h\000i\000p\000\040\000M\000a\000t\000t\000e\000r\000s\000:\000\040\000P\000e\000r\000f\000o\000r\000m\000a\000n\000c\000e\000\040\000W\000i\000t\000h\000o\000u\000t\000\040\000G\000C}{chapter.4}% 159
\BOOKMARK [1][-]{section.4.11}{\376\377\000O\000w\000n\000e\000r\000s\000h\000i\000p\000\040\000R\000e\000c\000a\000p\000:\000\040\000T\000h\000e\000\040\000P\000r\000o\000f\000e\000s\000s\000o\000r\000'\000s\000\040\000S\000u\000m\000m\000a\000r\000y}{chapter.4}% 160
\BOOKMARK [1][-]{section.4.12}{\376\377\000C\000o\000m\000p\000r\000e\000h\000e\000n\000s\000i\000v\000e\000\040\000O\000w\000n\000e\000r\000s\000h\000i\000p\000\040\000T\000r\000a\000c\000i\000n\000g\000:\000\040\000E\000x\000a\000m\000-\000S\000t\000y\000l\000e\000\040\000E\000x\000a\000m\000p\000l\000e}{chapter.4}% 161
\BOOKMARK [1][-]{section.4.13}{\376\377\000D\000o\000m\000a\000n\000d\000e\000\040\000e\000d\000\040\000E\000s\000e\000r\000c\000i\000z\000i\000\040\000d\000a\000\040\000E\000s\000a\000m\000i\000\040\000P\000a\000s\000s\000a\000t\000i}{chapter.4}% 162
\BOOKMARK [0][-]{chapter.5}{\376\377\000C\000o\000m\000p\000o\000u\000n\000d\000\040\000T\000y\000p\000e\000s\000:\000\040\000S\000t\000r\000u\000c\000t\000s\000,\000\040\000E\000n\000u\000m\000s\000,\000\040\000a\000n\000d\000\040\000P\000a\000t\000t\000e\000r\000n\000\040\000M\000a\000t\000c\000h\000i\000n\000g}{}% 163
\BOOKMARK [1][-]{section.5.1}{\376\377\000S\000t\000r\000u\000c\000t\000s\000:\000\040\000A\000g\000g\000r\000e\000g\000a\000t\000i\000n\000g\000\040\000H\000e\000t\000e\000r\000o\000g\000e\000n\000e\000o\000u\000s\000\040\000D\000a\000t\000a}{chapter.5}% 164
\BOOKMARK [2][-]{subsection.5.1.1}{\376\377\000I\000n\000s\000t\000a\000n\000t\000i\000a\000t\000i\000n\000g\000\040\000S\000t\000r\000u\000c\000t\000s}{section.5.1}% 165
\BOOKMARK [2][-]{subsection.5.1.2}{\376\377\000N\000o\000m\000i\000n\000a\000l\000\040\000v\000s\000.\000\040\000S\000t\000r\000u\000c\000t\000u\000r\000a\000l\000\040\000T\000y\000p\000i\000n\000g}{section.5.1}% 166
\BOOKMARK [2][-]{subsection.5.1.3}{\376\377\000T\000u\000p\000l\000e\000\040\000S\000t\000r\000u\000c\000t\000s}{section.5.1}% 167
\BOOKMARK [2][-]{subsection.5.1.4}{\376\377\000U\000n\000i\000t\000-\000L\000i\000k\000e\000\040\000S\000t\000r\000u\000c\000t\000s\000\040\000\050\000Z\000e\000r\000o\000-\000S\000i\000z\000e\000d\000\040\000T\000y\000p\000e\000s\000\051}{section.5.1}% 168
\BOOKMARK [1][-]{section.5.2}{\376\377\000M\000e\000m\000o\000r\000y\000\040\000L\000a\000y\000o\000u\000t\000\040\000o\000f\000\040\000S\000t\000r\000u\000c\000t\000s}{chapter.5}% 169
\BOOKMARK [1][-]{section.5.3}{\376\377\000V\000i\000s\000i\000b\000i\000l\000i\000t\000y\000,\000\040\000E\000n\000c\000a\000p\000s\000u\000l\000a\000t\000i\000o\000n\000,\000\040\000a\000n\000d\000\040\000t\000h\000e\000\040\000p\000u\000b\000\040\000K\000e\000y\000w\000o\000r\000d}{chapter.5}% 170
\BOOKMARK [1][-]{section.5.4}{\376\377\000M\000e\000t\000h\000o\000d\000s\000:\000\040\000A\000d\000d\000i\000n\000g\000\040\000B\000e\000h\000a\000v\000i\000o\000r\000\040\000w\000i\000t\000h\000\040\000i\000m\000p\000l\000\040\000B\000l\000o\000c\000k\000s}{chapter.5}% 171
\BOOKMARK [2][-]{subsection.5.4.1}{\376\377\000T\000h\000e\000\040\000S\000e\000p\000a\000r\000a\000t\000i\000o\000n\000\040\000o\000f\000\040\000D\000a\000t\000a\000\040\000a\000n\000d\000\040\000B\000e\000h\000a\000v\000i\000o\000r}{section.5.4}% 172
\BOOKMARK [2][-]{subsection.5.4.2}{\376\377\000T\000h\000e\000\040\000T\000h\000r\000e\000e\000\040\000M\000e\000t\000h\000o\000d\000\040\000R\000e\000c\000e\000i\000v\000e\000r\000s}{section.5.4}% 173
\BOOKMARK [2][-]{subsection.5.4.3}{\376\377\000A\000\040\000C\000o\000m\000p\000l\000e\000t\000e\000\040\000E\000x\000a\000m\000p\000l\000e\000:\000\040\000m\000i\000r\000r\000o\000r\000,\000\040\000l\000e\000n\000g\000t\000h\000,\000\040\000a\000n\000d\000\040\000s\000c\000a\000l\000e}{section.5.4}% 174
\BOOKMARK [2][-]{subsection.5.4.4}{\376\377\000M\000e\000t\000h\000o\000d\000\040\000C\000a\000l\000l\000s\000\040\000A\000r\000e\000\040\000S\000y\000n\000t\000a\000c\000t\000i\000c\000\040\000S\000u\000g\000a\000r}{section.5.4}% 175
\BOOKMARK [2][-]{subsection.5.4.5}{\376\377\000C\000o\000n\000s\000t\000r\000u\000c\000t\000o\000r\000s\000:\000\040\000T\000h\000e\000\040\000n\000e\000w\000\040\000C\000o\000n\000v\000e\000n\000t\000i\000o\000n}{section.5.4}% 176
\BOOKMARK [2][-]{subsection.5.4.6}{\376\377\000A\000s\000s\000o\000c\000i\000a\000t\000e\000d\000\040\000F\000u\000n\000c\000t\000i\000o\000n\000s\000\040\000\050\000S\000t\000a\000t\000i\000c\000\040\000M\000e\000t\000h\000o\000d\000s\000\051}{section.5.4}% 177
\BOOKMARK [1][-]{section.5.5}{\376\377\000W\000h\000y\000\040\000R\000u\000s\000t\000\040\000R\000e\000j\000e\000c\000t\000s\000\040\000I\000n\000h\000e\000r\000i\000t\000a\000n\000c\000e}{chapter.5}% 178
\BOOKMARK [1][-]{section.5.6}{\376\377\000T\000h\000e\000\040\000D\000r\000o\000p\000\040\000T\000r\000a\000i\000t\000:\000\040\000D\000e\000s\000t\000r\000u\000c\000t\000o\000r\000s\000\040\000a\000n\000d\000\040\000R\000A\000I\000I}{chapter.5}% 179
\BOOKMARK [2][-]{subsection.5.6.1}{\376\377\000H\000o\000w\000\040\000D\000r\000o\000p\000\040\000W\000o\000r\000k\000s}{section.5.6}% 180
\BOOKMARK [2][-]{subsection.5.6.2}{\376\377\000T\000h\000e\000\040\000R\000A\000I\000I\000\040\000P\000a\000t\000t\000e\000r\000n}{section.5.6}% 181
\BOOKMARK [2][-]{subsection.5.6.3}{\376\377\000I\000m\000p\000l\000e\000m\000e\000n\000t\000i\000n\000g\000\040\000D\000r\000o\000p}{section.5.6}% 182
\BOOKMARK [1][-]{section.5.7}{\376\377\000S\000t\000r\000u\000c\000t\000s\000\040\000A\000r\000e\000\040\000P\000r\000o\000d\000u\000c\000t\000\040\000T\000y\000p\000e\000s}{chapter.5}% 183
\BOOKMARK [1][-]{section.5.8}{\376\377\000E\000n\000u\000m\000s\000:\000\040\000E\000x\000p\000r\000e\000s\000s\000i\000n\000g\000\040\000A\000l\000t\000e\000r\000n\000a\000t\000i\000v\000e\000s\000\040\000\050\000S\000u\000m\000\040\000T\000y\000p\000e\000s\000\051}{chapter.5}% 184
\BOOKMARK [2][-]{subsection.5.8.1}{\376\377\000S\000i\000m\000p\000l\000e\000\040\000E\000n\000u\000m\000s\000:\000\040\000L\000a\000b\000e\000l\000s\000\040\000w\000i\000t\000h\000\040\000O\000p\000t\000i\000o\000n\000a\000l\000\040\000V\000a\000l\000u\000e\000s}{section.5.8}% 185
\BOOKMARK [2][-]{subsection.5.8.2}{\376\377\000E\000n\000u\000m\000s\000\040\000w\000i\000t\000h\000\040\000D\000a\000t\000a\000\040\000P\000a\000y\000l\000o\000a\000d\000s}{section.5.8}% 186
\BOOKMARK [2][-]{subsection.5.8.3}{\376\377\000M\000e\000m\000o\000r\000y\000\040\000L\000a\000y\000o\000u\000t\000\040\000o\000f\000\040\000E\000n\000u\000m\000s\000:\000\040\000T\000a\000g\000g\000e\000d\000\040\000U\000n\000i\000o\000n\000s}{section.5.8}% 187
\BOOKMARK [1][-]{section.5.9}{\376\377\000P\000a\000t\000t\000e\000r\000n\000\040\000M\000a\000t\000c\000h\000i\000n\000g\000\040\000w\000i\000t\000h\000\040\000m\000a\000t\000c\000h}{chapter.5}% 188
\BOOKMARK [2][-]{subsection.5.9.1}{\376\377\000T\000h\000e\000\040\000i\000f\000\040\000l\000e\000t\000\040\000C\000o\000n\000s\000t\000r\000u\000c\000t}{section.5.9}% 189
\BOOKMARK [2][-]{subsection.5.9.2}{\376\377\000D\000e\000s\000t\000r\000u\000c\000t\000u\000r\000i\000n\000g\000\040\000S\000t\000r\000u\000c\000t\000s}{section.5.9}% 190
\BOOKMARK [1][-]{section.5.10}{\376\377\000S\000u\000m\000m\000a\000r\000y\000:\000\040\000P\000r\000o\000d\000u\000c\000t\000\040\000T\000y\000p\000e\000s\000\040\000v\000s\000.\000\040\000S\000u\000m\000\040\000T\000y\000p\000e\000s}{chapter.5}% 191
\BOOKMARK [0][-]{chapter.6}{\376\377\000E\000r\000r\000o\000r\000\040\000H\000a\000n\000d\000l\000i\000n\000g}{}% 192
\BOOKMARK [1][-]{section.6.1}{\376\377\000T\000h\000e\000\040\000T\000a\000x\000o\000n\000o\000m\000y\000\040\000o\000f\000\040\000F\000a\000i\000l\000u\000r\000e\000s\000:\000\040\000R\000e\000c\000o\000v\000e\000r\000a\000b\000l\000e\000\040\000v\000s\000.\000\040\000U\000n\000r\000e\000c\000o\000v\000e\000r\000a\000b\000l\000e}{chapter.6}% 193
\BOOKMARK [1][-]{section.6.2}{\376\377\000U\000n\000r\000e\000c\000o\000v\000e\000r\000a\000b\000l\000e\000\040\000E\000r\000r\000o\000r\000s\000\040\000a\000n\000d\000\040\000P\000a\000n\000i\000c\000s}{chapter.6}% 194
\BOOKMARK [1][-]{section.6.3}{\376\377\000E\000n\000u\000m\000s\000,\000\040\000S\000t\000r\000u\000c\000t\000s\000,\000\040\000a\000n\000d\000\040\000P\000a\000t\000t\000e\000r\000n\000\040\000M\000a\000t\000c\000h\000i\000n\000g}{chapter.6}% 195
\BOOKMARK [2][-]{subsection.6.3.1}{\376\377\000S\000e\000l\000e\000c\000t\000i\000v\000e\000\040\000D\000e\000s\000t\000r\000u\000c\000t\000u\000r\000i\000n\000g\000\040\000w\000i\000t\000h\000\040\000i\000f\000\040\000l\000e\000t\000\040\000a\000n\000d\000\040\000w\000h\000i\000l\000e\000\040\000l\000e\000t}{section.6.3}% 196
\BOOKMARK [2][-]{subsection.6.3.2}{\376\377\000S\000t\000r\000u\000c\000t\000\040\000D\000e\000s\000t\000r\000u\000c\000t\000u\000r\000i\000n\000g}{section.6.3}% 197
\BOOKMARK [1][-]{section.6.4}{\376\377\000R\000e\000c\000o\000v\000e\000r\000a\000b\000l\000e\000\040\000E\000r\000r\000o\000r\000s\000:\000\040\000R\000e\000s\000u\000l\000t\000\040\000a\000n\000d\000\040\000O\000p\000t\000i\000o\000n}{chapter.6}% 198
\BOOKMARK [2][-]{subsection.6.4.1}{\376\377\000E\000x\000t\000r\000a\000c\000t\000i\000n\000g\000\040\000V\000a\000l\000u\000e\000s\000\040\000a\000n\000d\000\040\000H\000a\000n\000d\000l\000i\000n\000g\000\040\000E\000r\000r\000o\000r\000s}{section.6.4}% 199
\BOOKMARK [1][-]{section.6.5}{\376\377\000T\000h\000e\000\040\000H\000a\000p\000p\000y\000\040\000P\000a\000t\000h\000:\000\040\000T\000h\000e\000\040\000?\000\040\000O\000p\000e\000r\000a\000t\000o\000r}{chapter.6}% 200
\BOOKMARK [1][-]{section.6.6}{\376\377\000H\000a\000n\000d\000l\000i\000n\000g\000\040\000H\000e\000t\000e\000r\000o\000g\000e\000n\000e\000o\000u\000s\000\040\000E\000r\000r\000o\000r\000s}{chapter.6}% 201
\BOOKMARK [2][-]{subsection.6.6.1}{\376\377\000T\000r\000a\000i\000t\000\040\000O\000b\000j\000e\000c\000t\000s\000:\000\040\000B\000o\000x\000<\000d\000y\000n\000\040\000E\000r\000r\000o\000r\000>}{section.6.6}% 202
\BOOKMARK [2][-]{subsection.6.6.2}{\376\377\000C\000u\000s\000t\000o\000m\000\040\000E\000n\000u\000m\000s}{section.6.6}% 203
\BOOKMARK [2][-]{subsection.6.6.3}{\376\377\000E\000c\000o\000s\000y\000s\000t\000e\000m\000\040\000S\000o\000l\000u\000t\000i\000o\000n\000s\000:\000\040\000t\000h\000i\000s\000e\000r\000r\000o\000r\000\040\000a\000n\000d\000\040\000a\000n\000y\000h\000o\000w}{section.6.6}% 204
\BOOKMARK [1][-]{section.6.7}{\376\377\000D\000o\000m\000a\000n\000d\000e\000\040\000e\000d\000\040\000E\000s\000e\000r\000c\000i\000z\000i\000\040\000d\000a\000\040\000E\000s\000a\000m\000i\000\040\000P\000a\000s\000s\000a\000t\000i}{chapter.6}% 205
\BOOKMARK [0][-]{chapter.7}{\376\377\000M\000o\000d\000u\000l\000e\000s\000\040\000a\000n\000d\000\040\000V\000i\000s\000i\000b\000i\000l\000i\000t\000y}{}% 206
\BOOKMARK [1][-]{section.7.1}{\376\377\000I\000n\000t\000r\000o\000d\000u\000c\000t\000i\000o\000n\000:\000\040\000T\000h\000e\000\040\000N\000e\000e\000d\000\040\000f\000o\000r\000\040\000O\000r\000g\000a\000n\000i\000z\000a\000t\000i\000o\000n}{chapter.7}% 207
\BOOKMARK [1][-]{section.7.2}{\376\377\000T\000h\000e\000\040\000R\000u\000s\000t\000\040\000P\000r\000o\000j\000e\000c\000t\000\040\000S\000t\000r\000u\000c\000t\000u\000r\000e\000:\000\040\000P\000a\000c\000k\000a\000g\000e\000s\000\040\000a\000n\000d\000\040\000C\000r\000a\000t\000e\000s}{chapter.7}% 208
\BOOKMARK [2][-]{subsection.7.2.1}{\376\377\000B\000u\000i\000l\000d\000i\000n\000g\000\040\000M\000u\000l\000t\000i\000p\000l\000e\000\040\000E\000x\000e\000c\000u\000t\000a\000b\000l\000e\000s}{section.7.2}% 209
\BOOKMARK [2][-]{subsection.7.2.2}{\376\377\000V\000e\000r\000s\000i\000o\000n\000i\000n\000g}{section.7.2}% 210
\BOOKMARK [1][-]{section.7.3}{\376\377\000D\000e\000f\000i\000n\000i\000n\000g\000\040\000M\000o\000d\000u\000l\000e\000s\000\040\000a\000n\000d\000\040\000V\000i\000s\000i\000b\000i\000l\000i\000t\000y}{chapter.7}% 211
\BOOKMARK [2][-]{subsection.7.3.1}{\376\377\000M\000o\000d\000u\000l\000e\000s\000\040\000a\000n\000d\000\040\000S\000o\000u\000r\000c\000e\000\040\000F\000i\000l\000e\000s}{section.7.3}% 212
\BOOKMARK [2][-]{subsection.7.3.2}{\376\377\000T\000h\000e\000\040\000m\000o\000d\000\040\000a\000n\000d\000\040\000p\000u\000b\000\040\000K\000e\000y\000w\000o\000r\000d\000s}{section.7.3}% 213
\BOOKMARK [2][-]{subsection.7.3.3}{\376\377\000N\000a\000v\000i\000g\000a\000t\000i\000n\000g\000\040\000P\000a\000t\000h\000s\000\040\000a\000n\000d\000\040\000R\000e\000-\000e\000x\000p\000o\000r\000t\000i\000n\000g}{section.7.3}% 214
\BOOKMARK [1][-]{section.7.4}{\376\377\000E\000x\000t\000e\000r\000n\000a\000l\000\040\000D\000e\000p\000e\000n\000d\000e\000n\000c\000i\000e\000s}{chapter.7}% 215
\BOOKMARK [1][-]{section.7.5}{\376\377\000F\000o\000r\000e\000i\000g\000n\000\040\000F\000u\000n\000c\000t\000i\000o\000n\000\040\000I\000n\000t\000e\000r\000f\000a\000c\000e\000\040\000\050\000F\000F\000I\000\051}{chapter.7}% 216
\BOOKMARK [2][-]{subsection.7.5.1}{\376\377\000B\000u\000i\000l\000d\000i\000n\000g\000\040\000a\000\040\000D\000y\000n\000a\000m\000i\000c\000\040\000C\000-\000L\000i\000b\000r\000a\000r\000y}{section.7.5}% 217
\BOOKMARK [2][-]{subsection.7.5.2}{\376\377\000C\000a\000l\000l\000i\000n\000g\000\040\000R\000u\000s\000t\000\040\000f\000r\000o\000m\000\040\000P\000y\000t\000h\000o\000n}{section.7.5}% 218
\BOOKMARK [1][-]{section.7.6}{\376\377\000D\000o\000m\000a\000n\000d\000e\000\040\000e\000d\000\040\000E\000s\000e\000r\000c\000i\000z\000i\000\040\000d\000a\000\040\000E\000s\000a\000m\000i\000\040\000P\000a\000s\000s\000a\000t\000i}{chapter.7}% 219
\BOOKMARK [0][-]{chapter.8}{\376\377\000P\000o\000l\000y\000m\000o\000r\000p\000h\000i\000s\000m\000\040\000a\000n\000d\000\040\000T\000r\000a\000i\000t\000s}{}% 220
\BOOKMARK [1][-]{section.8.1}{\376\377\000D\000o\000m\000a\000n\000d\000e\000\040\000e\000d\000\040\000E\000s\000e\000r\000c\000i\000z\000i\000\040\000d\000a\000\040\000E\000s\000a\000m\000i\000\040\000P\000a\000s\000s\000a\000t\000i}{chapter.8}% 221
\BOOKMARK [0][-]{chapter.9}{\376\377\000T\000e\000s\000t\000i\000n\000g\000\040\000a\000n\000d\000\040\000C\000I}{}% 222
\BOOKMARK [1][-]{section.9.1}{\376\377\000T\000h\000e\000\040\000P\000h\000i\000l\000o\000s\000o\000p\000h\000y\000\040\000o\000f\000\040\000T\000e\000s\000t\000i\000n\000g}{chapter.9}% 223
\BOOKMARK [1][-]{section.9.2}{\376\377\000T\000h\000e\000\040\000T\000e\000s\000t\000i\000n\000g\000\040\000P\000y\000r\000a\000m\000i\000d}{chapter.9}% 224
\BOOKMARK [1][-]{section.9.3}{\376\377\000U\000n\000i\000t\000\040\000T\000e\000s\000t\000i\000n\000g\000:\000\040\000T\000h\000e\000\040\000F\000o\000u\000n\000d\000a\000t\000i\000o\000n}{chapter.9}% 225
\BOOKMARK [2][-]{subsection.9.3.1}{\376\377\000M\000e\000c\000h\000a\000n\000i\000s\000m\000:\000\040\000T\000h\000e\000\040\000T\000e\000s\000t\000\040\000M\000o\000d\000u\000l\000e}{section.9.3}% 226
\BOOKMARK [2][-]{subsection.9.3.2}{\376\377\000A\000s\000s\000e\000r\000t\000i\000o\000n\000s\000\040\000a\000n\000d\000\040\000U\000s\000a\000g\000e\000\040\000G\000u\000i\000d\000e\000l\000i\000n\000e\000s}{section.9.3}% 227
\BOOKMARK [2][-]{subsection.9.3.3}{\376\377\000A\000d\000v\000a\000n\000c\000e\000d\000\040\000T\000e\000s\000t\000i\000n\000g\000\040\000M\000e\000c\000h\000a\000n\000i\000c\000s}{section.9.3}% 228
\BOOKMARK [2][-]{subsection.9.3.4}{\376\377\000T\000e\000s\000t\000i\000n\000g\000\040\000E\000d\000g\000e\000\040\000C\000a\000s\000e\000s\000\040\000a\000n\000d\000\040\000F\000a\000i\000l\000u\000r\000e\000s}{section.9.3}% 229
\BOOKMARK [1][-]{section.9.4}{\376\377\000H\000o\000w\000\040\000T\000e\000s\000t\000s\000\040\000D\000r\000i\000v\000e\000\040\000A\000P\000I\000\040\000D\000e\000s\000i\000g\000n}{chapter.9}% 230
\BOOKMARK [1][-]{section.9.5}{\376\377\000I\000n\000t\000e\000g\000r\000a\000t\000i\000o\000n\000\040\000T\000e\000s\000t\000i\000n\000g}{chapter.9}% 231
\BOOKMARK [2][-]{subsection.9.5.1}{\376\377\000S\000t\000r\000u\000c\000t\000u\000r\000e\000\040\000o\000f\000\040\000I\000n\000t\000e\000g\000r\000a\000t\000i\000o\000n\000\040\000T\000e\000s\000t\000s}{section.9.5}% 232
\BOOKMARK [1][-]{section.9.6}{\376\377\000P\000a\000r\000a\000m\000e\000t\000r\000i\000c\000\040\000T\000e\000s\000t\000i\000n\000g\000\040\000w\000i\000t\000h\000\040\000r\000s\000t\000e\000s\000t}{chapter.9}% 233
\BOOKMARK [1][-]{section.9.7}{\376\377\000T\000h\000e\000\040\000L\000i\000m\000i\000t\000s\000\040\000o\000f\000\040\000T\000e\000s\000t\000i\000n\000g\000:\000\040\000C\000o\000n\000c\000u\000r\000r\000e\000n\000c\000y\000\040\000a\000n\000d\000\040\000P\000r\000o\000o\000f\000s}{chapter.9}% 234
\BOOKMARK [1][-]{section.9.8}{\376\377\000D\000o\000m\000a\000n\000d\000e\000\040\000e\000d\000\040\000E\000s\000e\000r\000c\000i\000z\000i\000\040\000d\000a\000\040\000E\000s\000a\000m\000i\000\040\000P\000a\000s\000s\000a\000t\000i}{chapter.9}% 235
\BOOKMARK [0][-]{chapter.10}{\376\377\000C\000o\000l\000l\000e\000c\000t\000i\000o\000n\000s\000\040\000a\000n\000d\000\040\000P\000e\000r\000s\000i\000s\000t\000e\000n\000c\000e}{}% 236
\BOOKMARK [1][-]{section.10.1}{\376\377\000I\000n\000t\000r\000o\000d\000u\000c\000t\000i\000o\000n\000\040\000t\000o\000\040\000D\000y\000n\000a\000m\000i\000c\000\040\000C\000o\000n\000t\000a\000i\000n\000e\000r\000s}{chapter.10}% 237
\BOOKMARK [2][-]{subsection.10.1.1}{\376\377\000S\000h\000a\000r\000e\000d\000\040\000C\000o\000l\000l\000e\000c\000t\000i\000o\000n\000\040\000A\000P\000I\000\040\000a\000n\000d\000\040\000C\000o\000m\000p\000l\000e\000x\000i\000t\000y}{section.10.1}% 238
\BOOKMARK [1][-]{section.10.2}{\376\377\000S\000e\000q\000u\000e\000n\000c\000e\000s\000:\000\040\000V\000e\000c\000t\000o\000r\000s\000\040\000\050\000V\000e\000c\000<\000T\000>\000\051}{chapter.10}% 239
\BOOKMARK [2][-]{subsection.10.2.1}{\376\377\000T\000h\000e\000\040\000P\000r\000o\000b\000l\000e\000m\000\040\000o\000f\000\040\000C\000o\000n\000t\000i\000g\000u\000o\000u\000s\000\040\000D\000y\000n\000a\000m\000i\000c\000\040\000D\000a\000t\000a}{section.10.2}% 240
\BOOKMARK [2][-]{subsection.10.2.2}{\376\377\000M\000e\000c\000h\000a\000n\000i\000s\000m\000\040\000a\000n\000d\000\040\000M\000e\000m\000o\000r\000y\000\040\000L\000a\000y\000o\000u\000t}{section.10.2}% 241
\BOOKMARK [2][-]{subsection.10.2.3}{\376\377\000C\000o\000n\000c\000r\000e\000t\000e\000\040\000E\000x\000a\000m\000p\000l\000e\000:\000\040\000B\000u\000i\000l\000d\000i\000n\000g\000\040\000a\000\040\000V\000e\000c\000t\000o\000r}{section.10.2}% 242
\BOOKMARK [2][-]{subsection.10.2.4}{\376\377\000T\000r\000a\000d\000e\000-\000o\000f\000f\000s}{section.10.2}% 243
\BOOKMARK [2][-]{subsection.10.2.5}{\376\377\000H\000e\000t\000e\000r\000o\000g\000e\000n\000e\000o\000u\000s\000\040\000S\000e\000q\000u\000e\000n\000c\000e\000s\000\040\000v\000i\000a\000\040\000E\000n\000u\000m\000s}{section.10.2}% 244
\BOOKMARK [1][-]{section.10.3}{\376\377\000S\000e\000q\000u\000e\000n\000c\000e\000s\000:\000\040\000D\000o\000u\000b\000l\000e\000-\000E\000n\000d\000e\000d\000\040\000Q\000u\000e\000u\000e\000s\000\040\000\050\000V\000e\000c\000D\000e\000q\000u\000e\000<\000T\000>\000\051}{chapter.10}% 245
\BOOKMARK [2][-]{subsection.10.3.1}{\376\377\000M\000e\000c\000h\000a\000n\000i\000s\000m\000\040\000a\000n\000d\000\040\000M\000e\000m\000o\000r\000y\000\040\000L\000a\000y\000o\000u\000t}{section.10.3}% 246
\BOOKMARK [1][-]{section.10.4}{\376\377\000S\000e\000q\000u\000e\000n\000c\000e\000s\000:\000\040\000L\000i\000n\000k\000e\000d\000\040\000L\000i\000s\000t\000s\000\040\000\050\000L\000i\000n\000k\000e\000d\000L\000i\000s\000t\000<\000T\000>\000\051}{chapter.10}% 247
\BOOKMARK [2][-]{subsection.10.4.1}{\376\377\000M\000e\000c\000h\000a\000n\000i\000s\000m\000\040\000a\000n\000d\000\040\000M\000e\000m\000o\000r\000y\000\040\000L\000a\000y\000o\000u\000t}{section.10.4}% 248
\BOOKMARK [2][-]{subsection.10.4.2}{\376\377\000T\000r\000a\000d\000e\000-\000o\000f\000f\000s}{section.10.4}% 249
\BOOKMARK [1][-]{section.10.5}{\376\377\000T\000e\000x\000t\000\040\000C\000o\000l\000l\000e\000c\000t\000i\000o\000n\000s\000:\000\040\000S\000t\000r\000i\000n\000g\000\040\000v\000s\000\040\000\046\000s\000t\000r}{chapter.10}% 250
\BOOKMARK [2][-]{subsection.10.5.1}{\376\377\000B\000u\000i\000l\000d\000i\000n\000g\000\040\000I\000n\000t\000u\000i\000t\000i\000o\000n}{section.10.5}% 251
\BOOKMARK [2][-]{subsection.10.5.2}{\376\377\000C\000o\000n\000c\000r\000e\000t\000e\000\040\000E\000x\000a\000m\000p\000l\000e\000:\000\040\000C\000o\000n\000v\000e\000r\000s\000i\000o\000n\000s}{section.10.5}% 252
\BOOKMARK [1][-]{section.10.6}{\376\377\000M\000a\000p\000s\000,\000\040\000S\000e\000t\000s\000,\000\040\000a\000n\000d\000\040\000P\000r\000i\000o\000r\000i\000t\000y\000\040\000Q\000u\000e\000u\000e\000s}{chapter.10}% 253
\BOOKMARK [2][-]{subsection.10.6.1}{\376\377\000T\000h\000e\000\040\000P\000r\000o\000b\000l\000e\000m\000\040\000o\000f\000\040\000F\000a\000s\000t\000\040\000L\000o\000o\000k\000u\000p}{section.10.6}% 254
\BOOKMARK [2][-]{subsection.10.6.2}{\376\377\000M\000e\000c\000h\000a\000n\000i\000s\000m\000:\000\040\000H\000a\000s\000h\000i\000n\000g\000\040\000a\000n\000d\000\040\000B\000u\000c\000k\000e\000t\000s}{section.10.6}% 255
\BOOKMARK [2][-]{subsection.10.6.3}{\376\377\000M\000a\000p\000\040\000I\000n\000i\000t\000i\000a\000l\000i\000z\000a\000t\000i\000o\000n\000\040\000a\000n\000d\000\040\000F\000i\000l\000t\000e\000r\000i\000n\000g}{section.10.6}% 256
\BOOKMARK [2][-]{subsection.10.6.4}{\376\377\000C\000o\000n\000c\000r\000e\000t\000e\000\040\000E\000x\000a\000m\000p\000l\000e\000:\000\040\000T\000h\000e\000\040\000E\000n\000t\000r\000y\000\040\000A\000P\000I}{section.10.6}% 257
\BOOKMARK [2][-]{subsection.10.6.5}{\376\377\000S\000e\000t\000s\000:\000\040\000H\000a\000s\000h\000S\000e\000t\000\040\000a\000n\000d\000\040\000B\000T\000r\000e\000e\000S\000e\000t}{section.10.6}% 258
\BOOKMARK [2][-]{subsection.10.6.6}{\376\377\000P\000r\000i\000o\000r\000i\000t\000y\000\040\000Q\000u\000e\000u\000e\000s\000:\000\040\000B\000i\000n\000a\000r\000y\000H\000e\000a\000p}{section.10.6}% 259
\BOOKMARK [1][-]{section.10.7}{\376\377\000P\000e\000r\000s\000i\000s\000t\000e\000n\000c\000e\000:\000\040\000P\000a\000t\000h\000,\000\040\000P\000a\000t\000h\000B\000u\000f\000,\000\040\000a\000n\000d\000\040\000F\000i\000l\000e}{chapter.10}% 260
\BOOKMARK [2][-]{subsection.10.7.1}{\376\377\000P\000a\000t\000h\000s\000:\000\040\000P\000a\000t\000h\000B\000u\000f\000\040\000v\000s\000\040\000P\000a\000t\000h}{section.10.7}% 261
\BOOKMARK [2][-]{subsection.10.7.2}{\376\377\000F\000i\000l\000e\000\040\000S\000y\000s\000t\000e\000m\000\040\000U\000t\000i\000l\000i\000t\000y\000\040\000F\000u\000n\000c\000t\000i\000o\000n\000s}{section.10.7}% 262
\BOOKMARK [2][-]{subsection.10.7.3}{\376\377\000F\000i\000l\000e\000\040\000S\000y\000s\000t\000e\000m\000\040\000O\000p\000e\000r\000a\000t\000i\000o\000n\000s\000\040\000a\000n\000d\000\040\000I\000/\000O\000\040\000T\000r\000a\000i\000t\000s}{section.10.7}% 263
\BOOKMARK [2][-]{subsection.10.7.4}{\376\377\000E\000r\000r\000o\000r\000\040\000H\000a\000n\000d\000l\000i\000n\000g\000\040\000i\000n\000\040\000I\000/\000O}{section.10.7}% 264
\BOOKMARK [2][-]{subsection.10.7.5}{\376\377\000S\000t\000r\000u\000c\000t\000u\000r\000e\000d\000\040\000D\000a\000t\000a\000\040\000S\000e\000r\000i\000a\000l\000i\000z\000a\000t\000i\000o\000n\000\040\000w\000i\000t\000h\000\040\000S\000e\000r\000d\000e}{section.10.7}% 265
\BOOKMARK [1][-]{section.10.8}{\376\377\000C\000l\000o\000s\000u\000r\000e\000s\000\040\000a\000n\000d\000\040\000F\000u\000n\000c\000t\000i\000o\000n\000a\000l\000\040\000T\000r\000a\000i\000t\000s}{chapter.10}% 266
\BOOKMARK [2][-]{subsection.10.8.1}{\376\377\000F\000u\000n\000c\000t\000i\000o\000n\000\040\000P\000o\000i\000n\000t\000e\000r\000s\000\040\000\050\000f\000n\000\051}{section.10.8}% 267
\BOOKMARK [2][-]{subsection.10.8.2}{\376\377\000C\000l\000o\000s\000u\000r\000e\000s\000\040\000a\000n\000d\000\040\000S\000t\000a\000t\000e\000\040\000C\000a\000p\000t\000u\000r\000e}{section.10.8}% 268
\BOOKMARK [1][-]{section.10.9}{\376\377\000D\000o\000m\000a\000n\000d\000e\000\040\000e\000d\000\040\000E\000s\000e\000r\000c\000i\000z\000i\000\040\000d\000a\000\040\000E\000s\000a\000m\000i\000\040\000P\000a\000s\000s\000a\000t\000i}{chapter.10}% 269
\BOOKMARK [0][-]{chapter.11}{\376\377\000S\000m\000a\000r\000t\000\040\000P\000o\000i\000n\000t\000e\000r\000s}{}% 270
\BOOKMARK [1][-]{section.11.1}{\376\377\000E\000x\000c\000l\000u\000s\000i\000v\000e\000\040\000O\000w\000n\000e\000r\000s\000h\000i\000p\000\040\000o\000n\000\040\000t\000h\000e\000\040\000H\000e\000a\000p\000:\000\040\000B\000o\000x\000<\000T\000>}{chapter.11}% 271
\BOOKMARK [1][-]{section.11.2}{\376\377\000S\000h\000a\000r\000e\000d\000\040\000O\000w\000n\000e\000r\000s\000h\000i\000p\000:\000\040\000R\000c\000<\000T\000>\000\040\000a\000n\000d\000\040\000A\000r\000c\000<\000T\000>}{chapter.11}% 272
\BOOKMARK [1][-]{section.11.3}{\376\377\000S\000a\000f\000e\000l\000y\000\040\000M\000u\000t\000a\000t\000i\000n\000g\000\040\000S\000h\000a\000r\000e\000d\000\040\000D\000a\000t\000a}{chapter.11}% 273
\BOOKMARK [1][-]{section.11.4}{\376\377\000B\000r\000e\000a\000k\000i\000n\000g\000\040\000C\000y\000c\000l\000e\000s\000\040\000w\000i\000t\000h\000\040\000W\000e\000a\000k\000<\000T\000>}{chapter.11}% 274
\BOOKMARK [1][-]{section.11.5}{\376\377\000D\000o\000m\000a\000n\000d\000e\000\040\000e\000d\000\040\000E\000s\000e\000r\000c\000i\000z\000i\000\040\000d\000a\000\040\000E\000s\000a\000m\000i\000\040\000P\000a\000s\000s\000a\000t\000i}{chapter.11}% 275
\BOOKMARK [0][-]{chapter.12}{\376\377\000C\000l\000o\000s\000u\000r\000e\000s\000\040\000a\000n\000d\000\040\000I\000t\000e\000r\000a\000t\000o\000r\000s}{}% 276
\BOOKMARK [1][-]{section.12.1}{\376\377\000I\000n\000t\000r\000o\000d\000u\000c\000t\000i\000o\000n\000\040\000t\000o\000\040\000C\000l\000o\000s\000u\000r\000e\000s}{chapter.12}% 277
\BOOKMARK [2][-]{subsection.12.1.1}{\376\377\000B\000u\000i\000l\000d\000i\000n\000g\000\040\000I\000n\000t\000u\000i\000t\000i\000o\000n\000:\000\040\000C\000a\000p\000t\000u\000r\000i\000n\000g\000\040\000t\000h\000e\000\040\000E\000n\000v\000i\000r\000o\000n\000m\000e\000n\000t}{section.12.1}% 278
\BOOKMARK [2][-]{subsection.12.1.2}{\376\377\000T\000h\000e\000\040\000C\000l\000o\000s\000u\000r\000e\000\040\000T\000r\000a\000i\000t\000s\000:\000\040\000F\000n\000O\000n\000c\000e\000,\000\040\000F\000n\000M\000u\000t\000,\000\040\000a\000n\000d\000\040\000F\000n}{section.12.1}% 279
\BOOKMARK [2][-]{subsection.12.1.3}{\376\377\000P\000a\000s\000s\000i\000n\000g\000\040\000a\000n\000d\000\040\000R\000e\000t\000u\000r\000n\000i\000n\000g\000\040\000C\000l\000o\000s\000u\000r\000e\000s}{section.12.1}% 280
\BOOKMARK [1][-]{section.12.2}{\376\377\000I\000t\000e\000r\000a\000t\000o\000r\000s\000:\000\040\000T\000h\000e\000\040\000C\000o\000r\000e\000\040\000C\000o\000n\000c\000e\000p\000t}{chapter.12}% 281
\BOOKMARK [2][-]{subsection.12.2.1}{\376\377\000T\000h\000e\000\040\000I\000t\000e\000r\000a\000t\000o\000r\000\040\000T\000r\000a\000i\000t}{section.12.2}% 282
\BOOKMARK [2][-]{subsection.12.2.2}{\376\377\000I\000t\000e\000r\000a\000t\000i\000o\000n\000\040\000M\000o\000d\000e\000s}{section.12.2}% 283
\BOOKMARK [1][-]{section.12.3}{\376\377\000T\000h\000e\000\040\000I\000t\000e\000r\000a\000t\000o\000r\000\040\000P\000i\000p\000e\000l\000i\000n\000e\000:\000\040\000A\000d\000a\000p\000t\000e\000r\000s\000\040\000a\000n\000d\000\040\000C\000o\000n\000s\000u\000m\000e\000r\000s}{chapter.12}% 284
\BOOKMARK [2][-]{subsection.12.3.1}{\376\377\000L\000a\000z\000y\000\040\000E\000v\000a\000l\000u\000a\000t\000i\000o\000n}{section.12.3}% 285
\BOOKMARK [2][-]{subsection.12.3.2}{\376\377\000A\000d\000a\000p\000t\000e\000r\000s}{section.12.3}% 286
\BOOKMARK [2][-]{subsection.12.3.3}{\376\377\000C\000o\000n\000s\000u\000m\000e\000r\000s}{section.12.3}% 287
\BOOKMARK [2][-]{subsection.12.3.4}{\376\377\000U\000n\000d\000e\000r\000s\000t\000a\000n\000d\000i\000n\000g\000\040\000f\000o\000l\000d}{section.12.3}% 288
\BOOKMARK [1][-]{section.12.4}{\376\377\000I\000m\000p\000l\000e\000m\000e\000n\000t\000i\000n\000g\000\040\000C\000u\000s\000t\000o\000m\000\040\000I\000t\000e\000r\000a\000t\000o\000r\000s}{chapter.12}% 289
\BOOKMARK [1][-]{section.12.5}{\376\377\000D\000o\000m\000a\000n\000d\000e\000\040\000e\000d\000\040\000E\000s\000e\000r\000c\000i\000z\000i\000\040\000d\000a\000\040\000E\000s\000a\000m\000i\000\040\000P\000a\000s\000s\000a\000t\000i}{chapter.12}% 290
\BOOKMARK [0][-]{chapter.13}{\376\377\000A\000s\000y\000n\000c\000h\000r\000o\000n\000o\000u\000s\000\040\000P\000r\000o\000g\000r\000a\000m\000m\000i\000n\000g}{}% 291
\BOOKMARK [1][-]{section.13.1}{\376\377\000I\000n\000t\000r\000o\000d\000u\000c\000t\000i\000o\000n\000:\000\040\000T\000h\000e\000\040\000W\000a\000i\000t\000i\000n\000g\000\040\000P\000r\000o\000b\000l\000e\000m}{chapter.13}% 292
\BOOKMARK [1][-]{section.13.2}{\376\377\000S\000t\000r\000a\000t\000e\000g\000i\000e\000s\000\040\000f\000o\000r\000\040\000H\000a\000n\000d\000l\000i\000n\000g\000\040\000C\000o\000n\000c\000u\000r\000r\000e\000n\000c\000y}{chapter.13}% 293
\BOOKMARK [1][-]{section.13.3}{\376\377\000F\000r\000o\000m\000\040\000C\000a\000l\000l\000b\000a\000c\000k\000s\000\040\000t\000o\000\040\000S\000t\000a\000t\000e\000\040\000M\000a\000c\000h\000i\000n\000e\000s}{chapter.13}% 294
\BOOKMARK [2][-]{subsection.13.3.1}{\376\377\000T\000h\000e\000\040\000a\000s\000y\000n\000c\000/\000a\000w\000a\000i\000t\000\040\000T\000r\000a\000n\000s\000f\000o\000r\000m\000a\000t\000i\000o\000n}{section.13.3}% 295
\BOOKMARK [1][-]{section.13.4}{\376\377\000F\000o\000r\000m\000a\000l\000i\000z\000i\000n\000g\000\040\000t\000h\000e\000\040\000M\000e\000c\000h\000a\000n\000i\000s\000m\000:\000\040\000T\000h\000e\000\040\000F\000u\000t\000u\000r\000e\000\040\000T\000r\000a\000i\000t}{chapter.13}% 296
\BOOKMARK [2][-]{subsection.13.4.1}{\376\377\000U\000n\000d\000e\000r\000s\000t\000a\000n\000d\000i\000n\000g\000\040\000P\000i\000n\000\040\000a\000n\000d\000\040\000C\000o\000n\000t\000e\000x\000t}{section.13.4}% 297
\BOOKMARK [2][-]{subsection.13.4.2}{\376\377\000O\000w\000n\000e\000r\000s\000h\000i\000p\000\040\000A\000c\000r\000o\000s\000s\000\040\000T\000i\000m\000e}{section.13.4}% 298
\BOOKMARK [1][-]{section.13.5}{\376\377\000E\000x\000e\000c\000u\000t\000o\000r\000s\000\040\000a\000n\000d\000\040\000t\000h\000e\000\040\000R\000u\000n\000t\000i\000m\000e}{chapter.13}% 299
\BOOKMARK [1][-]{section.13.6}{\376\377\000W\000o\000r\000k\000i\000n\000g\000\040\000w\000i\000t\000h\000\040\000T\000o\000k\000i\000o}{chapter.13}% 300
\BOOKMARK [2][-]{subsection.13.6.1}{\376\377\000C\000o\000n\000c\000u\000r\000r\000e\000n\000t\000\040\000T\000a\000s\000k\000\040\000S\000p\000a\000w\000n\000i\000n\000g}{section.13.6}% 301
\BOOKMARK [2][-]{subsection.13.6.2}{\376\377\000C\000o\000o\000r\000d\000i\000n\000a\000t\000i\000n\000g\000\040\000T\000a\000s\000k\000s\000:\000\040\000j\000o\000i\000n\000!\000\040\000a\000n\000d\000\040\000s\000e\000l\000e\000c\000t\000!}{section.13.6}% 302
\BOOKMARK [1][-]{section.13.7}{\376\377\000S\000h\000a\000r\000i\000n\000g\000\040\000S\000t\000a\000t\000e\000\040\000a\000n\000d\000\040\000C\000o\000m\000m\000u\000n\000i\000c\000a\000t\000i\000n\000g}{chapter.13}% 303
\BOOKMARK [2][-]{subsection.13.7.1}{\376\377\000S\000h\000a\000r\000e\000d\000\040\000S\000t\000a\000t\000e\000:\000\040\000A\000r\000c\000<\000t\000o\000k\000i\000o\000:\000:\000s\000y\000n\000c\000:\000:\000M\000u\000t\000e\000x\000<\000T\000>\000>}{section.13.7}% 304
\BOOKMARK [2][-]{subsection.13.7.2}{\376\377\000M\000e\000s\000s\000a\000g\000e\000\040\000P\000a\000s\000s\000i\000n\000g\000:\000\040\000C\000h\000a\000n\000n\000e\000l\000s}{section.13.7}% 305
\BOOKMARK [1][-]{section.13.8}{\376\377\000D\000o\000m\000a\000n\000d\000e\000\040\000e\000d\000\040\000E\000s\000e\000r\000c\000i\000z\000i\000\040\000d\000a\000\040\000E\000s\000a\000m\000i\000\040\000P\000a\000s\000s\000a\000t\000i}{chapter.13}% 306
\BOOKMARK [0][-]{chapter.14}{\376\377\000A\000s\000y\000n\000c\000h\000r\000o\000n\000o\000u\000s\000\040\000C\000o\000n\000c\000u\000r\000r\000e\000n\000c\000y}{}% 307
\BOOKMARK [1][-]{section.14.1}{\376\377\000T\000h\000e\000\040\000L\000i\000m\000i\000t\000s\000\040\000o\000f\000\040\000S\000t\000a\000n\000d\000a\000r\000d\000\040\000T\000h\000r\000e\000a\000d\000s}{chapter.14}% 308
\BOOKMARK [1][-]{section.14.2}{\376\377\000T\000h\000e\000\040\000R\000u\000s\000t\000\040\000A\000s\000y\000n\000c\000\040\000M\000o\000d\000e\000l\000:\000\040\000C\000o\000o\000p\000e\000r\000a\000t\000i\000v\000e\000\040\000S\000c\000h\000e\000d\000u\000l\000i\000n\000g}{chapter.14}% 309
\BOOKMARK [2][-]{subsection.14.2.1}{\376\377\000T\000h\000e\000\040\000F\000u\000t\000u\000r\000e\000\040\000T\000r\000a\000i\000t\000\040\000a\000n\000d\000\040\000S\000t\000a\000t\000e\000\040\000M\000a\000c\000h\000i\000n\000e\000s}{section.14.2}% 310
\BOOKMARK [2][-]{subsection.14.2.2}{\376\377\000T\000h\000e\000\040\000E\000x\000e\000c\000u\000t\000o\000r\000\040\000a\000n\000d\000\040\000t\000h\000e\000\040\000W\000a\000k\000e\000r}{section.14.2}% 311
\BOOKMARK [1][-]{section.14.3}{\376\377\000B\000u\000i\000l\000d\000i\000n\000g\000\040\000A\000s\000y\000n\000c\000\040\000P\000r\000o\000g\000r\000a\000m\000s\000\040\000w\000i\000t\000h\000\040\000T\000o\000k\000i\000o}{chapter.14}% 312
\BOOKMARK [2][-]{subsection.14.3.1}{\376\377\000S\000p\000a\000w\000n\000i\000n\000g\000\040\000I\000n\000d\000e\000p\000e\000n\000d\000e\000n\000t\000\040\000T\000a\000s\000k\000s\000:\000\040\000t\000o\000k\000i\000o\000:\000:\000s\000p\000a\000w\000n}{section.14.3}% 313
\BOOKMARK [2][-]{subsection.14.3.2}{\376\377\000C\000o\000m\000b\000i\000n\000i\000n\000g\000\040\000F\000u\000t\000u\000r\000e\000s\000:\000\040\000j\000o\000i\000n\000!\000\040\000a\000n\000d\000\040\000s\000e\000l\000e\000c\000t\000!}{section.14.3}% 314
\BOOKMARK [2][-]{subsection.14.3.3}{\376\377\000A\000v\000o\000i\000d\000i\000n\000g\000\040\000E\000x\000e\000c\000u\000t\000o\000r\000\040\000S\000t\000a\000r\000v\000a\000t\000i\000o\000n}{section.14.3}% 315
\BOOKMARK [1][-]{section.14.4}{\376\377\000S\000h\000a\000r\000e\000d\000\040\000S\000t\000a\000t\000e\000\040\000a\000n\000d\000\040\000S\000y\000n\000c\000h\000r\000o\000n\000i\000z\000a\000t\000i\000o\000n}{chapter.14}% 316
\BOOKMARK [2][-]{subsection.14.4.1}{\376\377\000S\000y\000n\000c\000h\000r\000o\000n\000o\000u\000s\000\040\000C\000o\000o\000r\000d\000i\000n\000a\000t\000i\000o\000n\000:\000\040\000M\000u\000t\000e\000x\000\040\000a\000n\000d\000\040\000C\000o\000n\000d\000v\000a\000r\000\040\000\050\000B\000o\000u\000n\000d\000e\000d\000\040\000B\000u\000f\000f\000e\000r\000\051}{section.14.4}% 317
\BOOKMARK [1][-]{section.14.5}{\376\377\000M\000e\000s\000s\000a\000g\000e\000\040\000P\000a\000s\000s\000i\000n\000g\000:\000\040\000C\000h\000a\000n\000n\000e\000l\000s\000\040\000i\000n\000\040\000T\000o\000k\000i\000o}{chapter.14}% 318
\BOOKMARK [2][-]{subsection.14.5.1}{\376\377\000B\000a\000c\000k\000p\000r\000e\000s\000s\000u\000r\000e\000\040\000a\000n\000d\000\040\000t\000h\000e\000\040\000M\000P\000S\000C\000\040\000C\000h\000a\000n\000n\000e\000l}{section.14.5}% 319
\BOOKMARK [2][-]{subsection.14.5.2}{\376\377\000C\000o\000m\000m\000o\000n\000\040\000C\000h\000a\000n\000n\000e\000l\000\040\000P\000a\000t\000t\000e\000r\000n\000s}{section.14.5}% 320
\BOOKMARK [1][-]{section.14.6}{\376\377\000C\000h\000o\000o\000s\000i\000n\000g\000\040\000B\000e\000t\000w\000e\000e\000n\000\040\000S\000h\000a\000r\000e\000d\000\040\000S\000t\000a\000t\000e\000\040\000a\000n\000d\000\040\000C\000h\000a\000n\000n\000e\000l\000s}{chapter.14}% 321
\BOOKMARK [1][-]{section.14.7}{\376\377\000D\000o\000m\000a\000n\000d\000e\000\040\000e\000d\000\040\000E\000s\000e\000r\000c\000i\000z\000i\000\040\000d\000a\000\040\000E\000s\000a\000m\000i\000\040\000P\000a\000s\000s\000a\000t\000i}{chapter.14}% 322
\BOOKMARK [0][-]{chapter.15}{\376\377\000U\000n\000s\000a\000f\000e\000\040\000R\000u\000s\000t\000\040\000a\000n\000d\000\040\000F\000F\000I}{}% 323
\BOOKMARK [1][-]{section.15.1}{\376\377\000B\000r\000e\000a\000k\000i\000n\000g\000\040\000t\000h\000e\000\040\000R\000u\000l\000e\000s\000\040\000\050\000C\000a\000r\000e\000f\000u\000l\000l\000y\000\051\000:\000\040\000T\000h\000e\000\040\000N\000e\000e\000d\000\040\000f\000o\000r\000\040\000U\000n\000s\000a\000f\000e\000\040\000R\000u\000s\000t}{chapter.15}% 324
\BOOKMARK [1][-]{section.15.2}{\376\377\000R\000a\000w\000\040\000P\000o\000i\000n\000t\000e\000r\000s\000:\000\040\000B\000y\000p\000a\000s\000s\000i\000n\000g\000\040\000t\000h\000e\000\040\000B\000o\000r\000r\000o\000w\000\040\000C\000h\000e\000c\000k\000e\000r}{chapter.15}% 325
\BOOKMARK [2][-]{subsection.15.2.1}{\376\377\000C\000r\000e\000a\000t\000i\000n\000g\000\040\000a\000n\000d\000\040\000D\000e\000r\000e\000f\000e\000r\000e\000n\000c\000i\000n\000g\000\040\000R\000a\000w\000\040\000P\000o\000i\000n\000t\000e\000r\000s}{section.15.2}% 326
\BOOKMARK [1][-]{section.15.3}{\376\377\000U\000n\000s\000a\000f\000e\000\040\000F\000u\000n\000c\000t\000i\000o\000n\000s\000\040\000a\000n\000d\000\040\000S\000a\000f\000e\000\040\000A\000b\000s\000t\000r\000a\000c\000t\000i\000o\000n\000s}{chapter.15}% 327
\BOOKMARK [2][-]{subsection.15.3.1}{\376\377\000T\000h\000e\000\040\000P\000h\000i\000l\000o\000s\000o\000p\000h\000y\000\040\000o\000f\000\040\000S\000a\000f\000e\000\040\000A\000b\000s\000t\000r\000a\000c\000t\000i\000o\000n\000s}{section.15.3}% 328
\BOOKMARK [2][-]{subsection.15.3.2}{\376\377\000U\000n\000s\000a\000f\000e\000\040\000T\000r\000a\000i\000t\000s\000:\000\040\000S\000e\000n\000d\000\040\000a\000n\000d\000\040\000S\000y\000n\000c}{section.15.3}% 329
\BOOKMARK [2][-]{subsection.15.3.3}{\376\377\000D\000e\000m\000o\000n\000s\000t\000r\000a\000t\000i\000n\000g\000\040\000U\000n\000d\000e\000f\000i\000n\000e\000d\000\040\000B\000e\000h\000a\000v\000i\000o\000r\000:\000\040\000F\000o\000r\000c\000i\000n\000g\000\040\000a\000\040\000D\000a\000t\000a\000\040\000R\000a\000c\000e}{section.15.3}% 330
\BOOKMARK [1][-]{section.15.4}{\376\377\000F\000o\000r\000e\000i\000g\000n\000\040\000F\000u\000n\000c\000t\000i\000o\000n\000\040\000I\000n\000t\000e\000r\000f\000a\000c\000e\000\040\000\050\000F\000F\000I\000\051}{chapter.15}% 331
\BOOKMARK [2][-]{subsection.15.4.1}{\376\377\000C\000a\000l\000l\000i\000n\000g\000\040\000C\000\040\000f\000r\000o\000m\000\040\000R\000u\000s\000t}{section.15.4}% 332
\BOOKMARK [2][-]{subsection.15.4.2}{\376\377\000C\000a\000l\000l\000i\000n\000g\000\040\000R\000u\000s\000t\000\040\000f\000r\000o\000m\000\040\000C}{section.15.4}% 333
\BOOKMARK [1][-]{section.15.5}{\376\377\000T\000r\000a\000d\000e\000-\000o\000f\000f\000s\000:\000\040\000P\000e\000r\000f\000o\000r\000m\000a\000n\000c\000e\000\040\000v\000s\000.\000\040\000C\000o\000r\000r\000e\000c\000t\000n\000e\000s\000s}{chapter.15}% 334
\BOOKMARK [1][-]{section.15.6}{\376\377\000D\000o\000m\000a\000n\000d\000e\000\040\000e\000d\000\040\000E\000s\000e\000r\000c\000i\000z\000i\000\040\000d\000a\000\040\000E\000s\000a\000m\000i\000\040\000P\000a\000s\000s\000a\000t\000i}{chapter.15}% 335
\BOOKMARK [0][-]{chapter.16}{\376\377\000E\000x\000a\000m\000\040\000S\000t\000r\000a\000t\000e\000g\000i\000e\000s\000\040\000a\000n\000d\000\040\000P\000a\000s\000t\000\040\000E\000x\000e\000r\000c\000i\000s\000e\000s}{}% 336
\BOOKMARK [1][-]{section.16.1}{\376\377\000M\000a\000s\000t\000e\000r\000i\000n\000g\000\040\000t\000h\000e\000\040\000F\000i\000n\000a\000l\000\040\000E\000x\000a\000m}{chapter.16}% 337
\BOOKMARK [1][-]{section.16.2}{\376\377\000T\000y\000p\000e\000\040\0001\000:\000\040\000M\000e\000m\000o\000r\000y\000\040\000L\000a\000y\000o\000u\000t\000\040\000\046\000\040\000S\000i\000z\000i\000n\000g\000\040\000A\000n\000a\000l\000y\000s\000i\000s}{chapter.16}% 338
\BOOKMARK [1][-]{section.16.3}{\376\377\000T\000y\000p\000e\000\040\0002\000:\000\040\000T\000h\000e\000o\000r\000e\000t\000i\000c\000a\000l\000\040\000C\000o\000n\000c\000u\000r\000r\000e\000n\000c\000y\000\040\000C\000o\000n\000c\000e\000p\000t\000s}{chapter.16}% 339
\BOOKMARK [1][-]{section.16.4}{\376\377\000T\000y\000p\000e\000\040\0003\000:\000\040\000L\000o\000w\000-\000L\000e\000v\000e\000l\000\040\000C\000o\000n\000c\000u\000r\000r\000e\000n\000c\000y\000\040\000I\000m\000p\000l\000e\000m\000e\000n\000t\000a\000t\000i\000o\000n}{chapter.16}% 340
